17:34:45 **** Incremental Build of configuration Debug for project ESP_WIFI ****
make -j16 all 
arm-none-eabi-gcc "../Core/Src/WIFI.c" -mcpu=cortex-m7 -std=gnu11 -g3 -DDEBUG -DUSE_HAL_DRIVER -DSTM32F767xx -c -I../Core/Inc -I../Drivers/STM32F7xx_HAL_Driver/Inc -I../Drivers/STM32F7xx_HAL_Driver/Inc/Legacy -I../Drivers/CMSIS/Device/ST/STM32F7xx/Include -I../Drivers/CMSIS/Include -O0 -ffunction-sections -fdata-sections -Wall -fstack-usage -fcyclomatic-complexity -MMD -MP -MF"Core/Src/WIFI.d" -MT"Core/Src/WIFI.o" --specs=nano.specs -mfpu=fpv5-d16 -mfloat-abi=hard -mthumb -o "Core/Src/WIFI.o"
arm-none-eabi-gcc -o "ESP_WIFI.elf" @"objects.list"   -mcpu=cortex-m7 -T"C:\Users\harun\Documents\GitHub\Personal-Projects\microFlipper\WifiModule\ESP_WIFI\STM32F767ZITX_FLASH.ld" --specs=nosys.specs -Wl,-Map="ESP_WIFI.map" -Wl,--gc-sections -static --specs=nano.specs -mfpu=fpv5-d16 -mfloat-abi=hard -mthumb -Wl,--start-group -lc -lm -Wl,--end-group
Finished building target: ESP_WIFI.elf
 
arm-none-eabi-size  ESP_WIFI.elf 
arm-none-eabi-objdump -h -S ESP_WIFI.elf  > "ESP_WIFI.list"
   text	   data	    bss	    dec	    hex	filename
  19500	     92	   6612	  26204	   665c	ESP_WIFI.elf
Finished building: default.size.stdout
 
Finished building: ESP_WIFI.list
 

17:34:46 Build Finished. 0 errors, 0 warnings. (took 861ms)

