12:42:16 **** Build of configuration Debug for project ESP_WIFI ****
make -j16 all 
arm-none-eabi-gcc "../Drivers/STM32F7xx_HAL_Driver/Src/stm32f7xx_hal.c" -mcpu=cortex-m7 -std=gnu11 -g3 -DDEBUG -DUSE_HAL_DRIVER -DSTM32F767xx -c -I../Core/Inc -I../Drivers/STM32F7xx_HAL_Driver/Inc -I../Drivers/STM32F7xx_HAL_Driver/Inc/Legacy -I../Drivers/CMSIS/Device/ST/STM32F7xx/Include -I../Drivers/CMSIS/Include -O0 -ffunction-sections -fdata-sections -Wall -fstack-usage -fcyclomatic-complexity -MMD -MP -MF"Drivers/STM32F7xx_HAL_Driver/Src/stm32f7xx_hal.d" -MT"Drivers/STM32F7xx_HAL_Driver/Src/stm32f7xx_hal.o" --specs=nano.specs -mfpu=fpv5-d16 -mfloat-abi=hard -mthumb -o "Drivers/STM32F7xx_HAL_Driver/Src/stm32f7xx_hal.o"
arm-none-eabi-gcc "../Drivers/STM32F7xx_HAL_Driver/Src/stm32f7xx_hal_cortex.c" -mcpu=cortex-m7 -std=gnu11 -g3 -DDEBUG -DUSE_HAL_DRIVER -DSTM32F767xx -c -I../Core/Inc -I../Drivers/STM32F7xx_HAL_Driver/Inc -I../Drivers/STM32F7xx_HAL_Driver/Inc/Legacy -I../Drivers/CMSIS/Device/ST/STM32F7xx/Include -I../Drivers/CMSIS/Include -O0 -ffunction-sections -fdata-sections -Wall -fstack-usage -fcyclomatic-complexity -MMD -MP -MF"Drivers/STM32F7xx_HAL_Driver/Src/stm32f7xx_hal_cortex.d" -MT"Drivers/STM32F7xx_HAL_Driver/Src/stm32f7xx_hal_cortex.o" --specs=nano.specs -mfpu=fpv5-d16 -mfloat-abi=hard -mthumb -o "Drivers/STM32F7xx_HAL_Driver/Src/stm32f7xx_hal_cortex.o"
arm-none-eabi-gcc "../Drivers/STM32F7xx_HAL_Driver/Src/stm32f7xx_hal_dma.c" -mcpu=cortex-m7 -std=gnu11 -g3 -DDEBUG -DUSE_HAL_DRIVER -DSTM32F767xx -c -I../Core/Inc -I../Drivers/STM32F7xx_HAL_Driver/Inc -I../Drivers/STM32F7xx_HAL_Driver/Inc/Legacy -I../Drivers/CMSIS/Device/ST/STM32F7xx/Include -I../Drivers/CMSIS/Include -O0 -ffunction-sections -fdata-sections -Wall -fstack-usage -fcyclomatic-complexity -MMD -MP -MF"Drivers/STM32F7xx_HAL_Driver/Src/stm32f7xx_hal_dma.d" -MT"Drivers/STM32F7xx_HAL_Driver/Src/stm32f7xx_hal_dma.o" --specs=nano.specs -mfpu=fpv5-d16 -mfloat-abi=hard -mthumb -o "Drivers/STM32F7xx_HAL_Driver/Src/stm32f7xx_hal_dma.o"
arm-none-eabi-gcc "../Drivers/STM32F7xx_HAL_Driver/Src/stm32f7xx_hal_dma_ex.c" -mcpu=cortex-m7 -std=gnu11 -g3 -DDEBUG -DUSE_HAL_DRIVER -DSTM32F767xx -c -I../Core/Inc -I../Drivers/STM32F7xx_HAL_Driver/Inc -I../Drivers/STM32F7xx_HAL_Driver/Inc/Legacy -I../Drivers/CMSIS/Device/ST/STM32F7xx/Include -I../Drivers/CMSIS/Include -O0 -ffunction-sections -fdata-sections -Wall -fstack-usage -fcyclomatic-complexity -MMD -MP -MF"Drivers/STM32F7xx_HAL_Driver/Src/stm32f7xx_hal_dma_ex.d" -MT"Drivers/STM32F7xx_HAL_Driver/Src/stm32f7xx_hal_dma_ex.o" --specs=nano.specs -mfpu=fpv5-d16 -mfloat-abi=hard -mthumb -o "Drivers/STM32F7xx_HAL_Driver/Src/stm32f7xx_hal_dma_ex.o"
arm-none-eabi-gcc "../Drivers/STM32F7xx_HAL_Driver/Src/stm32f7xx_hal_exti.c" -mcpu=cortex-m7 -std=gnu11 -g3 -DDEBUG -DUSE_HAL_DRIVER -DSTM32F767xx -c -I../Core/Inc -I../Drivers/STM32F7xx_HAL_Driver/Inc -I../Drivers/STM32F7xx_HAL_Driver/Inc/Legacy -I../Drivers/CMSIS/Device/ST/STM32F7xx/Include -I../Drivers/CMSIS/Include -O0 -ffunction-sections -fdata-sections -Wall -fstack-usage -fcyclomatic-complexity -MMD -MP -MF"Drivers/STM32F7xx_HAL_Driver/Src/stm32f7xx_hal_exti.d" -MT"Drivers/STM32F7xx_HAL_Driver/Src/stm32f7xx_hal_exti.o" --specs=nano.specs -mfpu=fpv5-d16 -mfloat-abi=hard -mthumb -o "Drivers/STM32F7xx_HAL_Driver/Src/stm32f7xx_hal_exti.o"
arm-none-eabi-gcc "../Drivers/STM32F7xx_HAL_Driver/Src/stm32f7xx_hal_flash.c" -mcpu=cortex-m7 -std=gnu11 -g3 -DDEBUG -DUSE_HAL_DRIVER -DSTM32F767xx -c -I../Core/Inc -I../Drivers/STM32F7xx_HAL_Driver/Inc -I../Drivers/STM32F7xx_HAL_Driver/Inc/Legacy -I../Drivers/CMSIS/Device/ST/STM32F7xx/Include -I../Drivers/CMSIS/Include -O0 -ffunction-sections -fdata-sections -Wall -fstack-usage -fcyclomatic-complexity -MMD -MP -MF"Drivers/STM32F7xx_HAL_Driver/Src/stm32f7xx_hal_flash.d" -MT"Drivers/STM32F7xx_HAL_Driver/Src/stm32f7xx_hal_flash.o" --specs=nano.specs -mfpu=fpv5-d16 -mfloat-abi=hard -mthumb -o "Drivers/STM32F7xx_HAL_Driver/Src/stm32f7xx_hal_flash.o"
arm-none-eabi-gcc "../Drivers/STM32F7xx_HAL_Driver/Src/stm32f7xx_hal_flash_ex.c" -mcpu=cortex-m7 -std=gnu11 -g3 -DDEBUG -DUSE_HAL_DRIVER -DSTM32F767xx -c -I../Core/Inc -I../Drivers/STM32F7xx_HAL_Driver/Inc -I../Drivers/STM32F7xx_HAL_Driver/Inc/Legacy -I../Drivers/CMSIS/Device/ST/STM32F7xx/Include -I../Drivers/CMSIS/Include -O0 -ffunction-sections -fdata-sections -Wall -fstack-usage -fcyclomatic-complexity -MMD -MP -MF"Drivers/STM32F7xx_HAL_Driver/Src/stm32f7xx_hal_flash_ex.d" -MT"Drivers/STM32F7xx_HAL_Driver/Src/stm32f7xx_hal_flash_ex.o" --specs=nano.specs -mfpu=fpv5-d16 -mfloat-abi=hard -mthumb -o "Drivers/STM32F7xx_HAL_Driver/Src/stm32f7xx_hal_flash_ex.o"
arm-none-eabi-gcc "../Drivers/STM32F7xx_HAL_Driver/Src/stm32f7xx_hal_gpio.c" -mcpu=cortex-m7 -std=gnu11 -g3 -DDEBUG -DUSE_HAL_DRIVER -DSTM32F767xx -c -I../Core/Inc -I../Drivers/STM32F7xx_HAL_Driver/Inc -I../Drivers/STM32F7xx_HAL_Driver/Inc/Legacy -I../Drivers/CMSIS/Device/ST/STM32F7xx/Include -I../Drivers/CMSIS/Include -O0 -ffunction-sections -fdata-sections -Wall -fstack-usage -fcyclomatic-complexity -MMD -MP -MF"Drivers/STM32F7xx_HAL_Driver/Src/stm32f7xx_hal_gpio.d" -MT"Drivers/STM32F7xx_HAL_Driver/Src/stm32f7xx_hal_gpio.o" --specs=nano.specs -mfpu=fpv5-d16 -mfloat-abi=hard -mthumb -o "Drivers/STM32F7xx_HAL_Driver/Src/stm32f7xx_hal_gpio.o"
arm-none-eabi-gcc "../Drivers/STM32F7xx_HAL_Driver/Src/stm32f7xx_hal_i2c.c" -mcpu=cortex-m7 -std=gnu11 -g3 -DDEBUG -DUSE_HAL_DRIVER -DSTM32F767xx -c -I../Core/Inc -I../Drivers/STM32F7xx_HAL_Driver/Inc -I../Drivers/STM32F7xx_HAL_Driver/Inc/Legacy -I../Drivers/CMSIS/Device/ST/STM32F7xx/Include -I../Drivers/CMSIS/Include -O0 -ffunction-sections -fdata-sections -Wall -fstack-usage -fcyclomatic-complexity -MMD -MP -MF"Drivers/STM32F7xx_HAL_Driver/Src/stm32f7xx_hal_i2c.d" -MT"Drivers/STM32F7xx_HAL_Driver/Src/stm32f7xx_hal_i2c.o" --specs=nano.specs -mfpu=fpv5-d16 -mfloat-abi=hard -mthumb -o "Drivers/STM32F7xx_HAL_Driver/Src/stm32f7xx_hal_i2c.o"
arm-none-eabi-gcc "../Drivers/STM32F7xx_HAL_Driver/Src/stm32f7xx_hal_i2c_ex.c" -mcpu=cortex-m7 -std=gnu11 -g3 -DDEBUG -DUSE_HAL_DRIVER -DSTM32F767xx -c -I../Core/Inc -I../Drivers/STM32F7xx_HAL_Driver/Inc -I../Drivers/STM32F7xx_HAL_Driver/Inc/Legacy -I../Drivers/CMSIS/Device/ST/STM32F7xx/Include -I../Drivers/CMSIS/Include -O0 -ffunction-sections -fdata-sections -Wall -fstack-usage -fcyclomatic-complexity -MMD -MP -MF"Drivers/STM32F7xx_HAL_Driver/Src/stm32f7xx_hal_i2c_ex.d" -MT"Drivers/STM32F7xx_HAL_Driver/Src/stm32f7xx_hal_i2c_ex.o" --specs=nano.specs -mfpu=fpv5-d16 -mfloat-abi=hard -mthumb -o "Drivers/STM32F7xx_HAL_Driver/Src/stm32f7xx_hal_i2c_ex.o"
arm-none-eabi-gcc "../Drivers/STM32F7xx_HAL_Driver/Src/stm32f7xx_hal_pwr.c" -mcpu=cortex-m7 -std=gnu11 -g3 -DDEBUG -DUSE_HAL_DRIVER -DSTM32F767xx -c -I../Core/Inc -I../Drivers/STM32F7xx_HAL_Driver/Inc -I../Drivers/STM32F7xx_HAL_Driver/Inc/Legacy -I../Drivers/CMSIS/Device/ST/STM32F7xx/Include -I../Drivers/CMSIS/Include -O0 -ffunction-sections -fdata-sections -Wall -fstack-usage -fcyclomatic-complexity -MMD -MP -MF"Drivers/STM32F7xx_HAL_Driver/Src/stm32f7xx_hal_pwr.d" -MT"Drivers/STM32F7xx_HAL_Driver/Src/stm32f7xx_hal_pwr.o" --specs=nano.specs -mfpu=fpv5-d16 -mfloat-abi=hard -mthumb -o "Drivers/STM32F7xx_HAL_Driver/Src/stm32f7xx_hal_pwr.o"
arm-none-eabi-gcc "../Drivers/STM32F7xx_HAL_Driver/Src/stm32f7xx_hal_pwr_ex.c" -mcpu=cortex-m7 -std=gnu11 -g3 -DDEBUG -DUSE_HAL_DRIVER -DSTM32F767xx -c -I../Core/Inc -I../Drivers/STM32F7xx_HAL_Driver/Inc -I../Drivers/STM32F7xx_HAL_Driver/Inc/Legacy -I../Drivers/CMSIS/Device/ST/STM32F7xx/Include -I../Drivers/CMSIS/Include -O0 -ffunction-sections -fdata-sections -Wall -fstack-usage -fcyclomatic-complexity -MMD -MP -MF"Drivers/STM32F7xx_HAL_Driver/Src/stm32f7xx_hal_pwr_ex.d" -MT"Drivers/STM32F7xx_HAL_Driver/Src/stm32f7xx_hal_pwr_ex.o" --specs=nano.specs -mfpu=fpv5-d16 -mfloat-abi=hard -mthumb -o "Drivers/STM32F7xx_HAL_Driver/Src/stm32f7xx_hal_pwr_ex.o"
arm-none-eabi-gcc "../Drivers/STM32F7xx_HAL_Driver/Src/stm32f7xx_hal_rcc.c" -mcpu=cortex-m7 -std=gnu11 -g3 -DDEBUG -DUSE_HAL_DRIVER -DSTM32F767xx -c -I../Core/Inc -I../Drivers/STM32F7xx_HAL_Driver/Inc -I../Drivers/STM32F7xx_HAL_Driver/Inc/Legacy -I../Drivers/CMSIS/Device/ST/STM32F7xx/Include -I../Drivers/CMSIS/Include -O0 -ffunction-sections -fdata-sections -Wall -fstack-usage -fcyclomatic-complexity -MMD -MP -MF"Drivers/STM32F7xx_HAL_Driver/Src/stm32f7xx_hal_rcc.d" -MT"Drivers/STM32F7xx_HAL_Driver/Src/stm32f7xx_hal_rcc.o" --specs=nano.specs -mfpu=fpv5-d16 -mfloat-abi=hard -mthumb -o "Drivers/STM32F7xx_HAL_Driver/Src/stm32f7xx_hal_rcc.o"
arm-none-eabi-gcc "../Drivers/STM32F7xx_HAL_Driver/Src/stm32f7xx_hal_rcc_ex.c" -mcpu=cortex-m7 -std=gnu11 -g3 -DDEBUG -DUSE_HAL_DRIVER -DSTM32F767xx -c -I../Core/Inc -I../Drivers/STM32F7xx_HAL_Driver/Inc -I../Drivers/STM32F7xx_HAL_Driver/Inc/Legacy -I../Drivers/CMSIS/Device/ST/STM32F7xx/Include -I../Drivers/CMSIS/Include -O0 -ffunction-sections -fdata-sections -Wall -fstack-usage -fcyclomatic-complexity -MMD -MP -MF"Drivers/STM32F7xx_HAL_Driver/Src/stm32f7xx_hal_rcc_ex.d" -MT"Drivers/STM32F7xx_HAL_Driver/Src/stm32f7xx_hal_rcc_ex.o" --specs=nano.specs -mfpu=fpv5-d16 -mfloat-abi=hard -mthumb -o "Drivers/STM32F7xx_HAL_Driver/Src/stm32f7xx_hal_rcc_ex.o"
arm-none-eabi-gcc "../Drivers/STM32F7xx_HAL_Driver/Src/stm32f7xx_hal_tim.c" -mcpu=cortex-m7 -std=gnu11 -g3 -DDEBUG -DUSE_HAL_DRIVER -DSTM32F767xx -c -I../Core/Inc -I../Drivers/STM32F7xx_HAL_Driver/Inc -I../Drivers/STM32F7xx_HAL_Driver/Inc/Legacy -I../Drivers/CMSIS/Device/ST/STM32F7xx/Include -I../Drivers/CMSIS/Include -O0 -ffunction-sections -fdata-sections -Wall -fstack-usage -fcyclomatic-complexity -MMD -MP -MF"Drivers/STM32F7xx_HAL_Driver/Src/stm32f7xx_hal_tim.d" -MT"Drivers/STM32F7xx_HAL_Driver/Src/stm32f7xx_hal_tim.o" --specs=nano.specs -mfpu=fpv5-d16 -mfloat-abi=hard -mthumb -o "Drivers/STM32F7xx_HAL_Driver/Src/stm32f7xx_hal_tim.o"
arm-none-eabi-gcc "../Drivers/STM32F7xx_HAL_Driver/Src/stm32f7xx_hal_tim_ex.c" -mcpu=cortex-m7 -std=gnu11 -g3 -DDEBUG -DUSE_HAL_DRIVER -DSTM32F767xx -c -I../Core/Inc -I../Drivers/STM32F7xx_HAL_Driver/Inc -I../Drivers/STM32F7xx_HAL_Driver/Inc/Legacy -I../Drivers/CMSIS/Device/ST/STM32F7xx/Include -I../Drivers/CMSIS/Include -O0 -ffunction-sections -fdata-sections -Wall -fstack-usage -fcyclomatic-complexity -MMD -MP -MF"Drivers/STM32F7xx_HAL_Driver/Src/stm32f7xx_hal_tim_ex.d" -MT"Drivers/STM32F7xx_HAL_Driver/Src/stm32f7xx_hal_tim_ex.o" --specs=nano.specs -mfpu=fpv5-d16 -mfloat-abi=hard -mthumb -o "Drivers/STM32F7xx_HAL_Driver/Src/stm32f7xx_hal_tim_ex.o"
arm-none-eabi-gcc "../Drivers/STM32F7xx_HAL_Driver/Src/stm32f7xx_hal_uart.c" -mcpu=cortex-m7 -std=gnu11 -g3 -DDEBUG -DUSE_HAL_DRIVER -DSTM32F767xx -c -I../Core/Inc -I../Drivers/STM32F7xx_HAL_Driver/Inc -I../Drivers/STM32F7xx_HAL_Driver/Inc/Legacy -I../Drivers/CMSIS/Device/ST/STM32F7xx/Include -I../Drivers/CMSIS/Include -O0 -ffunction-sections -fdata-sections -Wall -fstack-usage -fcyclomatic-complexity -MMD -MP -MF"Drivers/STM32F7xx_HAL_Driver/Src/stm32f7xx_hal_uart.d" -MT"Drivers/STM32F7xx_HAL_Driver/Src/stm32f7xx_hal_uart.o" --specs=nano.specs -mfpu=fpv5-d16 -mfloat-abi=hard -mthumb -o "Drivers/STM32F7xx_HAL_Driver/Src/stm32f7xx_hal_uart.o"
arm-none-eabi-gcc "../Drivers/STM32F7xx_HAL_Driver/Src/stm32f7xx_hal_uart_ex.c" -mcpu=cortex-m7 -std=gnu11 -g3 -DDEBUG -DUSE_HAL_DRIVER -DSTM32F767xx -c -I../Core/Inc -I../Drivers/STM32F7xx_HAL_Driver/Inc -I../Drivers/STM32F7xx_HAL_Driver/Inc/Legacy -I../Drivers/CMSIS/Device/ST/STM32F7xx/Include -I../Drivers/CMSIS/Include -O0 -ffunction-sections -fdata-sections -Wall -fstack-usage -fcyclomatic-complexity -MMD -MP -MF"Drivers/STM32F7xx_HAL_Driver/Src/stm32f7xx_hal_uart_ex.d" -MT"Drivers/STM32F7xx_HAL_Driver/Src/stm32f7xx_hal_uart_ex.o" --specs=nano.specs -mfpu=fpv5-d16 -mfloat-abi=hard -mthumb -o "Drivers/STM32F7xx_HAL_Driver/Src/stm32f7xx_hal_uart_ex.o"
arm-none-eabi-gcc -mcpu=cortex-m7 -g3 -DDEBUG -c -x assembler-with-cpp -MMD -MP -MF"Core/Startup/startup_stm32f767zitx.d" -MT"Core/Startup/startup_stm32f767zitx.o" --specs=nano.specs -mfpu=fpv5-d16 -mfloat-abi=hard -mthumb -o "Core/Startup/startup_stm32f767zitx.o" "../Core/Startup/startup_stm32f767zitx.s"
arm-none-eabi-gcc "../Core/Src/main.c" -mcpu=cortex-m7 -std=gnu11 -g3 -DDEBUG -DUSE_HAL_DRIVER -DSTM32F767xx -c -I../Core/Inc -I../Drivers/STM32F7xx_HAL_Driver/Inc -I../Drivers/STM32F7xx_HAL_Driver/Inc/Legacy -I../Drivers/CMSIS/Device/ST/STM32F7xx/Include -I../Drivers/CMSIS/Include -O0 -ffunction-sections -fdata-sections -Wall -fstack-usage -fcyclomatic-complexity -MMD -MP -MF"Core/Src/main.d" -MT"Core/Src/main.o" --specs=nano.specs -mfpu=fpv5-d16 -mfloat-abi=hard -mthumb -o "Core/Src/main.o"
arm-none-eabi-gcc "../Core/Src/stm32f7xx_hal_msp.c" -mcpu=cortex-m7 -std=gnu11 -g3 -DDEBUG -DUSE_HAL_DRIVER -DSTM32F767xx -c -I../Core/Inc -I../Drivers/STM32F7xx_HAL_Driver/Inc -I../Drivers/STM32F7xx_HAL_Driver/Inc/Legacy -I../Drivers/CMSIS/Device/ST/STM32F7xx/Include -I../Drivers/CMSIS/Include -O0 -ffunction-sections -fdata-sections -Wall -fstack-usage -fcyclomatic-complexity -MMD -MP -MF"Core/Src/stm32f7xx_hal_msp.d" -MT"Core/Src/stm32f7xx_hal_msp.o" --specs=nano.specs -mfpu=fpv5-d16 -mfloat-abi=hard -mthumb -o "Core/Src/stm32f7xx_hal_msp.o"
arm-none-eabi-gcc "../Core/Src/stm32f7xx_it.c" -mcpu=cortex-m7 -std=gnu11 -g3 -DDEBUG -DUSE_HAL_DRIVER -DSTM32F767xx -c -I../Core/Inc -I../Drivers/STM32F7xx_HAL_Driver/Inc -I../Drivers/STM32F7xx_HAL_Driver/Inc/Legacy -I../Drivers/CMSIS/Device/ST/STM32F7xx/Include -I../Drivers/CMSIS/Include -O0 -ffunction-sections -fdata-sections -Wall -fstack-usage -fcyclomatic-complexity -MMD -MP -MF"Core/Src/stm32f7xx_it.d" -MT"Core/Src/stm32f7xx_it.o" --specs=nano.specs -mfpu=fpv5-d16 -mfloat-abi=hard -mthumb -o "Core/Src/stm32f7xx_it.o"
arm-none-eabi-gcc "../Core/Src/syscalls.c" -mcpu=cortex-m7 -std=gnu11 -g3 -DDEBUG -DUSE_HAL_DRIVER -DSTM32F767xx -c -I../Core/Inc -I../Drivers/STM32F7xx_HAL_Driver/Inc -I../Drivers/STM32F7xx_HAL_Driver/Inc/Legacy -I../Drivers/CMSIS/Device/ST/STM32F7xx/Include -I../Drivers/CMSIS/Include -O0 -ffunction-sections -fdata-sections -Wall -fstack-usage -fcyclomatic-complexity -MMD -MP -MF"Core/Src/syscalls.d" -MT"Core/Src/syscalls.o" --specs=nano.specs -mfpu=fpv5-d16 -mfloat-abi=hard -mthumb -o "Core/Src/syscalls.o"
arm-none-eabi-gcc "../Core/Src/sysmem.c" -mcpu=cortex-m7 -std=gnu11 -g3 -DDEBUG -DUSE_HAL_DRIVER -DSTM32F767xx -c -I../Core/Inc -I../Drivers/STM32F7xx_HAL_Driver/Inc -I../Drivers/STM32F7xx_HAL_Driver/Inc/Legacy -I../Drivers/CMSIS/Device/ST/STM32F7xx/Include -I../Drivers/CMSIS/Include -O0 -ffunction-sections -fdata-sections -Wall -fstack-usage -fcyclomatic-complexity -MMD -MP -MF"Core/Src/sysmem.d" -MT"Core/Src/sysmem.o" --specs=nano.specs -mfpu=fpv5-d16 -mfloat-abi=hard -mthumb -o "Core/Src/sysmem.o"
arm-none-eabi-gcc "../Core/Src/system_stm32f7xx.c" -mcpu=cortex-m7 -std=gnu11 -g3 -DDEBUG -DUSE_HAL_DRIVER -DSTM32F767xx -c -I../Core/Inc -I../Drivers/STM32F7xx_HAL_Driver/Inc -I../Drivers/STM32F7xx_HAL_Driver/Inc/Legacy -I../Drivers/CMSIS/Device/ST/STM32F7xx/Include -I../Drivers/CMSIS/Include -O0 -ffunction-sections -fdata-sections -Wall -fstack-usage -fcyclomatic-complexity -MMD -MP -MF"Core/Src/system_stm32f7xx.d" -MT"Core/Src/system_stm32f7xx.o" --specs=nano.specs -mfpu=fpv5-d16 -mfloat-abi=hard -mthumb -o "Core/Src/system_stm32f7xx.o"
../Core/Src/main.c: In function 'main':
../Core/Src/main.c:116:56: warning: implicit declaration of function 'strlen' [-Wimplicit-function-declaration]
  116 |         HAL_UART_Transmit(&huart4, (uint8_t*)"AT\r\n", strlen("AT\r\n")-1, HAL_MAX_DELAY);
      |                                                        ^~~~~~
../Core/Src/main.c:21:1: note: include '<string.h>' or provide a declaration of 'strlen'
   20 | #include "main.h"
  +++ |+#include <string.h>
   21 | 
../Core/Src/main.c:116:56: warning: incompatible implicit declaration of built-in function 'strlen' [-Wbuiltin-declaration-mismatch]
  116 |         HAL_UART_Transmit(&huart4, (uint8_t*)"AT\r\n", strlen("AT\r\n")-1, HAL_MAX_DELAY);
      |                                                        ^~~~~~
../Core/Src/main.c:116:56: note: include '<string.h>' or provide a declaration of 'strlen'
../Core/Src/main.c:118:9: warning: implicit declaration of function 'printf' [-Wimplicit-function-declaration]
  118 |         printf("Command: AT; Response: %s\r\n",UART4_RX);
      |         ^~~~~~
../Core/Src/main.c:21:1: note: include '<stdio.h>' or provide a declaration of 'printf'
   20 | #include "main.h"
  +++ |+#include <stdio.h>
   21 | 
../Core/Src/main.c:118:9: warning: incompatible implicit declaration of built-in function 'printf' [-Wbuiltin-declaration-mismatch]
  118 |         printf("Command: AT; Response: %s\r\n",UART4_RX);
      |         ^~~~~~
../Core/Src/main.c:118:9: note: include '<stdio.h>' or provide a declaration of 'printf'
arm-none-eabi-gcc -o "ESP_WIFI.elf" @"objects.list"   -mcpu=cortex-m7 -T"C:\Users\harun\Documents\GitHub\Personal-Projects\microFlipper\WifiModule\ESP_WIFI\STM32F767ZITX_FLASH.ld" --specs=nosys.specs -Wl,-Map="ESP_WIFI.map" -Wl,--gc-sections -static --specs=nano.specs -mfpu=fpv5-d16 -mfloat-abi=hard -mthumb -Wl,--start-group -lc -lm -Wl,--end-group
Finished building target: ESP_WIFI.elf
 
arm-none-eabi-size  ESP_WIFI.elf 
arm-none-eabi-objdump -h -S ESP_WIFI.elf  > "ESP_WIFI.list"
   text	   data	    bss	    dec	    hex	filename
  16984	    104	   2304	  19392	   4bc0	ESP_WIFI.elf
Finished building: default.size.stdout
 
Finished building: ESP_WIFI.list
 
12:42:59 **** Incremental Build of configuration Debug for project ESP_WIFI ****
make -j16 all 
arm-none-eabi-gcc "../Core/Src/main.c" -mcpu=cortex-m7 -std=gnu11 -g3 -DDEBUG -DUSE_HAL_DRIVER -DSTM32F767xx -c -I../Core/Inc -I../Drivers/STM32F7xx_HAL_Driver/Inc -I../Drivers/STM32F7xx_HAL_Driver/Inc/Legacy -I../Drivers/CMSIS/Device/ST/STM32F7xx/Include -I../Drivers/CMSIS/Include -O0 -ffunction-sections -fdata-sections -Wall -fstack-usage -fcyclomatic-complexity -MMD -MP -MF"Core/Src/main.d" -MT"Core/Src/main.o" --specs=nano.specs -mfpu=fpv5-d16 -mfloat-abi=hard -mthumb -o "Core/Src/main.o"
../Core/Src/main.c: In function 'main':
../Core/Src/main.c:117:56: warning: implicit declaration of function 'strlen' [-Wimplicit-function-declaration]
  117 |         HAL_UART_Transmit(&huart4, (uint8_t*)"AT\r\n", strlen("AT\r\n")-1, HAL_MAX_DELAY);
      |                                                        ^~~~~~
../Core/Src/main.c:26:1: note: include '<string.h>' or provide a declaration of 'strlen'
   25 | #include <stdio.h>
  +++ |+#include <string.h>
   26 | /* USER CODE END Includes */
../Core/Src/main.c:117:56: warning: incompatible implicit declaration of built-in function 'strlen' [-Wbuiltin-declaration-mismatch]
  117 |         HAL_UART_Transmit(&huart4, (uint8_t*)"AT\r\n", strlen("AT\r\n")-1, HAL_MAX_DELAY);
      |                                                        ^~~~~~
../Core/Src/main.c:117:56: note: include '<string.h>' or provide a declaration of 'strlen'
arm-none-eabi-gcc -o "ESP_WIFI.elf" @"objects.list"   -mcpu=cortex-m7 -T"C:\Users\harun\Documents\GitHub\Personal-Projects\microFlipper\WifiModule\ESP_WIFI\STM32F767ZITX_FLASH.ld" --specs=nosys.specs -Wl,-Map="ESP_WIFI.map" -Wl,--gc-sections -static --specs=nano.specs -mfpu=fpv5-d16 -mfloat-abi=hard -mthumb -Wl,--start-group -lc -lm -Wl,--end-group
Finished building target: ESP_WIFI.elf
 
arm-none-eabi-size  ESP_WIFI.elf 
arm-none-eabi-objdump -h -S ESP_WIFI.elf  > "ESP_WIFI.list"
   text	   data	    bss	    dec	    hex	filename
  16984	    104	   2304	  19392	   4bc0	ESP_WIFI.elf
Finished building: default.size.stdout
 
Finished building: ESP_WIFI.list
 
12:44:19 **** Incremental Build of configuration Debug for project ESP_WIFI ****
make -j16 all 
arm-none-eabi-gcc "../Core/Src/main.c" -mcpu=cortex-m7 -std=gnu11 -g3 -DDEBUG -DUSE_HAL_DRIVER -DSTM32F767xx -c -I../Core/Inc -I../Drivers/STM32F7xx_HAL_Driver/Inc -I../Drivers/STM32F7xx_HAL_Driver/Inc/Legacy -I../Drivers/CMSIS/Device/ST/STM32F7xx/Include -I../Drivers/CMSIS/Include -O0 -ffunction-sections -fdata-sections -Wall -fstack-usage -fcyclomatic-complexity -MMD -MP -MF"Core/Src/main.d" -MT"Core/Src/main.o" --specs=nano.specs -mfpu=fpv5-d16 -mfloat-abi=hard -mthumb -o "Core/Src/main.o"
arm-none-eabi-gcc -o "ESP_WIFI.elf" @"objects.list"   -mcpu=cortex-m7 -T"C:\Users\harun\Documents\GitHub\Personal-Projects\microFlipper\WifiModule\ESP_WIFI\STM32F767ZITX_FLASH.ld" --specs=nosys.specs -Wl,-Map="ESP_WIFI.map" -Wl,--gc-sections -static --specs=nano.specs -mfpu=fpv5-d16 -mfloat-abi=hard -mthumb -Wl,--start-group -lc -lm -Wl,--end-group
Finished building target: ESP_WIFI.elf
 
arm-none-eabi-size  ESP_WIFI.elf 
arm-none-eabi-objdump -h -S ESP_WIFI.elf  > "ESP_WIFI.list"
   text	   data	    bss	    dec	    hex	filename
  16984	    104	   2304	  19392	   4bc0	ESP_WIFI.elf
Finished building: default.size.stdout
 
Finished building: ESP_WIFI.list
 
12:44:54 **** Incremental Build of configuration Debug for project ESP_WIFI ****
make -j16 all 
arm-none-eabi-gcc "../Core/Src/main.c" -mcpu=cortex-m7 -std=gnu11 -g3 -DDEBUG -DUSE_HAL_DRIVER -DSTM32F767xx -c -I../Core/Inc -I../Drivers/STM32F7xx_HAL_Driver/Inc -I../Drivers/STM32F7xx_HAL_Driver/Inc/Legacy -I../Drivers/CMSIS/Device/ST/STM32F7xx/Include -I../Drivers/CMSIS/Include -O0 -ffunction-sections -fdata-sections -Wall -fstack-usage -fcyclomatic-complexity -MMD -MP -MF"Core/Src/main.d" -MT"Core/Src/main.o" --specs=nano.specs -mfpu=fpv5-d16 -mfloat-abi=hard -mthumb -o "Core/Src/main.o"
arm-none-eabi-gcc -o "ESP_WIFI.elf" @"objects.list"   -mcpu=cortex-m7 -T"C:\Users\harun\Documents\GitHub\Personal-Projects\microFlipper\WifiModule\ESP_WIFI\STM32F767ZITX_FLASH.ld" --specs=nosys.specs -Wl,-Map="ESP_WIFI.map" -Wl,--gc-sections -static --specs=nano.specs -mfpu=fpv5-d16 -mfloat-abi=hard -mthumb -Wl,--start-group -lc -lm -Wl,--end-group
Finished building target: ESP_WIFI.elf
 
arm-none-eabi-size  ESP_WIFI.elf 
arm-none-eabi-objdump -h -S ESP_WIFI.elf  > "ESP_WIFI.list"
   text	   data	    bss	    dec	    hex	filename
  17012	    104	   2304	  19420	   4bdc	ESP_WIFI.elf
Finished building: default.size.stdout
 
Finished building: ESP_WIFI.list
 
12:45:07 **** Incremental Build of configuration Debug for project ESP_WIFI ****
make -j16 all 
arm-none-eabi-size  ESP_WIFI.elf 
   text	   data	    bss	    dec	    hex	filename
  17012	    104	   2304	  19420	   4bdc	ESP_WIFI.elf
Finished building: default.size.stdout
 
12:47:08 **** Incremental Build of configuration Debug for project ESP_WIFI ****
make -j16 all 
arm-none-eabi-gcc "../Core/Src/main.c" -mcpu=cortex-m7 -std=gnu11 -g3 -DDEBUG -DUSE_HAL_DRIVER -DSTM32F767xx -c -I../Core/Inc -I../Drivers/STM32F7xx_HAL_Driver/Inc -I../Drivers/STM32F7xx_HAL_Driver/Inc/Legacy -I../Drivers/CMSIS/Device/ST/STM32F7xx/Include -I../Drivers/CMSIS/Include -O0 -ffunction-sections -fdata-sections -Wall -fstack-usage -fcyclomatic-complexity -MMD -MP -MF"Core/Src/main.d" -MT"Core/Src/main.o" --specs=nano.specs -mfpu=fpv5-d16 -mfloat-abi=hard -mthumb -o "Core/Src/main.o"
arm-none-eabi-gcc -o "ESP_WIFI.elf" @"objects.list"   -mcpu=cortex-m7 -T"C:\Users\harun\Documents\GitHub\Personal-Projects\microFlipper\WifiModule\ESP_WIFI\STM32F767ZITX_FLASH.ld" --specs=nosys.specs -Wl,-Map="ESP_WIFI.map" -Wl,--gc-sections -static --specs=nano.specs -mfpu=fpv5-d16 -mfloat-abi=hard -mthumb -Wl,--start-group -lc -lm -Wl,--end-group
Finished building target: ESP_WIFI.elf
 
arm-none-eabi-size  ESP_WIFI.elf 
arm-none-eabi-objdump -h -S ESP_WIFI.elf  > "ESP_WIFI.list"
   text	   data	    bss	    dec	    hex	filename
  15684	    104	   2304	  18092	   46ac	ESP_WIFI.elf
Finished building: default.size.stdout
 
Finished building: ESP_WIFI.list
 
12:55:36 **** Incremental Build of configuration Debug for project ESP_WIFI ****
make -j16 all 
arm-none-eabi-gcc "../Core/Src/main.c" -mcpu=cortex-m7 -std=gnu11 -g3 -DDEBUG -DUSE_HAL_DRIVER -DSTM32F767xx -c -I../Core/Inc -I../Drivers/STM32F7xx_HAL_Driver/Inc -I../Drivers/STM32F7xx_HAL_Driver/Inc/Legacy -I../Drivers/CMSIS/Device/ST/STM32F7xx/Include -I../Drivers/CMSIS/Include -O0 -ffunction-sections -fdata-sections -Wall -fstack-usage -fcyclomatic-complexity -MMD -MP -MF"Core/Src/main.d" -MT"Core/Src/main.o" --specs=nano.specs -mfpu=fpv5-d16 -mfloat-abi=hard -mthumb -o "Core/Src/main.o"
arm-none-eabi-gcc -o "ESP_WIFI.elf" @"objects.list"   -mcpu=cortex-m7 -T"C:\Users\harun\Documents\GitHub\Personal-Projects\microFlipper\WifiModule\ESP_WIFI\STM32F767ZITX_FLASH.ld" --specs=nosys.specs -Wl,-Map="ESP_WIFI.map" -Wl,--gc-sections -static --specs=nano.specs -mfpu=fpv5-d16 -mfloat-abi=hard -mthumb -Wl,--start-group -lc -lm -Wl,--end-group
Finished building target: ESP_WIFI.elf
 
arm-none-eabi-size  ESP_WIFI.elf 
arm-none-eabi-objdump -h -S ESP_WIFI.elf  > "ESP_WIFI.list"
   text	   data	    bss	    dec	    hex	filename
  15680	    104	   2304	  18088	   46a8	ESP_WIFI.elf
Finished building: default.size.stdout
 
Finished building: ESP_WIFI.list
 
12:56:22 **** Incremental Build of configuration Debug for project ESP_WIFI ****
make -j16 all 
arm-none-eabi-gcc "../Core/Src/main.c" -mcpu=cortex-m7 -std=gnu11 -g3 -DDEBUG -DUSE_HAL_DRIVER -DSTM32F767xx -c -I../Core/Inc -I../Drivers/STM32F7xx_HAL_Driver/Inc -I../Drivers/STM32F7xx_HAL_Driver/Inc/Legacy -I../Drivers/CMSIS/Device/ST/STM32F7xx/Include -I../Drivers/CMSIS/Include -O0 -ffunction-sections -fdata-sections -Wall -fstack-usage -fcyclomatic-complexity -MMD -MP -MF"Core/Src/main.d" -MT"Core/Src/main.o" --specs=nano.specs -mfpu=fpv5-d16 -mfloat-abi=hard -mthumb -o "Core/Src/main.o"
arm-none-eabi-gcc -o "ESP_WIFI.elf" @"objects.list"   -mcpu=cortex-m7 -T"C:\Users\harun\Documents\GitHub\Personal-Projects\microFlipper\WifiModule\ESP_WIFI\STM32F767ZITX_FLASH.ld" --specs=nosys.specs -Wl,-Map="ESP_WIFI.map" -Wl,--gc-sections -static --specs=nano.specs -mfpu=fpv5-d16 -mfloat-abi=hard -mthumb -Wl,--start-group -lc -lm -Wl,--end-group
Finished building target: ESP_WIFI.elf
 
arm-none-eabi-size  ESP_WIFI.elf 
arm-none-eabi-objdump -h -S ESP_WIFI.elf  > "ESP_WIFI.list"
   text	   data	    bss	    dec	    hex	filename
  17008	    104	   2304	  19416	   4bd8	ESP_WIFI.elf
Finished building: default.size.stdout
 
Finished building: ESP_WIFI.list
 
12:58:18 **** Incremental Build of configuration Debug for project ESP_WIFI ****
make -j16 all 
arm-none-eabi-size  ESP_WIFI.elf 
   text	   data	    bss	    dec	    hex	filename
  17008	    104	   2304	  19416	   4bd8	ESP_WIFI.elf
Finished building: default.size.stdout
 
13:07:02 **** Incremental Build of configuration Debug for project ESP_WIFI ****
make -j16 all 
arm-none-eabi-gcc "../Core/Src/main.c" -mcpu=cortex-m7 -std=gnu11 -g3 -DDEBUG -DUSE_HAL_DRIVER -DSTM32F767xx -c -I../Core/Inc -I../Drivers/STM32F7xx_HAL_Driver/Inc -I../Drivers/STM32F7xx_HAL_Driver/Inc/Legacy -I../Drivers/CMSIS/Device/ST/STM32F7xx/Include -I../Drivers/CMSIS/Include -O0 -ffunction-sections -fdata-sections -Wall -fstack-usage -fcyclomatic-complexity -MMD -MP -MF"Core/Src/main.d" -MT"Core/Src/main.o" --specs=nano.specs -mfpu=fpv5-d16 -mfloat-abi=hard -mthumb -o "Core/Src/main.o"
arm-none-eabi-gcc -o "ESP_WIFI.elf" @"objects.list"   -mcpu=cortex-m7 -T"C:\Users\harun\Documents\GitHub\Personal-Projects\microFlipper\WifiModule\ESP_WIFI\STM32F767ZITX_FLASH.ld" --specs=nosys.specs -Wl,-Map="ESP_WIFI.map" -Wl,--gc-sections -static --specs=nano.specs -mfpu=fpv5-d16 -mfloat-abi=hard -mthumb -Wl,--start-group -lc -lm -Wl,--end-group
Finished building target: ESP_WIFI.elf
 
arm-none-eabi-size  ESP_WIFI.elf 
arm-none-eabi-objdump -h -S ESP_WIFI.elf  > "ESP_WIFI.list"
   text	   data	    bss	    dec	    hex	filename
  17008	    104	   2304	  19416	   4bd8	ESP_WIFI.elf
Finished building: default.size.stdout
 
Finished building: ESP_WIFI.list
 
13:07:17 **** Incremental Build of configuration Debug for project ESP_WIFI ****
make -j16 all 
arm-none-eabi-size  ESP_WIFI.elf 
   text	   data	    bss	    dec	    hex	filename
  17008	    104	   2304	  19416	   4bd8	ESP_WIFI.elf
Finished building: default.size.stdout
 
13:08:00 **** Incremental Build of configuration Debug for project ESP_WIFI ****
make -j16 all 
arm-none-eabi-gcc "../Core/Src/main.c" -mcpu=cortex-m7 -std=gnu11 -g3 -DDEBUG -DUSE_HAL_DRIVER -DSTM32F767xx -c -I../Core/Inc -I../Drivers/STM32F7xx_HAL_Driver/Inc -I../Drivers/STM32F7xx_HAL_Driver/Inc/Legacy -I../Drivers/CMSIS/Device/ST/STM32F7xx/Include -I../Drivers/CMSIS/Include -O0 -ffunction-sections -fdata-sections -Wall -fstack-usage -fcyclomatic-complexity -MMD -MP -MF"Core/Src/main.d" -MT"Core/Src/main.o" --specs=nano.specs -mfpu=fpv5-d16 -mfloat-abi=hard -mthumb -o "Core/Src/main.o"
arm-none-eabi-gcc -o "ESP_WIFI.elf" @"objects.list"   -mcpu=cortex-m7 -T"C:\Users\harun\Documents\GitHub\Personal-Projects\microFlipper\WifiModule\ESP_WIFI\STM32F767ZITX_FLASH.ld" --specs=nosys.specs -Wl,-Map="ESP_WIFI.map" -Wl,--gc-sections -static --specs=nano.specs -mfpu=fpv5-d16 -mfloat-abi=hard -mthumb -Wl,--start-group -lc -lm -Wl,--end-group
Finished building target: ESP_WIFI.elf
 
arm-none-eabi-size  ESP_WIFI.elf 
arm-none-eabi-objdump -h -S ESP_WIFI.elf  > "ESP_WIFI.list"
   text	   data	    bss	    dec	    hex	filename
  17008	    104	   2304	  19416	   4bd8	ESP_WIFI.elf
Finished building: default.size.stdout
 
Finished building: ESP_WIFI.list
 
13:08:33 **** Incremental Build of configuration Debug for project ESP_WIFI ****
make -j16 all 
arm-none-eabi-gcc "../Core/Src/main.c" -mcpu=cortex-m7 -std=gnu11 -g3 -DDEBUG -DUSE_HAL_DRIVER -DSTM32F767xx -c -I../Core/Inc -I../Drivers/STM32F7xx_HAL_Driver/Inc -I../Drivers/STM32F7xx_HAL_Driver/Inc/Legacy -I../Drivers/CMSIS/Device/ST/STM32F7xx/Include -I../Drivers/CMSIS/Include -O0 -ffunction-sections -fdata-sections -Wall -fstack-usage -fcyclomatic-complexity -MMD -MP -MF"Core/Src/main.d" -MT"Core/Src/main.o" --specs=nano.specs -mfpu=fpv5-d16 -mfloat-abi=hard -mthumb -o "Core/Src/main.o"
arm-none-eabi-gcc -o "ESP_WIFI.elf" @"objects.list"   -mcpu=cortex-m7 -T"C:\Users\harun\Documents\GitHub\Personal-Projects\microFlipper\WifiModule\ESP_WIFI\STM32F767ZITX_FLASH.ld" --specs=nosys.specs -Wl,-Map="ESP_WIFI.map" -Wl,--gc-sections -static --specs=nano.specs -mfpu=fpv5-d16 -mfloat-abi=hard -mthumb -Wl,--start-group -lc -lm -Wl,--end-group
Finished building target: ESP_WIFI.elf
 
arm-none-eabi-size  ESP_WIFI.elf 
arm-none-eabi-objdump -h -S ESP_WIFI.elf  > "ESP_WIFI.list"
   text	   data	    bss	    dec	    hex	filename
  17012	    104	   2304	  19420	   4bdc	ESP_WIFI.elf
Finished building: default.size.stdout
 
Finished building: ESP_WIFI.list
 
13:09:14 **** Incremental Build of configuration Debug for project ESP_WIFI ****
make -j16 all 
arm-none-eabi-gcc "../Core/Src/main.c" -mcpu=cortex-m7 -std=gnu11 -g3 -DDEBUG -DUSE_HAL_DRIVER -DSTM32F767xx -c -I../Core/Inc -I../Drivers/STM32F7xx_HAL_Driver/Inc -I../Drivers/STM32F7xx_HAL_Driver/Inc/Legacy -I../Drivers/CMSIS/Device/ST/STM32F7xx/Include -I../Drivers/CMSIS/Include -O0 -ffunction-sections -fdata-sections -Wall -fstack-usage -fcyclomatic-complexity -MMD -MP -MF"Core/Src/main.d" -MT"Core/Src/main.o" --specs=nano.specs -mfpu=fpv5-d16 -mfloat-abi=hard -mthumb -o "Core/Src/main.o"
arm-none-eabi-gcc -o "ESP_WIFI.elf" @"objects.list"   -mcpu=cortex-m7 -T"C:\Users\harun\Documents\GitHub\Personal-Projects\microFlipper\WifiModule\ESP_WIFI\STM32F767ZITX_FLASH.ld" --specs=nosys.specs -Wl,-Map="ESP_WIFI.map" -Wl,--gc-sections -static --specs=nano.specs -mfpu=fpv5-d16 -mfloat-abi=hard -mthumb -Wl,--start-group -lc -lm -Wl,--end-group
Finished building target: ESP_WIFI.elf
 
arm-none-eabi-size  ESP_WIFI.elf 
arm-none-eabi-objdump -h -S ESP_WIFI.elf  > "ESP_WIFI.list"
   text	   data	    bss	    dec	    hex	filename
  17012	    104	   2304	  19420	   4bdc	ESP_WIFI.elf
Finished building: default.size.stdout
 
Finished building: ESP_WIFI.list
 
13:16:51 **** Incremental Build of configuration Debug for project ESP_WIFI ****
make -j16 all 
arm-none-eabi-gcc "../Core/Src/main.c" -mcpu=cortex-m7 -std=gnu11 -g3 -DDEBUG -DUSE_HAL_DRIVER -DSTM32F767xx -c -I../Core/Inc -I../Drivers/STM32F7xx_HAL_Driver/Inc -I../Drivers/STM32F7xx_HAL_Driver/Inc/Legacy -I../Drivers/CMSIS/Device/ST/STM32F7xx/Include -I../Drivers/CMSIS/Include -O0 -ffunction-sections -fdata-sections -Wall -fstack-usage -fcyclomatic-complexity -MMD -MP -MF"Core/Src/main.d" -MT"Core/Src/main.o" --specs=nano.specs -mfpu=fpv5-d16 -mfloat-abi=hard -mthumb -o "Core/Src/main.o"
arm-none-eabi-gcc -o "ESP_WIFI.elf" @"objects.list"   -mcpu=cortex-m7 -T"C:\Users\harun\Documents\GitHub\Personal-Projects\microFlipper\WifiModule\ESP_WIFI\STM32F767ZITX_FLASH.ld" --specs=nosys.specs -Wl,-Map="ESP_WIFI.map" -Wl,--gc-sections -static --specs=nano.specs -mfpu=fpv5-d16 -mfloat-abi=hard -mthumb -Wl,--start-group -lc -lm -Wl,--end-group
Finished building target: ESP_WIFI.elf
 
arm-none-eabi-size  ESP_WIFI.elf 
arm-none-eabi-objdump -h -S ESP_WIFI.elf  > "ESP_WIFI.list"
   text	   data	    bss	    dec	    hex	filename
  17012	    104	   2304	  19420	   4bdc	ESP_WIFI.elf
Finished building: default.size.stdout
 
Finished building: ESP_WIFI.list
 
13:19:26 **** Incremental Build of configuration Debug for project ESP_WIFI ****
make -j16 all 
arm-none-eabi-gcc "../Core/Src/main.c" -mcpu=cortex-m7 -std=gnu11 -g3 -DDEBUG -DUSE_HAL_DRIVER -DSTM32F767xx -c -I../Core/Inc -I../Drivers/STM32F7xx_HAL_Driver/Inc -I../Drivers/STM32F7xx_HAL_Driver/Inc/Legacy -I../Drivers/CMSIS/Device/ST/STM32F7xx/Include -I../Drivers/CMSIS/Include -O0 -ffunction-sections -fdata-sections -Wall -fstack-usage -fcyclomatic-complexity -MMD -MP -MF"Core/Src/main.d" -MT"Core/Src/main.o" --specs=nano.specs -mfpu=fpv5-d16 -mfloat-abi=hard -mthumb -o "Core/Src/main.o"
../Core/Src/main.c: In function 'main':
../Core/Src/main.c:39:33: error: 'SYSTICK_LOAD' undeclared (first use in this function)
   39 |          uint32_t ticks = (us * SYSTICK_LOAD)-SYSTICK_DELAY_CALIB;  \
      |                                 ^~~~~~~~~~~~
../Core/Src/main.c:114:9: note: in expansion of macro 'DELAY_US'
  114 |         DELAY_US(10);
      |         ^~~~~~~~
../Core/Src/main.c:39:33: note: each undeclared identifier is reported only once for each function it appears in
   39 |          uint32_t ticks = (us * SYSTICK_LOAD)-SYSTICK_DELAY_CALIB;  \
      |                                 ^~~~~~~~~~~~
../Core/Src/main.c:114:9: note: in expansion of macro 'DELAY_US'
  114 |         DELAY_US(10);
      |         ^~~~~~~~
../Core/Src/main.c:39:47: error: 'SYSTICK_DELAY_CALIB' undeclared (first use in this function)
   39 |          uint32_t ticks = (us * SYSTICK_LOAD)-SYSTICK_DELAY_CALIB;  \
      |                                               ^~~~~~~~~~~~~~~~~~~
../Core/Src/main.c:114:9: note: in expansion of macro 'DELAY_US'
  114 |         DELAY_US(10);
      |         ^~~~~~~~
make: *** [Core/Src/subdir.mk:34: Core/Src/main.o] Error 1
"make -j16 all" terminated with exit code 2. Build might be incomplete.
13:19:49 **** Incremental Build of configuration Debug for project ESP_WIFI ****
make -j16 all 
arm-none-eabi-gcc "../Core/Src/main.c" -mcpu=cortex-m7 -std=gnu11 -g3 -DDEBUG -DUSE_HAL_DRIVER -DSTM32F767xx -c -I../Core/Inc -I../Drivers/STM32F7xx_HAL_Driver/Inc -I../Drivers/STM32F7xx_HAL_Driver/Inc/Legacy -I../Drivers/CMSIS/Device/ST/STM32F7xx/Include -I../Drivers/CMSIS/Include -O0 -ffunction-sections -fdata-sections -Wall -fstack-usage -fcyclomatic-complexity -MMD -MP -MF"Core/Src/main.d" -MT"Core/Src/main.o" --specs=nano.specs -mfpu=fpv5-d16 -mfloat-abi=hard -mthumb -o "Core/Src/main.o"
arm-none-eabi-gcc -o "ESP_WIFI.elf" @"objects.list"   -mcpu=cortex-m7 -T"C:\Users\harun\Documents\GitHub\Personal-Projects\microFlipper\WifiModule\ESP_WIFI\STM32F767ZITX_FLASH.ld" --specs=nosys.specs -Wl,-Map="ESP_WIFI.map" -Wl,--gc-sections -static --specs=nano.specs -mfpu=fpv5-d16 -mfloat-abi=hard -mthumb -Wl,--start-group -lc -lm -Wl,--end-group
Finished building target: ESP_WIFI.elf
 
arm-none-eabi-size  ESP_WIFI.elf 
arm-none-eabi-objdump -h -S ESP_WIFI.elf  > "ESP_WIFI.list"
   text	   data	    bss	    dec	    hex	filename
  17048	    104	   2304	  19456	   4c00	ESP_WIFI.elf
Finished building: default.size.stdout
 
Finished building: ESP_WIFI.list
 
13:19:53 **** Incremental Build of configuration Debug for project ESP_WIFI ****
make -j16 all 
arm-none-eabi-size  ESP_WIFI.elf 
   text	   data	    bss	    dec	    hex	filename
  17048	    104	   2304	  19456	   4c00	ESP_WIFI.elf
Finished building: default.size.stdout
 
13:34:57 **** Incremental Build of configuration Debug for project ESP_WIFI ****
make -j16 all 
arm-none-eabi-gcc "../Core/Src/main.c" -mcpu=cortex-m7 -std=gnu11 -g3 -DDEBUG -DUSE_HAL_DRIVER -DSTM32F767xx -c -I../Core/Inc -I../Drivers/STM32F7xx_HAL_Driver/Inc -I../Drivers/STM32F7xx_HAL_Driver/Inc/Legacy -I../Drivers/CMSIS/Device/ST/STM32F7xx/Include -I../Drivers/CMSIS/Include -O0 -ffunction-sections -fdata-sections -Wall -fstack-usage -fcyclomatic-complexity -MMD -MP -MF"Core/Src/main.d" -MT"Core/Src/main.o" --specs=nano.specs -mfpu=fpv5-d16 -mfloat-abi=hard -mthumb -o "Core/Src/main.o"
arm-none-eabi-gcc -o "ESP_WIFI.elf" @"objects.list"   -mcpu=cortex-m7 -T"C:\Users\harun\Documents\GitHub\Personal-Projects\microFlipper\WifiModule\ESP_WIFI\STM32F767ZITX_FLASH.ld" --specs=nosys.specs -Wl,-Map="ESP_WIFI.map" -Wl,--gc-sections -static --specs=nano.specs -mfpu=fpv5-d16 -mfloat-abi=hard -mthumb -Wl,--start-group -lc -lm -Wl,--end-group
Finished building target: ESP_WIFI.elf
 
arm-none-eabi-size  ESP_WIFI.elf 
arm-none-eabi-objdump -h -S ESP_WIFI.elf  > "ESP_WIFI.list"
   text	   data	    bss	    dec	    hex	filename
  11552	     12	   1844	  13408	   3460	ESP_WIFI.elf
Finished building: default.size.stdout
 
Finished building: ESP_WIFI.list
 
13:38:04 **** Incremental Build of configuration Debug for project ESP_WIFI ****
make -j16 all 
arm-none-eabi-gcc "../Core/Src/main.c" -mcpu=cortex-m7 -std=gnu11 -g3 -DDEBUG -DUSE_HAL_DRIVER -DSTM32F767xx -c -I../Core/Inc -I../Drivers/STM32F7xx_HAL_Driver/Inc -I../Drivers/STM32F7xx_HAL_Driver/Inc/Legacy -I../Drivers/CMSIS/Device/ST/STM32F7xx/Include -I../Drivers/CMSIS/Include -O0 -ffunction-sections -fdata-sections -Wall -fstack-usage -fcyclomatic-complexity -MMD -MP -MF"Core/Src/main.d" -MT"Core/Src/main.o" --specs=nano.specs -mfpu=fpv5-d16 -mfloat-abi=hard -mthumb -o "Core/Src/main.o"
../Core/Src/main.c: In function 'main':
../Core/Src/main.c:117:9: error: too many arguments to function 'HAL_UART_Transmit_IT'
  117 |         HAL_UART_Transmit_IT(&huart4, (uint8_t*)"AT\r\n", 4, HAL_MAX_DELAY);
      |         ^~~~~~~~~~~~~~~~~~~~
In file included from ../Core/Inc/stm32f7xx_hal_conf.h:415,
                 from ../Drivers/STM32F7xx_HAL_Driver/Inc/stm32f7xx_hal.h:29,
                 from ../Core/Inc/main.h:30,
                 from ../Core/Src/main.c:20:
../Drivers/STM32F7xx_HAL_Driver/Inc/stm32f7xx_hal_uart.h:1555:19: note: declared here
 1555 | HAL_StatusTypeDef HAL_UART_Transmit_IT(UART_HandleTypeDef *huart, const uint8_t *pData, uint16_t Size);
      |                   ^~~~~~~~~~~~~~~~~~~~
../Core/Src/main.c: In function 'HAL_UART_RxCpltCallback':
../Core/Src/main.c:256:9: error: too many arguments to function 'HAL_UART_Transmit_IT'
  256 |         HAL_UART_Transmit_IT(&huart4, (uint8_t*)"AT\r\n", 4, HAL_MAX_DELAY);
      |         ^~~~~~~~~~~~~~~~~~~~
../Drivers/STM32F7xx_HAL_Driver/Inc/stm32f7xx_hal_uart.h:1555:19: note: declared here
 1555 | HAL_StatusTypeDef HAL_UART_Transmit_IT(UART_HandleTypeDef *huart, const uint8_t *pData, uint16_t Size);
      |                   ^~~~~~~~~~~~~~~~~~~~
make: *** [Core/Src/subdir.mk:34: Core/Src/main.o] Error 1
"make -j16 all" terminated with exit code 2. Build might be incomplete.
13:38:08 **** Incremental Build of configuration Debug for project ESP_WIFI ****
make -j16 all 
arm-none-eabi-gcc "../Core/Src/main.c" -mcpu=cortex-m7 -std=gnu11 -g3 -DDEBUG -DUSE_HAL_DRIVER -DSTM32F767xx -c -I../Core/Inc -I../Drivers/STM32F7xx_HAL_Driver/Inc -I../Drivers/STM32F7xx_HAL_Driver/Inc/Legacy -I../Drivers/CMSIS/Device/ST/STM32F7xx/Include -I../Drivers/CMSIS/Include -O0 -ffunction-sections -fdata-sections -Wall -fstack-usage -fcyclomatic-complexity -MMD -MP -MF"Core/Src/main.d" -MT"Core/Src/main.o" --specs=nano.specs -mfpu=fpv5-d16 -mfloat-abi=hard -mthumb -o "Core/Src/main.o"
../Core/Src/main.c: In function 'main':
../Core/Src/main.c:117:9: error: too many arguments to function 'HAL_UART_Transmit_IT'
  117 |         HAL_UART_Transmit_IT(&huart4, (uint8_t*)"AT\r\n", 4, HAL_MAX_DELAY);
      |         ^~~~~~~~~~~~~~~~~~~~
In file included from ../Core/Inc/stm32f7xx_hal_conf.h:415,
                 from ../Drivers/STM32F7xx_HAL_Driver/Inc/stm32f7xx_hal.h:29,
                 from ../Core/Inc/main.h:30,
                 from ../Core/Src/main.c:20:
../Drivers/STM32F7xx_HAL_Driver/Inc/stm32f7xx_hal_uart.h:1555:19: note: declared here
 1555 | HAL_StatusTypeDef HAL_UART_Transmit_IT(UART_HandleTypeDef *huart, const uint8_t *pData, uint16_t Size);
      |                   ^~~~~~~~~~~~~~~~~~~~
../Core/Src/main.c: In function 'HAL_UART_RxCpltCallback':
../Core/Src/main.c:256:9: error: too many arguments to function 'HAL_UART_Transmit_IT'
  256 |         HAL_UART_Transmit_IT(&huart4, (uint8_t*)"AT\r\n", 4, HAL_MAX_DELAY);
      |         ^~~~~~~~~~~~~~~~~~~~
../Drivers/STM32F7xx_HAL_Driver/Inc/stm32f7xx_hal_uart.h:1555:19: note: declared here
 1555 | HAL_StatusTypeDef HAL_UART_Transmit_IT(UART_HandleTypeDef *huart, const uint8_t *pData, uint16_t Size);
      |                   ^~~~~~~~~~~~~~~~~~~~
make: *** [Core/Src/subdir.mk:34: Core/Src/main.o] Error 1
"make -j16 all" terminated with exit code 2. Build might be incomplete.
13:38:22 **** Incremental Build of configuration Debug for project ESP_WIFI ****
make -j16 all 
arm-none-eabi-gcc "../Core/Src/main.c" -mcpu=cortex-m7 -std=gnu11 -g3 -DDEBUG -DUSE_HAL_DRIVER -DSTM32F767xx -c -I../Core/Inc -I../Drivers/STM32F7xx_HAL_Driver/Inc -I../Drivers/STM32F7xx_HAL_Driver/Inc/Legacy -I../Drivers/CMSIS/Device/ST/STM32F7xx/Include -I../Drivers/CMSIS/Include -O0 -ffunction-sections -fdata-sections -Wall -fstack-usage -fcyclomatic-complexity -MMD -MP -MF"Core/Src/main.d" -MT"Core/Src/main.o" --specs=nano.specs -mfpu=fpv5-d16 -mfloat-abi=hard -mthumb -o "Core/Src/main.o"
arm-none-eabi-gcc -o "ESP_WIFI.elf" @"objects.list"   -mcpu=cortex-m7 -T"C:\Users\harun\Documents\GitHub\Personal-Projects\microFlipper\WifiModule\ESP_WIFI\STM32F767ZITX_FLASH.ld" --specs=nosys.specs -Wl,-Map="ESP_WIFI.map" -Wl,--gc-sections -static --specs=nano.specs -mfpu=fpv5-d16 -mfloat-abi=hard -mthumb -Wl,--start-group -lc -lm -Wl,--end-group
Finished building target: ESP_WIFI.elf
 
arm-none-eabi-size  ESP_WIFI.elf 
arm-none-eabi-objdump -h -S ESP_WIFI.elf  > "ESP_WIFI.list"
   text	   data	    bss	    dec	    hex	filename
  11852	     12	   1844	  13708	   358c	ESP_WIFI.elf
Finished building: default.size.stdout
 
Finished building: ESP_WIFI.list
 
13:38:25 **** Incremental Build of configuration Debug for project ESP_WIFI ****
make -j16 all 
arm-none-eabi-size  ESP_WIFI.elf 
   text	   data	    bss	    dec	    hex	filename
  11852	     12	   1844	  13708	   358c	ESP_WIFI.elf
Finished building: default.size.stdout
 
13:48:20 **** Incremental Build of configuration Debug for project ESP_WIFI ****
make -j16 all 
arm-none-eabi-gcc "../Core/Src/main.c" -mcpu=cortex-m7 -std=gnu11 -g3 -DDEBUG -DUSE_HAL_DRIVER -DSTM32F767xx -c -I../Core/Inc -I../Drivers/STM32F7xx_HAL_Driver/Inc -I../Drivers/STM32F7xx_HAL_Driver/Inc/Legacy -I../Drivers/CMSIS/Device/ST/STM32F7xx/Include -I../Drivers/CMSIS/Include -O0 -ffunction-sections -fdata-sections -Wall -fstack-usage -fcyclomatic-complexity -MMD -MP -MF"Core/Src/main.d" -MT"Core/Src/main.o" --specs=nano.specs -mfpu=fpv5-d16 -mfloat-abi=hard -mthumb -o "Core/Src/main.o"
arm-none-eabi-gcc -o "ESP_WIFI.elf" @"objects.list"   -mcpu=cortex-m7 -T"C:\Users\harun\Documents\GitHub\Personal-Projects\microFlipper\WifiModule\ESP_WIFI\STM32F767ZITX_FLASH.ld" --specs=nosys.specs -Wl,-Map="ESP_WIFI.map" -Wl,--gc-sections -static --specs=nano.specs -mfpu=fpv5-d16 -mfloat-abi=hard -mthumb -Wl,--start-group -lc -lm -Wl,--end-group
Finished building target: ESP_WIFI.elf
 
arm-none-eabi-size  ESP_WIFI.elf 
arm-none-eabi-objdump -h -S ESP_WIFI.elf  > "ESP_WIFI.list"
   text	   data	    bss	    dec	    hex	filename
  11852	     12	   1844	  13708	   358c	ESP_WIFI.elf
Finished building: default.size.stdout
 
Finished building: ESP_WIFI.list
 
13:57:48 **** Incremental Build of configuration Debug for project ESP_WIFI ****
make -j16 all 
arm-none-eabi-gcc "../Core/Src/main.c" -mcpu=cortex-m7 -std=gnu11 -g3 -DDEBUG -DUSE_HAL_DRIVER -DSTM32F767xx -c -I../Core/Inc -I../Drivers/STM32F7xx_HAL_Driver/Inc -I../Drivers/STM32F7xx_HAL_Driver/Inc/Legacy -I../Drivers/CMSIS/Device/ST/STM32F7xx/Include -I../Drivers/CMSIS/Include -O0 -ffunction-sections -fdata-sections -Wall -fstack-usage -fcyclomatic-complexity -MMD -MP -MF"Core/Src/main.d" -MT"Core/Src/main.o" --specs=nano.specs -mfpu=fpv5-d16 -mfloat-abi=hard -mthumb -o "Core/Src/main.o"
arm-none-eabi-gcc "../Core/Src/stm32f7xx_hal_msp.c" -mcpu=cortex-m7 -std=gnu11 -g3 -DDEBUG -DUSE_HAL_DRIVER -DSTM32F767xx -c -I../Core/Inc -I../Drivers/STM32F7xx_HAL_Driver/Inc -I../Drivers/STM32F7xx_HAL_Driver/Inc/Legacy -I../Drivers/CMSIS/Device/ST/STM32F7xx/Include -I../Drivers/CMSIS/Include -O0 -ffunction-sections -fdata-sections -Wall -fstack-usage -fcyclomatic-complexity -MMD -MP -MF"Core/Src/stm32f7xx_hal_msp.d" -MT"Core/Src/stm32f7xx_hal_msp.o" --specs=nano.specs -mfpu=fpv5-d16 -mfloat-abi=hard -mthumb -o "Core/Src/stm32f7xx_hal_msp.o"
arm-none-eabi-gcc "../Core/Src/stm32f7xx_it.c" -mcpu=cortex-m7 -std=gnu11 -g3 -DDEBUG -DUSE_HAL_DRIVER -DSTM32F767xx -c -I../Core/Inc -I../Drivers/STM32F7xx_HAL_Driver/Inc -I../Drivers/STM32F7xx_HAL_Driver/Inc/Legacy -I../Drivers/CMSIS/Device/ST/STM32F7xx/Include -I../Drivers/CMSIS/Include -O0 -ffunction-sections -fdata-sections -Wall -fstack-usage -fcyclomatic-complexity -MMD -MP -MF"Core/Src/stm32f7xx_it.d" -MT"Core/Src/stm32f7xx_it.o" --specs=nano.specs -mfpu=fpv5-d16 -mfloat-abi=hard -mthumb -o "Core/Src/stm32f7xx_it.o"
arm-none-eabi-gcc -o "ESP_WIFI.elf" @"objects.list"   -mcpu=cortex-m7 -T"C:\Users\harun\Documents\GitHub\Personal-Projects\microFlipper\WifiModule\ESP_WIFI\STM32F767ZITX_FLASH.ld" --specs=nosys.specs -Wl,-Map="ESP_WIFI.map" -Wl,--gc-sections -static --specs=nano.specs -mfpu=fpv5-d16 -mfloat-abi=hard -mthumb -Wl,--start-group -lc -lm -Wl,--end-group
Finished building target: ESP_WIFI.elf
 
arm-none-eabi-size  ESP_WIFI.elf 
arm-none-eabi-objdump -h -S ESP_WIFI.elf  > "ESP_WIFI.list"
   text	   data	    bss	    dec	    hex	filename
  20048	    104	   2304	  22456	   57b8	ESP_WIFI.elf
Finished building: default.size.stdout
 
Finished building: ESP_WIFI.list
 
18:45:01 **** Incremental Build of configuration Debug for project ESP_WIFI ****
make -j16 all 
arm-none-eabi-gcc "../Core/Src/main.c" -mcpu=cortex-m7 -std=gnu11 -g3 -DDEBUG -DUSE_HAL_DRIVER -DSTM32F767xx -c -I../Core/Inc -I../Drivers/STM32F7xx_HAL_Driver/Inc -I../Drivers/STM32F7xx_HAL_Driver/Inc/Legacy -I../Drivers/CMSIS/Device/ST/STM32F7xx/Include -I../Drivers/CMSIS/Include -O0 -ffunction-sections -fdata-sections -Wall -fstack-usage -fcyclomatic-complexity -MMD -MP -MF"Core/Src/main.d" -MT"Core/Src/main.o" --specs=nano.specs -mfpu=fpv5-d16 -mfloat-abi=hard -mthumb -o "Core/Src/main.o"
arm-none-eabi-gcc -o "ESP_WIFI.elf" @"objects.list"   -mcpu=cortex-m7 -T"C:\Users\harun\Documents\GitHub\Personal-Projects\microFlipper\WifiModule\ESP_WIFI\STM32F767ZITX_FLASH.ld" --specs=nosys.specs -Wl,-Map="ESP_WIFI.map" -Wl,--gc-sections -static --specs=nano.specs -mfpu=fpv5-d16 -mfloat-abi=hard -mthumb -Wl,--start-group -lc -lm -Wl,--end-group
Finished building target: ESP_WIFI.elf
 
arm-none-eabi-size  ESP_WIFI.elf 
arm-none-eabi-objdump -h -S ESP_WIFI.elf  > "ESP_WIFI.list"
   text	   data	    bss	    dec	    hex	filename
  20064	    104	   2304	  22472	   57c8	ESP_WIFI.elf
Finished building: default.size.stdout
 
Finished building: ESP_WIFI.list
 
18:54:39 **** Incremental Build of configuration Debug for project ESP_WIFI ****
make -j16 all 
arm-none-eabi-size  ESP_WIFI.elf 
   text	   data	    bss	    dec	    hex	filename
  20064	    104	   2304	  22472	   57c8	ESP_WIFI.elf
Finished building: default.size.stdout
 
19:08:52 **** Incremental Build of configuration Debug for project ESP_WIFI ****
make -j16 all 
arm-none-eabi-gcc "../Core/Src/main.c" -mcpu=cortex-m7 -std=gnu11 -g3 -DDEBUG -DUSE_HAL_DRIVER -DSTM32F767xx -c -I../Core/Inc -I../Drivers/STM32F7xx_HAL_Driver/Inc -I../Drivers/STM32F7xx_HAL_Driver/Inc/Legacy -I../Drivers/CMSIS/Device/ST/STM32F7xx/Include -I../Drivers/CMSIS/Include -O0 -ffunction-sections -fdata-sections -Wall -fstack-usage -fcyclomatic-complexity -MMD -MP -MF"Core/Src/main.d" -MT"Core/Src/main.o" --specs=nano.specs -mfpu=fpv5-d16 -mfloat-abi=hard -mthumb -o "Core/Src/main.o"
arm-none-eabi-gcc -o "ESP_WIFI.elf" @"objects.list"   -mcpu=cortex-m7 -T"C:\Users\harun\Documents\GitHub\Personal-Projects\microFlipper\WifiModule\ESP_WIFI\STM32F767ZITX_FLASH.ld" --specs=nosys.specs -Wl,-Map="ESP_WIFI.map" -Wl,--gc-sections -static --specs=nano.specs -mfpu=fpv5-d16 -mfloat-abi=hard -mthumb -Wl,--start-group -lc -lm -Wl,--end-group
Finished building target: ESP_WIFI.elf
 
arm-none-eabi-size  ESP_WIFI.elf 
arm-none-eabi-objdump -h -S ESP_WIFI.elf  > "ESP_WIFI.list"
   text	   data	    bss	    dec	    hex	filename
  20076	    104	   2304	  22484	   57d4	ESP_WIFI.elf
Finished building: default.size.stdout
 
Finished building: ESP_WIFI.list
 
19:17:29 **** Incremental Build of configuration Debug for project ESP_WIFI ****
make -j16 all 
arm-none-eabi-gcc "../Core/Src/main.c" -mcpu=cortex-m7 -std=gnu11 -g3 -DDEBUG -DUSE_HAL_DRIVER -DSTM32F767xx -c -I../Core/Inc -I../Drivers/STM32F7xx_HAL_Driver/Inc -I../Drivers/STM32F7xx_HAL_Driver/Inc/Legacy -I../Drivers/CMSIS/Device/ST/STM32F7xx/Include -I../Drivers/CMSIS/Include -O0 -ffunction-sections -fdata-sections -Wall -fstack-usage -fcyclomatic-complexity -MMD -MP -MF"Core/Src/main.d" -MT"Core/Src/main.o" --specs=nano.specs -mfpu=fpv5-d16 -mfloat-abi=hard -mthumb -o "Core/Src/main.o"
arm-none-eabi-gcc -o "ESP_WIFI.elf" @"objects.list"   -mcpu=cortex-m7 -T"C:\Users\harun\Documents\GitHub\Personal-Projects\microFlipper\WifiModule\ESP_WIFI\STM32F767ZITX_FLASH.ld" --specs=nosys.specs -Wl,-Map="ESP_WIFI.map" -Wl,--gc-sections -static --specs=nano.specs -mfpu=fpv5-d16 -mfloat-abi=hard -mthumb -Wl,--start-group -lc -lm -Wl,--end-group
Finished building target: ESP_WIFI.elf
 
arm-none-eabi-size  ESP_WIFI.elf 
arm-none-eabi-objdump -h -S ESP_WIFI.elf  > "ESP_WIFI.list"
   text	   data	    bss	    dec	    hex	filename
  20076	    104	   2304	  22484	   57d4	ESP_WIFI.elf
Finished building: default.size.stdout
 
Finished building: ESP_WIFI.list
 
19:18:47 **** Incremental Build of configuration Debug for project ESP_WIFI ****
make -j16 all 
arm-none-eabi-gcc "../Core/Src/main.c" -mcpu=cortex-m7 -std=gnu11 -g3 -DDEBUG -DUSE_HAL_DRIVER -DSTM32F767xx -c -I../Core/Inc -I../Drivers/STM32F7xx_HAL_Driver/Inc -I../Drivers/STM32F7xx_HAL_Driver/Inc/Legacy -I../Drivers/CMSIS/Device/ST/STM32F7xx/Include -I../Drivers/CMSIS/Include -O0 -ffunction-sections -fdata-sections -Wall -fstack-usage -fcyclomatic-complexity -MMD -MP -MF"Core/Src/main.d" -MT"Core/Src/main.o" --specs=nano.specs -mfpu=fpv5-d16 -mfloat-abi=hard -mthumb -o "Core/Src/main.o"
arm-none-eabi-gcc -o "ESP_WIFI.elf" @"objects.list"   -mcpu=cortex-m7 -T"C:\Users\harun\Documents\GitHub\Personal-Projects\microFlipper\WifiModule\ESP_WIFI\STM32F767ZITX_FLASH.ld" --specs=nosys.specs -Wl,-Map="ESP_WIFI.map" -Wl,--gc-sections -static --specs=nano.specs -mfpu=fpv5-d16 -mfloat-abi=hard -mthumb -Wl,--start-group -lc -lm -Wl,--end-group
Finished building target: ESP_WIFI.elf
 
arm-none-eabi-size  ESP_WIFI.elf 
arm-none-eabi-objdump -h -S ESP_WIFI.elf  > "ESP_WIFI.list"
   text	   data	    bss	    dec	    hex	filename
  20076	    104	   2304	  22484	   57d4	ESP_WIFI.elf
Finished building: default.size.stdout
 
Finished building: ESP_WIFI.list
 
19:20:11 **** Incremental Build of configuration Debug for project ESP_WIFI ****
make -j16 all 
arm-none-eabi-gcc "../Core/Src/main.c" -mcpu=cortex-m7 -std=gnu11 -g3 -DDEBUG -DUSE_HAL_DRIVER -DSTM32F767xx -c -I../Core/Inc -I../Drivers/STM32F7xx_HAL_Driver/Inc -I../Drivers/STM32F7xx_HAL_Driver/Inc/Legacy -I../Drivers/CMSIS/Device/ST/STM32F7xx/Include -I../Drivers/CMSIS/Include -O0 -ffunction-sections -fdata-sections -Wall -fstack-usage -fcyclomatic-complexity -MMD -MP -MF"Core/Src/main.d" -MT"Core/Src/main.o" --specs=nano.specs -mfpu=fpv5-d16 -mfloat-abi=hard -mthumb -o "Core/Src/main.o"
arm-none-eabi-gcc -o "ESP_WIFI.elf" @"objects.list"   -mcpu=cortex-m7 -T"C:\Users\harun\Documents\GitHub\Personal-Projects\microFlipper\WifiModule\ESP_WIFI\STM32F767ZITX_FLASH.ld" --specs=nosys.specs -Wl,-Map="ESP_WIFI.map" -Wl,--gc-sections -static --specs=nano.specs -mfpu=fpv5-d16 -mfloat-abi=hard -mthumb -Wl,--start-group -lc -lm -Wl,--end-group
Finished building target: ESP_WIFI.elf
 
arm-none-eabi-size  ESP_WIFI.elf 
arm-none-eabi-objdump -h -S ESP_WIFI.elf  > "ESP_WIFI.list"
   text	   data	    bss	    dec	    hex	filename
  20076	    104	   2304	  22484	   57d4	ESP_WIFI.elf
Finished building: default.size.stdout
 
Finished building: ESP_WIFI.list
 
19:27:53 **** Incremental Build of configuration Debug for project ESP_WIFI ****
make -j16 all 
arm-none-eabi-gcc "../Core/Src/main.c" -mcpu=cortex-m7 -std=gnu11 -g3 -DDEBUG -DUSE_HAL_DRIVER -DSTM32F767xx -c -I../Core/Inc -I../Drivers/STM32F7xx_HAL_Driver/Inc -I../Drivers/STM32F7xx_HAL_Driver/Inc/Legacy -I../Drivers/CMSIS/Device/ST/STM32F7xx/Include -I../Drivers/CMSIS/Include -O0 -ffunction-sections -fdata-sections -Wall -fstack-usage -fcyclomatic-complexity -MMD -MP -MF"Core/Src/main.d" -MT"Core/Src/main.o" --specs=nano.specs -mfpu=fpv5-d16 -mfloat-abi=hard -mthumb -o "Core/Src/main.o"
arm-none-eabi-gcc "../Core/Src/stm32f7xx_it.c" -mcpu=cortex-m7 -std=gnu11 -g3 -DDEBUG -DUSE_HAL_DRIVER -DSTM32F767xx -c -I../Core/Inc -I../Drivers/STM32F7xx_HAL_Driver/Inc -I../Drivers/STM32F7xx_HAL_Driver/Inc/Legacy -I../Drivers/CMSIS/Device/ST/STM32F7xx/Include -I../Drivers/CMSIS/Include -O0 -ffunction-sections -fdata-sections -Wall -fstack-usage -fcyclomatic-complexity -MMD -MP -MF"Core/Src/stm32f7xx_it.d" -MT"Core/Src/stm32f7xx_it.o" --specs=nano.specs -mfpu=fpv5-d16 -mfloat-abi=hard -mthumb -o "Core/Src/stm32f7xx_it.o"
arm-none-eabi-gcc -o "ESP_WIFI.elf" @"objects.list"   -mcpu=cortex-m7 -T"C:\Users\harun\Documents\GitHub\Personal-Projects\microFlipper\WifiModule\ESP_WIFI\STM32F767ZITX_FLASH.ld" --specs=nosys.specs -Wl,-Map="ESP_WIFI.map" -Wl,--gc-sections -static --specs=nano.specs -mfpu=fpv5-d16 -mfloat-abi=hard -mthumb -Wl,--start-group -lc -lm -Wl,--end-group
Finished building target: ESP_WIFI.elf
 
arm-none-eabi-size  ESP_WIFI.elf 
arm-none-eabi-objdump -h -S ESP_WIFI.elf  > "ESP_WIFI.list"
   text	   data	    bss	    dec	    hex	filename
  20060	    104	   2304	  22468	   57c4	ESP_WIFI.elf
Finished building: default.size.stdout
 
Finished building: ESP_WIFI.list
 
19:28:25 **** Incremental Build of configuration Debug for project ESP_WIFI ****
make -j16 all 
arm-none-eabi-gcc "../Core/Src/main.c" -mcpu=cortex-m7 -std=gnu11 -g3 -DDEBUG -DUSE_HAL_DRIVER -DSTM32F767xx -c -I../Core/Inc -I../Drivers/STM32F7xx_HAL_Driver/Inc -I../Drivers/STM32F7xx_HAL_Driver/Inc/Legacy -I../Drivers/CMSIS/Device/ST/STM32F7xx/Include -I../Drivers/CMSIS/Include -O0 -ffunction-sections -fdata-sections -Wall -fstack-usage -fcyclomatic-complexity -MMD -MP -MF"Core/Src/main.d" -MT"Core/Src/main.o" --specs=nano.specs -mfpu=fpv5-d16 -mfloat-abi=hard -mthumb -o "Core/Src/main.o"
arm-none-eabi-gcc -o "ESP_WIFI.elf" @"objects.list"   -mcpu=cortex-m7 -T"C:\Users\harun\Documents\GitHub\Personal-Projects\microFlipper\WifiModule\ESP_WIFI\STM32F767ZITX_FLASH.ld" --specs=nosys.specs -Wl,-Map="ESP_WIFI.map" -Wl,--gc-sections -static --specs=nano.specs -mfpu=fpv5-d16 -mfloat-abi=hard -mthumb -Wl,--start-group -lc -lm -Wl,--end-group
Finished building target: ESP_WIFI.elf
 
arm-none-eabi-size  ESP_WIFI.elf 
arm-none-eabi-objdump -h -S ESP_WIFI.elf  > "ESP_WIFI.list"
   text	   data	    bss	    dec	    hex	filename
  20076	    104	   2304	  22484	   57d4	ESP_WIFI.elf
Finished building: default.size.stdout
 
Finished building: ESP_WIFI.list
 
19:41:12 **** Incremental Build of configuration Debug for project ESP_WIFI ****
make -j16 all 
arm-none-eabi-gcc "../Core/Src/main.c" -mcpu=cortex-m7 -std=gnu11 -g3 -DDEBUG -DUSE_HAL_DRIVER -DSTM32F767xx -c -I../Core/Inc -I../Drivers/STM32F7xx_HAL_Driver/Inc -I../Drivers/STM32F7xx_HAL_Driver/Inc/Legacy -I../Drivers/CMSIS/Device/ST/STM32F7xx/Include -I../Drivers/CMSIS/Include -O0 -ffunction-sections -fdata-sections -Wall -fstack-usage -fcyclomatic-complexity -MMD -MP -MF"Core/Src/main.d" -MT"Core/Src/main.o" --specs=nano.specs -mfpu=fpv5-d16 -mfloat-abi=hard -mthumb -o "Core/Src/main.o"
arm-none-eabi-gcc -o "ESP_WIFI.elf" @"objects.list"   -mcpu=cortex-m7 -T"C:\Users\harun\Documents\GitHub\Personal-Projects\microFlipper\WifiModule\ESP_WIFI\STM32F767ZITX_FLASH.ld" --specs=nosys.specs -Wl,-Map="ESP_WIFI.map" -Wl,--gc-sections -static --specs=nano.specs -mfpu=fpv5-d16 -mfloat-abi=hard -mthumb -Wl,--start-group -lc -lm -Wl,--end-group
Finished building target: ESP_WIFI.elf
 
arm-none-eabi-size  ESP_WIFI.elf 
arm-none-eabi-objdump -h -S ESP_WIFI.elf  > "ESP_WIFI.list"
   text	   data	    bss	    dec	    hex	filename
  16912	    104	   2304	  19320	   4b78	ESP_WIFI.elf
Finished building: default.size.stdout
 
Finished building: ESP_WIFI.list
 
19:41:17 **** Incremental Build of configuration Debug for project ESP_WIFI ****
make -j16 all 
arm-none-eabi-size  ESP_WIFI.elf 
   text	   data	    bss	    dec	    hex	filename
  16912	    104	   2304	  19320	   4b78	ESP_WIFI.elf
Finished building: default.size.stdout
 
19:42:00 **** Incremental Build of configuration Debug for project ESP_WIFI ****
make -j16 all 
arm-none-eabi-gcc "../Core/Src/main.c" -mcpu=cortex-m7 -std=gnu11 -g3 -DDEBUG -DUSE_HAL_DRIVER -DSTM32F767xx -c -I../Core/Inc -I../Drivers/STM32F7xx_HAL_Driver/Inc -I../Drivers/STM32F7xx_HAL_Driver/Inc/Legacy -I../Drivers/CMSIS/Device/ST/STM32F7xx/Include -I../Drivers/CMSIS/Include -O0 -ffunction-sections -fdata-sections -Wall -fstack-usage -fcyclomatic-complexity -MMD -MP -MF"Core/Src/main.d" -MT"Core/Src/main.o" --specs=nano.specs -mfpu=fpv5-d16 -mfloat-abi=hard -mthumb -o "Core/Src/main.o"
arm-none-eabi-gcc -o "ESP_WIFI.elf" @"objects.list"   -mcpu=cortex-m7 -T"C:\Users\harun\Documents\GitHub\Personal-Projects\microFlipper\WifiModule\ESP_WIFI\STM32F767ZITX_FLASH.ld" --specs=nosys.specs -Wl,-Map="ESP_WIFI.map" -Wl,--gc-sections -static --specs=nano.specs -mfpu=fpv5-d16 -mfloat-abi=hard -mthumb -Wl,--start-group -lc -lm -Wl,--end-group
Finished building target: ESP_WIFI.elf
 
arm-none-eabi-size  ESP_WIFI.elf 
arm-none-eabi-objdump -h -S ESP_WIFI.elf  > "ESP_WIFI.list"
   text	   data	    bss	    dec	    hex	filename
  18612	    104	   2304	  21020	   521c	ESP_WIFI.elf
Finished building: default.size.stdout
 
Finished building: ESP_WIFI.list
 
19:43:11 **** Incremental Build of configuration Debug for project ESP_WIFI ****
make -j16 all 
arm-none-eabi-gcc "../Core/Src/main.c" -mcpu=cortex-m7 -std=gnu11 -g3 -DDEBUG -DUSE_HAL_DRIVER -DSTM32F767xx -c -I../Core/Inc -I../Drivers/STM32F7xx_HAL_Driver/Inc -I../Drivers/STM32F7xx_HAL_Driver/Inc/Legacy -I../Drivers/CMSIS/Device/ST/STM32F7xx/Include -I../Drivers/CMSIS/Include -O0 -ffunction-sections -fdata-sections -Wall -fstack-usage -fcyclomatic-complexity -MMD -MP -MF"Core/Src/main.d" -MT"Core/Src/main.o" --specs=nano.specs -mfpu=fpv5-d16 -mfloat-abi=hard -mthumb -o "Core/Src/main.o"
arm-none-eabi-gcc -o "ESP_WIFI.elf" @"objects.list"   -mcpu=cortex-m7 -T"C:\Users\harun\Documents\GitHub\Personal-Projects\microFlipper\WifiModule\ESP_WIFI\STM32F767ZITX_FLASH.ld" --specs=nosys.specs -Wl,-Map="ESP_WIFI.map" -Wl,--gc-sections -static --specs=nano.specs -mfpu=fpv5-d16 -mfloat-abi=hard -mthumb -Wl,--start-group -lc -lm -Wl,--end-group
Finished building target: ESP_WIFI.elf
 
arm-none-eabi-size  ESP_WIFI.elf 
arm-none-eabi-objdump -h -S ESP_WIFI.elf  > "ESP_WIFI.list"
   text	   data	    bss	    dec	    hex	filename
  18612	    104	   2304	  21020	   521c	ESP_WIFI.elf
Finished building: default.size.stdout
 
Finished building: ESP_WIFI.list
 
19:53:37 **** Incremental Build of configuration Debug for project ESP_WIFI ****
make -j16 all 
arm-none-eabi-gcc "../Core/Src/main.c" -mcpu=cortex-m7 -std=gnu11 -g3 -DDEBUG -DUSE_HAL_DRIVER -DSTM32F767xx -c -I../Core/Inc -I../Drivers/STM32F7xx_HAL_Driver/Inc -I../Drivers/STM32F7xx_HAL_Driver/Inc/Legacy -I../Drivers/CMSIS/Device/ST/STM32F7xx/Include -I../Drivers/CMSIS/Include -O0 -ffunction-sections -fdata-sections -Wall -fstack-usage -fcyclomatic-complexity -MMD -MP -MF"Core/Src/main.d" -MT"Core/Src/main.o" --specs=nano.specs -mfpu=fpv5-d16 -mfloat-abi=hard -mthumb -o "Core/Src/main.o"
arm-none-eabi-gcc -o "ESP_WIFI.elf" @"objects.list"   -mcpu=cortex-m7 -T"C:\Users\harun\Documents\GitHub\Personal-Projects\microFlipper\WifiModule\ESP_WIFI\STM32F767ZITX_FLASH.ld" --specs=nosys.specs -Wl,-Map="ESP_WIFI.map" -Wl,--gc-sections -static --specs=nano.specs -mfpu=fpv5-d16 -mfloat-abi=hard -mthumb -Wl,--start-group -lc -lm -Wl,--end-group
Finished building target: ESP_WIFI.elf
 
arm-none-eabi-size  ESP_WIFI.elf 
arm-none-eabi-objdump -h -S ESP_WIFI.elf  > "ESP_WIFI.list"
   text	   data	    bss	    dec	    hex	filename
  18612	    104	   2304	  21020	   521c	ESP_WIFI.elf
Finished building: default.size.stdout
 
Finished building: ESP_WIFI.list
 
19:55:46 **** Incremental Build of configuration Debug for project ESP_WIFI ****
make -j16 all 
arm-none-eabi-gcc "../Core/Src/main.c" -mcpu=cortex-m7 -std=gnu11 -g3 -DDEBUG -DUSE_HAL_DRIVER -DSTM32F767xx -c -I../Core/Inc -I../Drivers/STM32F7xx_HAL_Driver/Inc -I../Drivers/STM32F7xx_HAL_Driver/Inc/Legacy -I../Drivers/CMSIS/Device/ST/STM32F7xx/Include -I../Drivers/CMSIS/Include -O0 -ffunction-sections -fdata-sections -Wall -fstack-usage -fcyclomatic-complexity -MMD -MP -MF"Core/Src/main.d" -MT"Core/Src/main.o" --specs=nano.specs -mfpu=fpv5-d16 -mfloat-abi=hard -mthumb -o "Core/Src/main.o"
arm-none-eabi-gcc -o "ESP_WIFI.elf" @"objects.list"   -mcpu=cortex-m7 -T"C:\Users\harun\Documents\GitHub\Personal-Projects\microFlipper\WifiModule\ESP_WIFI\STM32F767ZITX_FLASH.ld" --specs=nosys.specs -Wl,-Map="ESP_WIFI.map" -Wl,--gc-sections -static --specs=nano.specs -mfpu=fpv5-d16 -mfloat-abi=hard -mthumb -Wl,--start-group -lc -lm -Wl,--end-group
Finished building target: ESP_WIFI.elf
 
arm-none-eabi-size  ESP_WIFI.elf 
arm-none-eabi-objdump -h -S ESP_WIFI.elf  > "ESP_WIFI.list"
   text	   data	    bss	    dec	    hex	filename
  18612	    104	   2304	  21020	   521c	ESP_WIFI.elf
Finished building: default.size.stdout
 
Finished building: ESP_WIFI.list
 
11:21:32 **** Incremental Build of configuration Debug for project ESP_WIFI ****
make -j16 all 
arm-none-eabi-gcc "../Core/Src/main.c" -mcpu=cortex-m7 -std=gnu11 -g3 -DDEBUG -DUSE_HAL_DRIVER -DSTM32F767xx -c -I../Core/Inc -I../Drivers/STM32F7xx_HAL_Driver/Inc -I../Drivers/STM32F7xx_HAL_Driver/Inc/Legacy -I../Drivers/CMSIS/Device/ST/STM32F7xx/Include -I../Drivers/CMSIS/Include -O0 -ffunction-sections -fdata-sections -Wall -fstack-usage -fcyclomatic-complexity -MMD -MP -MF"Core/Src/main.d" -MT"Core/Src/main.o" --specs=nano.specs -mfpu=fpv5-d16 -mfloat-abi=hard -mthumb -o "Core/Src/main.o"
../Core/Src/main.c: In function 'main':
../Core/Src/main.c:118:9: error: too many arguments to function 'HAL_UART_Receive_IT'
  118 |         HAL_UART_Receive_IT(&huart4, (uint8_t*)UART4_RX, 10, 10000);
      |         ^~~~~~~~~~~~~~~~~~~
In file included from ../Core/Inc/stm32f7xx_hal_conf.h:415,
                 from ../Drivers/STM32F7xx_HAL_Driver/Inc/stm32f7xx_hal.h:29,
                 from ../Core/Inc/main.h:30,
                 from ../Core/Src/main.c:20:
../Drivers/STM32F7xx_HAL_Driver/Inc/stm32f7xx_hal_uart.h:1556:19: note: declared here
 1556 | HAL_StatusTypeDef HAL_UART_Receive_IT(UART_HandleTypeDef *huart, uint8_t *pData, uint16_t Size);
      |                   ^~~~~~~~~~~~~~~~~~~
make: *** [Core/Src/subdir.mk:34: Core/Src/main.o] Error 1
"make -j16 all" terminated with exit code 2. Build might be incomplete.
11:21:43 **** Incremental Build of configuration Debug for project ESP_WIFI ****
make -j16 all 
arm-none-eabi-gcc "../Core/Src/main.c" -mcpu=cortex-m7 -std=gnu11 -g3 -DDEBUG -DUSE_HAL_DRIVER -DSTM32F767xx -c -I../Core/Inc -I../Drivers/STM32F7xx_HAL_Driver/Inc -I../Drivers/STM32F7xx_HAL_Driver/Inc/Legacy -I../Drivers/CMSIS/Device/ST/STM32F7xx/Include -I../Drivers/CMSIS/Include -O0 -ffunction-sections -fdata-sections -Wall -fstack-usage -fcyclomatic-complexity -MMD -MP -MF"Core/Src/main.d" -MT"Core/Src/main.o" --specs=nano.specs -mfpu=fpv5-d16 -mfloat-abi=hard -mthumb -o "Core/Src/main.o"
arm-none-eabi-gcc -o "ESP_WIFI.elf" @"objects.list"   -mcpu=cortex-m7 -T"C:\Users\harun\Documents\GitHub\Personal-Projects\microFlipper\WifiModule\ESP_WIFI\STM32F767ZITX_FLASH.ld" --specs=nosys.specs -Wl,-Map="ESP_WIFI.map" -Wl,--gc-sections -static --specs=nano.specs -mfpu=fpv5-d16 -mfloat-abi=hard -mthumb -Wl,--start-group -lc -lm -Wl,--end-group
Finished building target: ESP_WIFI.elf
 
arm-none-eabi-size  ESP_WIFI.elf 
arm-none-eabi-objdump -h -S ESP_WIFI.elf  > "ESP_WIFI.list"
   text	   data	    bss	    dec	    hex	filename
  19536	    104	   2304	  21944	   55b8	ESP_WIFI.elf
Finished building: default.size.stdout
 
Finished building: ESP_WIFI.list
 
11:21:49 **** Incremental Build of configuration Debug for project ESP_WIFI ****
make -j16 all 
arm-none-eabi-size  ESP_WIFI.elf 
   text	   data	    bss	    dec	    hex	filename
  19536	    104	   2304	  21944	   55b8	ESP_WIFI.elf
Finished building: default.size.stdout
 
11:23:14 **** Incremental Build of configuration Debug for project ESP_WIFI ****
make -j16 all 
arm-none-eabi-gcc "../Core/Src/main.c" -mcpu=cortex-m7 -std=gnu11 -g3 -DDEBUG -DUSE_HAL_DRIVER -DSTM32F767xx -c -I../Core/Inc -I../Drivers/STM32F7xx_HAL_Driver/Inc -I../Drivers/STM32F7xx_HAL_Driver/Inc/Legacy -I../Drivers/CMSIS/Device/ST/STM32F7xx/Include -I../Drivers/CMSIS/Include -O0 -ffunction-sections -fdata-sections -Wall -fstack-usage -fcyclomatic-complexity -MMD -MP -MF"Core/Src/main.d" -MT"Core/Src/main.o" --specs=nano.specs -mfpu=fpv5-d16 -mfloat-abi=hard -mthumb -o "Core/Src/main.o"
arm-none-eabi-gcc -o "ESP_WIFI.elf" @"objects.list"   -mcpu=cortex-m7 -T"C:\Users\harun\Documents\GitHub\Personal-Projects\microFlipper\WifiModule\ESP_WIFI\STM32F767ZITX_FLASH.ld" --specs=nosys.specs -Wl,-Map="ESP_WIFI.map" -Wl,--gc-sections -static --specs=nano.specs -mfpu=fpv5-d16 -mfloat-abi=hard -mthumb -Wl,--start-group -lc -lm -Wl,--end-group
Finished building target: ESP_WIFI.elf
 
arm-none-eabi-size  ESP_WIFI.elf 
arm-none-eabi-objdump -h -S ESP_WIFI.elf  > "ESP_WIFI.list"
   text	   data	    bss	    dec	    hex	filename
  19548	    104	   2304	  21956	   55c4	ESP_WIFI.elf
Finished building: default.size.stdout
 
Finished building: ESP_WIFI.list
 
11:25:23 **** Incremental Build of configuration Debug for project ESP_WIFI ****
make -j16 all 
arm-none-eabi-size  ESP_WIFI.elf 
   text	   data	    bss	    dec	    hex	filename
  19548	    104	   2304	  21956	   55c4	ESP_WIFI.elf
Finished building: default.size.stdout
 
11:34:22 **** Incremental Build of configuration Debug for project ESP_WIFI ****
make -j16 all 
arm-none-eabi-gcc "../Core/Src/main.c" -mcpu=cortex-m7 -std=gnu11 -g3 -DDEBUG -DUSE_HAL_DRIVER -DSTM32F767xx -c -I../Core/Inc -I../Drivers/STM32F7xx_HAL_Driver/Inc -I../Drivers/STM32F7xx_HAL_Driver/Inc/Legacy -I../Drivers/CMSIS/Device/ST/STM32F7xx/Include -I../Drivers/CMSIS/Include -O0 -ffunction-sections -fdata-sections -Wall -fstack-usage -fcyclomatic-complexity -MMD -MP -MF"Core/Src/main.d" -MT"Core/Src/main.o" --specs=nano.specs -mfpu=fpv5-d16 -mfloat-abi=hard -mthumb -o "Core/Src/main.o"
arm-none-eabi-gcc -o "ESP_WIFI.elf" @"objects.list"   -mcpu=cortex-m7 -T"C:\Users\harun\Documents\GitHub\Personal-Projects\microFlipper\WifiModule\ESP_WIFI\STM32F767ZITX_FLASH.ld" --specs=nosys.specs -Wl,-Map="ESP_WIFI.map" -Wl,--gc-sections -static --specs=nano.specs -mfpu=fpv5-d16 -mfloat-abi=hard -mthumb -Wl,--start-group -lc -lm -Wl,--end-group
Finished building target: ESP_WIFI.elf
 
arm-none-eabi-size  ESP_WIFI.elf 
arm-none-eabi-objdump -h -S ESP_WIFI.elf  > "ESP_WIFI.list"
   text	   data	    bss	    dec	    hex	filename
  19544	    104	   2304	  21952	   55c0	ESP_WIFI.elf
Finished building: default.size.stdout
 
Finished building: ESP_WIFI.list
 
11:35:02 **** Incremental Build of configuration Debug for project ESP_WIFI ****
make -j16 all 
arm-none-eabi-gcc -o "ESP_WIFI.elf" @"objects.list"   -mcpu=cortex-m7 -T"C:\Users\harun\Documents\GitHub\Personal-Projects\microFlipper\WifiModule\ESP_WIFI\STM32F767ZITX_FLASH.ld" --specs=nosys.specs -Wl,-Map="ESP_WIFI.map" -Wl,--gc-sections -static --specs=nano.specs -mfpu=fpv5-d16 -mfloat-abi=hard -mthumb -Wl,--start-group -lc -lm -Wl,--end-group
Finished building target: ESP_WIFI.elf
 
arm-none-eabi-size  ESP_WIFI.elf 
arm-none-eabi-objdump -h -S ESP_WIFI.elf  > "ESP_WIFI.list"
   text	   data	    bss	    dec	    hex	filename
  19544	    104	   2304	  21952	   55c0	ESP_WIFI.elf
Finished building: default.size.stdout
 
Finished building: ESP_WIFI.list
 
11:42:33 **** Incremental Build of configuration Debug for project ESP_WIFI ****
make -j16 all 
arm-none-eabi-gcc "../Drivers/STM32F7xx_HAL_Driver/Src/stm32f7xx_hal_uart.c" -mcpu=cortex-m7 -std=gnu11 -g3 -DDEBUG -DUSE_HAL_DRIVER -DSTM32F767xx -c -I../Core/Inc -I../Drivers/STM32F7xx_HAL_Driver/Inc -I../Drivers/STM32F7xx_HAL_Driver/Inc/Legacy -I../Drivers/CMSIS/Device/ST/STM32F7xx/Include -I../Drivers/CMSIS/Include -O0 -ffunction-sections -fdata-sections -Wall -fstack-usage -fcyclomatic-complexity -MMD -MP -MF"Drivers/STM32F7xx_HAL_Driver/Src/stm32f7xx_hal_uart.d" -MT"Drivers/STM32F7xx_HAL_Driver/Src/stm32f7xx_hal_uart.o" --specs=nano.specs -mfpu=fpv5-d16 -mfloat-abi=hard -mthumb -o "Drivers/STM32F7xx_HAL_Driver/Src/stm32f7xx_hal_uart.o"
arm-none-eabi-gcc "../Core/Src/main.c" -mcpu=cortex-m7 -std=gnu11 -g3 -DDEBUG -DUSE_HAL_DRIVER -DSTM32F767xx -c -I../Core/Inc -I../Drivers/STM32F7xx_HAL_Driver/Inc -I../Drivers/STM32F7xx_HAL_Driver/Inc/Legacy -I../Drivers/CMSIS/Device/ST/STM32F7xx/Include -I../Drivers/CMSIS/Include -O0 -ffunction-sections -fdata-sections -Wall -fstack-usage -fcyclomatic-complexity -MMD -MP -MF"Core/Src/main.d" -MT"Core/Src/main.o" --specs=nano.specs -mfpu=fpv5-d16 -mfloat-abi=hard -mthumb -o "Core/Src/main.o"
arm-none-eabi-gcc -o "ESP_WIFI.elf" @"objects.list"   -mcpu=cortex-m7 -T"C:\Users\harun\Documents\GitHub\Personal-Projects\microFlipper\WifiModule\ESP_WIFI\STM32F767ZITX_FLASH.ld" --specs=nosys.specs -Wl,-Map="ESP_WIFI.map" -Wl,--gc-sections -static --specs=nano.specs -mfpu=fpv5-d16 -mfloat-abi=hard -mthumb -Wl,--start-group -lc -lm -Wl,--end-group
Finished building target: ESP_WIFI.elf
 
arm-none-eabi-size  ESP_WIFI.elf 
arm-none-eabi-objdump -h -S ESP_WIFI.elf  > "ESP_WIFI.list"
   text	   data	    bss	    dec	    hex	filename
  19584	    104	   2304	  21992	   55e8	ESP_WIFI.elf
Finished building: default.size.stdout
 
Finished building: ESP_WIFI.list
 
11:42:37 **** Incremental Build of configuration Debug for project ESP_WIFI ****
make -j16 all 
arm-none-eabi-size  ESP_WIFI.elf 
   text	   data	    bss	    dec	    hex	filename
  19584	    104	   2304	  21992	   55e8	ESP_WIFI.elf
Finished building: default.size.stdout
 
11:43:32 **** Incremental Build of configuration Debug for project ESP_WIFI ****
make -j16 all 
arm-none-eabi-gcc "../Core/Src/main.c" -mcpu=cortex-m7 -std=gnu11 -g3 -DDEBUG -DUSE_HAL_DRIVER -DSTM32F767xx -c -I../Core/Inc -I../Drivers/STM32F7xx_HAL_Driver/Inc -I../Drivers/STM32F7xx_HAL_Driver/Inc/Legacy -I../Drivers/CMSIS/Device/ST/STM32F7xx/Include -I../Drivers/CMSIS/Include -O0 -ffunction-sections -fdata-sections -Wall -fstack-usage -fcyclomatic-complexity -MMD -MP -MF"Core/Src/main.d" -MT"Core/Src/main.o" --specs=nano.specs -mfpu=fpv5-d16 -mfloat-abi=hard -mthumb -o "Core/Src/main.o"
arm-none-eabi-gcc -o "ESP_WIFI.elf" @"objects.list"   -mcpu=cortex-m7 -T"C:\Users\harun\Documents\GitHub\Personal-Projects\microFlipper\WifiModule\ESP_WIFI\STM32F767ZITX_FLASH.ld" --specs=nosys.specs -Wl,-Map="ESP_WIFI.map" -Wl,--gc-sections -static --specs=nano.specs -mfpu=fpv5-d16 -mfloat-abi=hard -mthumb -Wl,--start-group -lc -lm -Wl,--end-group
Finished building target: ESP_WIFI.elf
 
arm-none-eabi-size  ESP_WIFI.elf 
arm-none-eabi-objdump -h -S ESP_WIFI.elf  > "ESP_WIFI.list"
   text	   data	    bss	    dec	    hex	filename
  19584	    104	   2304	  21992	   55e8	ESP_WIFI.elf
Finished building: default.size.stdout
 
Finished building: ESP_WIFI.list
 
11:58:22 **** Incremental Build of configuration Debug for project ESP_WIFI ****
make -j16 all 
arm-none-eabi-gcc "../Drivers/STM32F7xx_HAL_Driver/Src/stm32f7xx_hal_uart.c" -mcpu=cortex-m7 -std=gnu11 -g3 -DDEBUG -DUSE_HAL_DRIVER -DSTM32F767xx -c -I../Core/Inc -I../Drivers/STM32F7xx_HAL_Driver/Inc -I../Drivers/STM32F7xx_HAL_Driver/Inc/Legacy -I../Drivers/CMSIS/Device/ST/STM32F7xx/Include -I../Drivers/CMSIS/Include -O0 -ffunction-sections -fdata-sections -Wall -fstack-usage -fcyclomatic-complexity -MMD -MP -MF"Drivers/STM32F7xx_HAL_Driver/Src/stm32f7xx_hal_uart.d" -MT"Drivers/STM32F7xx_HAL_Driver/Src/stm32f7xx_hal_uart.o" --specs=nano.specs -mfpu=fpv5-d16 -mfloat-abi=hard -mthumb -o "Drivers/STM32F7xx_HAL_Driver/Src/stm32f7xx_hal_uart.o"
arm-none-eabi-gcc "../Core/Src/main.c" -mcpu=cortex-m7 -std=gnu11 -g3 -DDEBUG -DUSE_HAL_DRIVER -DSTM32F767xx -c -I../Core/Inc -I../Drivers/STM32F7xx_HAL_Driver/Inc -I../Drivers/STM32F7xx_HAL_Driver/Inc/Legacy -I../Drivers/CMSIS/Device/ST/STM32F7xx/Include -I../Drivers/CMSIS/Include -O0 -ffunction-sections -fdata-sections -Wall -fstack-usage -fcyclomatic-complexity -MMD -MP -MF"Core/Src/main.d" -MT"Core/Src/main.o" --specs=nano.specs -mfpu=fpv5-d16 -mfloat-abi=hard -mthumb -o "Core/Src/main.o"
arm-none-eabi-gcc -o "ESP_WIFI.elf" @"objects.list"   -mcpu=cortex-m7 -T"C:\Users\harun\Documents\GitHub\Personal-Projects\microFlipper\WifiModule\ESP_WIFI\STM32F767ZITX_FLASH.ld" --specs=nosys.specs -Wl,-Map="ESP_WIFI.map" -Wl,--gc-sections -static --specs=nano.specs -mfpu=fpv5-d16 -mfloat-abi=hard -mthumb -Wl,--start-group -lc -lm -Wl,--end-group
Finished building target: ESP_WIFI.elf
 
arm-none-eabi-size  ESP_WIFI.elf 
arm-none-eabi-objdump -h -S ESP_WIFI.elf  > "ESP_WIFI.list"
   text	   data	    bss	    dec	    hex	filename
  19536	    104	   2304	  21944	   55b8	ESP_WIFI.elf
Finished building: default.size.stdout
 
Finished building: ESP_WIFI.list
 
12:11:57 **** Incremental Build of configuration Debug for project ESP_WIFI ****
make -j16 all 
arm-none-eabi-gcc "../Core/Src/main.c" -mcpu=cortex-m7 -std=gnu11 -g3 -DDEBUG -DUSE_HAL_DRIVER -DSTM32F767xx -c -I../Core/Inc -I../Drivers/STM32F7xx_HAL_Driver/Inc -I../Drivers/STM32F7xx_HAL_Driver/Inc/Legacy -I../Drivers/CMSIS/Device/ST/STM32F7xx/Include -I../Drivers/CMSIS/Include -O0 -ffunction-sections -fdata-sections -Wall -fstack-usage -fcyclomatic-complexity -MMD -MP -MF"Core/Src/main.d" -MT"Core/Src/main.o" --specs=nano.specs -mfpu=fpv5-d16 -mfloat-abi=hard -mthumb -o "Core/Src/main.o"
arm-none-eabi-gcc -o "ESP_WIFI.elf" @"objects.list"   -mcpu=cortex-m7 -T"C:\Users\harun\Documents\GitHub\Personal-Projects\microFlipper\WifiModule\ESP_WIFI\STM32F767ZITX_FLASH.ld" --specs=nosys.specs -Wl,-Map="ESP_WIFI.map" -Wl,--gc-sections -static --specs=nano.specs -mfpu=fpv5-d16 -mfloat-abi=hard -mthumb -Wl,--start-group -lc -lm -Wl,--end-group
Finished building target: ESP_WIFI.elf
 
arm-none-eabi-size  ESP_WIFI.elf 
arm-none-eabi-objdump -h -S ESP_WIFI.elf  > "ESP_WIFI.list"
   text	   data	    bss	    dec	    hex	filename
  20072	    104	   2304	  22480	   57d0	ESP_WIFI.elf
Finished building: default.size.stdout
 
Finished building: ESP_WIFI.list
 
12:12:58 **** Incremental Build of configuration Debug for project ESP_WIFI ****
make -j16 all 
arm-none-eabi-gcc "../Core/Src/main.c" -mcpu=cortex-m7 -std=gnu11 -g3 -DDEBUG -DUSE_HAL_DRIVER -DSTM32F767xx -c -I../Core/Inc -I../Drivers/STM32F7xx_HAL_Driver/Inc -I../Drivers/STM32F7xx_HAL_Driver/Inc/Legacy -I../Drivers/CMSIS/Device/ST/STM32F7xx/Include -I../Drivers/CMSIS/Include -O0 -ffunction-sections -fdata-sections -Wall -fstack-usage -fcyclomatic-complexity -MMD -MP -MF"Core/Src/main.d" -MT"Core/Src/main.o" --specs=nano.specs -mfpu=fpv5-d16 -mfloat-abi=hard -mthumb -o "Core/Src/main.o"
../Core/Src/main.c: In function 'HAL_UART_RxCpltCallback':
../Core/Src/main.c:262:9: warning: implicit declaration of function 'HAL_DELAY'; did you mean 'HAL_Delay'? [-Wimplicit-function-declaration]
  262 |         HAL_DELAY(1);
      |         ^~~~~~~~~
      |         HAL_Delay
arm-none-eabi-gcc -o "ESP_WIFI.elf" @"objects.list"   -mcpu=cortex-m7 -T"C:\Users\harun\Documents\GitHub\Personal-Projects\microFlipper\WifiModule\ESP_WIFI\STM32F767ZITX_FLASH.ld" --specs=nosys.specs -Wl,-Map="ESP_WIFI.map" -Wl,--gc-sections -static --specs=nano.specs -mfpu=fpv5-d16 -mfloat-abi=hard -mthumb -Wl,--start-group -lc -lm -Wl,--end-group
C:/ST/STM32CubeIDE_1.15.0/STM32CubeIDE/plugins/com.st.stm32cube.ide.mcu.externaltools.gnu-tools-for-stm32.12.3.rel1.win32_1.0.100.202403111256/tools/bin/../lib/gcc/arm-none-eabi/12.3.1/../../../../arm-none-eabi/bin/ld.exe: ./Core/Src/main.o: in function `HAL_UART_RxCpltCallback':
C:/Users/harun/Documents/GitHub/Personal-Projects/microFlipper/WifiModule/ESP_WIFI/Debug/../Core/Src/main.c:262: undefined reference to `HAL_DELAY'
C:/ST/STM32CubeIDE_1.15.0/STM32CubeIDE/plugins/com.st.stm32cube.ide.mcu.externaltools.gnu-tools-for-stm32.12.3.rel1.win32_1.0.100.202403111256/tools/bin/../lib/gcc/arm-none-eabi/12.3.1/../../../../arm-none-eabi/bin/ld.exe: ./Core/Src/main.o: in function `HAL_UART_TxCpltCallback':
C:/Users/harun/Documents/GitHub/Personal-Projects/microFlipper/WifiModule/ESP_WIFI/Debug/../Core/Src/main.c:267: undefined reference to `HAL_DELAY'
collect2.exe: error: ld returned 1 exit status
make: *** [makefile:64: ESP_WIFI.elf] Error 1
"make -j16 all" terminated with exit code 2. Build might be incomplete.
12:13:15 **** Incremental Build of configuration Debug for project ESP_WIFI ****
make -j16 all 
arm-none-eabi-gcc "../Core/Src/main.c" -mcpu=cortex-m7 -std=gnu11 -g3 -DDEBUG -DUSE_HAL_DRIVER -DSTM32F767xx -c -I../Core/Inc -I../Drivers/STM32F7xx_HAL_Driver/Inc -I../Drivers/STM32F7xx_HAL_Driver/Inc/Legacy -I../Drivers/CMSIS/Device/ST/STM32F7xx/Include -I../Drivers/CMSIS/Include -O0 -ffunction-sections -fdata-sections -Wall -fstack-usage -fcyclomatic-complexity -MMD -MP -MF"Core/Src/main.d" -MT"Core/Src/main.o" --specs=nano.specs -mfpu=fpv5-d16 -mfloat-abi=hard -mthumb -o "Core/Src/main.o"
arm-none-eabi-gcc -o "ESP_WIFI.elf" @"objects.list"   -mcpu=cortex-m7 -T"C:\Users\harun\Documents\GitHub\Personal-Projects\microFlipper\WifiModule\ESP_WIFI\STM32F767ZITX_FLASH.ld" --specs=nosys.specs -Wl,-Map="ESP_WIFI.map" -Wl,--gc-sections -static --specs=nano.specs -mfpu=fpv5-d16 -mfloat-abi=hard -mthumb -Wl,--start-group -lc -lm -Wl,--end-group
Finished building target: ESP_WIFI.elf
 
arm-none-eabi-size  ESP_WIFI.elf 
arm-none-eabi-objdump -h -S ESP_WIFI.elf  > "ESP_WIFI.list"
   text	   data	    bss	    dec	    hex	filename
  20068	    104	   2304	  22476	   57cc	ESP_WIFI.elf
Finished building: default.size.stdout
 
Finished building: ESP_WIFI.list
 
12:14:00 **** Incremental Build of configuration Debug for project ESP_WIFI ****
make -j16 all 
[...]
Finished building target: ESP_WIFI.elf
 
arm-none-eabi-size  ESP_WIFI.elf 
arm-none-eabi-objdump -h -S ESP_WIFI.elf  > "ESP_WIFI.list"
   text	   data	    bss	    dec	    hex	filename
  19308	     92	   6612	  26012	   659c	ESP_WIFI.elf
Finished building: default.size.stdout
 
Finished building: ESP_WIFI.list
 
12:12:21 **** Incremental Build of configuration Debug for project ESP_WIFI ****
make -j16 all 
arm-none-eabi-size  ESP_WIFI.elf 
   text	   data	    bss	    dec	    hex	filename
  19308	     92	   6612	  26012	   659c	ESP_WIFI.elf
Finished building: default.size.stdout
 
12:13:58 **** Incremental Build of configuration Debug for project ESP_WIFI ****
make -j16 all 
arm-none-eabi-gcc "../Core/Src/WIFI.c" -mcpu=cortex-m7 -std=gnu11 -g3 -DDEBUG -DUSE_HAL_DRIVER -DSTM32F767xx -c -I../Core/Inc -I../Drivers/STM32F7xx_HAL_Driver/Inc -I../Drivers/STM32F7xx_HAL_Driver/Inc/Legacy -I../Drivers/CMSIS/Device/ST/STM32F7xx/Include -I../Drivers/CMSIS/Include -O0 -ffunction-sections -fdata-sections -Wall -fstack-usage -fcyclomatic-complexity -MMD -MP -MF"Core/Src/WIFI.d" -MT"Core/Src/WIFI.o" --specs=nano.specs -mfpu=fpv5-d16 -mfloat-abi=hard -mthumb -o "Core/Src/WIFI.o"
arm-none-eabi-gcc -o "ESP_WIFI.elf" @"objects.list"   -mcpu=cortex-m7 -T"C:\Users\harun\Documents\GitHub\Personal-Projects\microFlipper\WifiModule\ESP_WIFI\STM32F767ZITX_FLASH.ld" --specs=nosys.specs -Wl,-Map="ESP_WIFI.map" -Wl,--gc-sections -static --specs=nano.specs -mfpu=fpv5-d16 -mfloat-abi=hard -mthumb -Wl,--start-group -lc -lm -Wl,--end-group
Finished building target: ESP_WIFI.elf
 
arm-none-eabi-size  ESP_WIFI.elf 
arm-none-eabi-objdump -h -S ESP_WIFI.elf  > "ESP_WIFI.list"
   text	   data	    bss	    dec	    hex	filename
  19308	     92	   6612	  26012	   659c	ESP_WIFI.elf
Finished building: default.size.stdout
 
Finished building: ESP_WIFI.list
 
17:17:50 **** Build of configuration Debug for project ESP_WIFI ****
make -j16 all 
arm-none-eabi-gcc "../Core/Src/WIFI.c" -mcpu=cortex-m7 -std=gnu11 -g3 -DDEBUG -DUSE_HAL_DRIVER -DSTM32F767xx -c -I../Core/Inc -I../Drivers/STM32F7xx_HAL_Driver/Inc -I../Drivers/STM32F7xx_HAL_Driver/Inc/Legacy -I../Drivers/CMSIS/Device/ST/STM32F7xx/Include -I../Drivers/CMSIS/Include -O0 -ffunction-sections -fdata-sections -Wall -fstack-usage -fcyclomatic-complexity -MMD -MP -MF"Core/Src/WIFI.d" -MT"Core/Src/WIFI.o" --specs=nano.specs -mfpu=fpv5-d16 -mfloat-abi=hard -mthumb -o "Core/Src/WIFI.o"
arm-none-eabi-gcc "../Core/Src/main.c" -mcpu=cortex-m7 -std=gnu11 -g3 -DDEBUG -DUSE_HAL_DRIVER -DSTM32F767xx -c -I../Core/Inc -I../Drivers/STM32F7xx_HAL_Driver/Inc -I../Drivers/STM32F7xx_HAL_Driver/Inc/Legacy -I../Drivers/CMSIS/Device/ST/STM32F7xx/Include -I../Drivers/CMSIS/Include -O0 -ffunction-sections -fdata-sections -Wall -fstack-usage -fcyclomatic-complexity -MMD -MP -MF"Core/Src/main.d" -MT"Core/Src/main.o" --specs=nano.specs -mfpu=fpv5-d16 -mfloat-abi=hard -mthumb -o "Core/Src/main.o"
arm-none-eabi-gcc "../Core/Src/stm32f7xx_it.c" -mcpu=cortex-m7 -std=gnu11 -g3 -DDEBUG -DUSE_HAL_DRIVER -DSTM32F767xx -c -I../Core/Inc -I../Drivers/STM32F7xx_HAL_Driver/Inc -I../Drivers/STM32F7xx_HAL_Driver/Inc/Legacy -I../Drivers/CMSIS/Device/ST/STM32F7xx/Include -I../Drivers/CMSIS/Include -O0 -ffunction-sections -fdata-sections -Wall -fstack-usage -fcyclomatic-complexity -MMD -MP -MF"Core/Src/stm32f7xx_it.d" -MT"Core/Src/stm32f7xx_it.o" --specs=nano.specs -mfpu=fpv5-d16 -mfloat-abi=hard -mthumb -o "Core/Src/stm32f7xx_it.o"
../Core/Src/main.c: In function 'main':
../Core/Src/main.c:114:8: warning: unused variable 'output' [-Wunused-variable]
  114 |   char output[1028];
      |        ^~~~~~
../Core/Src/main.c:112:12: warning: variable 'test' set but not used [-Wunused-but-set-variable]
  112 |   ATStatus test;
      |            ^~~~
../Core/Src/WIFI.c: In function 'AT_queryServer':
../Core/Src/WIFI.c:425:32: warning: comparison between pointer and integer
  425 |                         if(mode==1){
      |                                ^~
../Core/Src/WIFI.c:435:37: warning: assignment to 'uint16_t *' {aka 'short unsigned int *'} from 'int' makes pointer from integer without a cast [-Wint-conversion]
  435 |                                 port=0xFFFF;
      |                                     ^
../Core/Src/WIFI.c: In function 'AT_setServer':
../Core/Src/WIFI.c:492:46: error: invalid type argument of unary '*' (have 'int')
  492 |                         AT_queryMUX(*huart4, *cipmuxMode);
      |                                              ^~~~~~~~~~~
../Core/Src/WIFI.c:492:37: error: incompatible type for argument 1 of 'AT_queryMUX'
  492 |                         AT_queryMUX(*huart4, *cipmuxMode);
      |                                     ^~~~~~~
      |                                     |
      |                                     UART_HandleTypeDef {aka struct __UART_HandleTypeDef}
../Core/Src/WIFI.c:283:42: note: expected 'UART_HandleTypeDef *' {aka 'struct __UART_HandleTypeDef *'} but argument is of type 'UART_HandleTypeDef' {aka 'struct __UART_HandleTypeDef'}
  283 | ATStatus AT_queryMUX(UART_HandleTypeDef* huart4, MuxMode* mode){
      |                      ~~~~~~~~~~~~~~~~~~~~^~~~~~
make: *** [Core/Src/subdir.mk:37: Core/Src/WIFI.o] Error 1
make: *** Waiting for unfinished jobs....
"make -j16 all" terminated with exit code 2. Build might be incomplete.
17:18:02 **** Incremental Build of configuration Debug for project ESP_WIFI ****
make -j16 all 
arm-none-eabi-gcc "../Core/Src/WIFI.c" -mcpu=cortex-m7 -std=gnu11 -g3 -DDEBUG -DUSE_HAL_DRIVER -DSTM32F767xx -c -I../Core/Inc -I../Drivers/STM32F7xx_HAL_Driver/Inc -I../Drivers/STM32F7xx_HAL_Driver/Inc/Legacy -I../Drivers/CMSIS/Device/ST/STM32F7xx/Include -I../Drivers/CMSIS/Include -O0 -ffunction-sections -fdata-sections -Wall -fstack-usage -fcyclomatic-complexity -MMD -MP -MF"Core/Src/WIFI.d" -MT"Core/Src/WIFI.o" --specs=nano.specs -mfpu=fpv5-d16 -mfloat-abi=hard -mthumb -o "Core/Src/WIFI.o"
../Core/Src/WIFI.c: In function 'AT_queryServer':
../Core/Src/WIFI.c:425:32: warning: comparison between pointer and integer
  425 |                         if(mode==1){
      |                                ^~
../Core/Src/WIFI.c:435:37: warning: assignment to 'uint16_t *' {aka 'short unsigned int *'} from 'int' makes pointer from integer without a cast [-Wint-conversion]
  435 |                                 port=0xFFFF;
      |                                     ^
../Core/Src/WIFI.c: In function 'AT_setServer':
../Core/Src/WIFI.c:492:45: error: invalid type argument of unary '*' (have 'int')
  492 |                         AT_queryMUX(huart4, *cipmuxMode);
      |                                             ^~~~~~~~~~~
make: *** [Core/Src/subdir.mk:37: Core/Src/WIFI.o] Error 1
"make -j16 all" terminated with exit code 2. Build might be incomplete.
17:18:50 **** Incremental Build of configuration Debug for project ESP_WIFI ****
make -j16 all 
arm-none-eabi-gcc "../Core/Src/WIFI.c" -mcpu=cortex-m7 -std=gnu11 -g3 -DDEBUG -DUSE_HAL_DRIVER -DSTM32F767xx -c -I../Core/Inc -I../Drivers/STM32F7xx_HAL_Driver/Inc -I../Drivers/STM32F7xx_HAL_Driver/Inc/Legacy -I../Drivers/CMSIS/Device/ST/STM32F7xx/Include -I../Drivers/CMSIS/Include -O0 -ffunction-sections -fdata-sections -Wall -fstack-usage -fcyclomatic-complexity -MMD -MP -MF"Core/Src/WIFI.d" -MT"Core/Src/WIFI.o" --specs=nano.specs -mfpu=fpv5-d16 -mfloat-abi=hard -mthumb -o "Core/Src/WIFI.o"
../Core/Src/WIFI.c: In function 'AT_queryServer':
../Core/Src/WIFI.c:425:32: warning: comparison between pointer and integer
  425 |                         if(mode==1){
      |                                ^~
../Core/Src/WIFI.c:435:37: warning: assignment to 'uint16_t *' {aka 'short unsigned int *'} from 'int' makes pointer from integer without a cast [-Wint-conversion]
  435 |                                 port=0xFFFF;
      |                                     ^
arm-none-eabi-gcc -o "ESP_WIFI.elf" @"objects.list"   -mcpu=cortex-m7 -T"C:\Users\harun\Documents\GitHub\Personal-Projects\microFlipper\WifiModule\ESP_WIFI\STM32F767ZITX_FLASH.ld" --specs=nosys.specs -Wl,-Map="ESP_WIFI.map" -Wl,--gc-sections -static --specs=nano.specs -mfpu=fpv5-d16 -mfloat-abi=hard -mthumb -Wl,--start-group -lc -lm -Wl,--end-group
Finished building target: ESP_WIFI.elf
 
arm-none-eabi-size  ESP_WIFI.elf 
arm-none-eabi-objdump -h -S ESP_WIFI.elf  > "ESP_WIFI.list"
   text	   data	    bss	    dec	    hex	filename
  19476	     92	   6612	  26180	   6644	ESP_WIFI.elf
Finished building: default.size.stdout
 
Finished building: ESP_WIFI.list
 
17:19:32 **** Incremental Build of configuration Debug for project ESP_WIFI ****
make -j16 all 
arm-none-eabi-gcc "../Core/Src/WIFI.c" -mcpu=cortex-m7 -std=gnu11 -g3 -DDEBUG -DUSE_HAL_DRIVER -DSTM32F767xx -c -I../Core/Inc -I../Drivers/STM32F7xx_HAL_Driver/Inc -I../Drivers/STM32F7xx_HAL_Driver/Inc/Legacy -I../Drivers/CMSIS/Device/ST/STM32F7xx/Include -I../Drivers/CMSIS/Include -O0 -ffunction-sections -fdata-sections -Wall -fstack-usage -fcyclomatic-complexity -MMD -MP -MF"Core/Src/WIFI.d" -MT"Core/Src/WIFI.o" --specs=nano.specs -mfpu=fpv5-d16 -mfloat-abi=hard -mthumb -o "Core/Src/WIFI.o"
arm-none-eabi-gcc "../Core/Src/main.c" -mcpu=cortex-m7 -std=gnu11 -g3 -DDEBUG -DUSE_HAL_DRIVER -DSTM32F767xx -c -I../Core/Inc -I../Drivers/STM32F7xx_HAL_Driver/Inc -I../Drivers/STM32F7xx_HAL_Driver/Inc/Legacy -I../Drivers/CMSIS/Device/ST/STM32F7xx/Include -I../Drivers/CMSIS/Include -O0 -ffunction-sections -fdata-sections -Wall -fstack-usage -fcyclomatic-complexity -MMD -MP -MF"Core/Src/main.d" -MT"Core/Src/main.o" --specs=nano.specs -mfpu=fpv5-d16 -mfloat-abi=hard -mthumb -o "Core/Src/main.o"
arm-none-eabi-gcc "../Core/Src/stm32f7xx_it.c" -mcpu=cortex-m7 -std=gnu11 -g3 -DDEBUG -DUSE_HAL_DRIVER -DSTM32F767xx -c -I../Core/Inc -I../Drivers/STM32F7xx_HAL_Driver/Inc -I../Drivers/STM32F7xx_HAL_Driver/Inc/Legacy -I../Drivers/CMSIS/Device/ST/STM32F7xx/Include -I../Drivers/CMSIS/Include -O0 -ffunction-sections -fdata-sections -Wall -fstack-usage -fcyclomatic-complexity -MMD -MP -MF"Core/Src/stm32f7xx_it.d" -MT"Core/Src/stm32f7xx_it.o" --specs=nano.specs -mfpu=fpv5-d16 -mfloat-abi=hard -mthumb -o "Core/Src/stm32f7xx_it.o"
../Core/Src/WIFI.c: In function 'AT_queryServer':
../Core/Src/WIFI.c:425:32: warning: comparison between pointer and integer
  425 |                         if(mode==CREATE){
      |                                ^~
../Core/Src/WIFI.c:435:37: warning: assignment to 'uint16_t *' {aka 'short unsigned int *'} from 'short unsigned int' makes pointer from integer without a cast [-Wint-conversion]
  435 |                                 port=(uint16_t)0xFFFF;
      |                                     ^
../Core/Src/main.c: In function 'main':
../Core/Src/main.c:114:8: warning: unused variable 'output' [-Wunused-variable]
  114 |   char output[1028];
      |        ^~~~~~
../Core/Src/main.c:112:12: warning: variable 'test' set but not used [-Wunused-but-set-variable]
  112 |   ATStatus test;
      |            ^~~~
arm-none-eabi-gcc -o "ESP_WIFI.elf" @"objects.list"   -mcpu=cortex-m7 -T"C:\Users\harun\Documents\GitHub\Personal-Projects\microFlipper\WifiModule\ESP_WIFI\STM32F767ZITX_FLASH.ld" --specs=nosys.specs -Wl,-Map="ESP_WIFI.map" -Wl,--gc-sections -static --specs=nano.specs -mfpu=fpv5-d16 -mfloat-abi=hard -mthumb -Wl,--start-group -lc -lm -Wl,--end-group
Finished building target: ESP_WIFI.elf
 
arm-none-eabi-size  ESP_WIFI.elf 
arm-none-eabi-objdump -h -S ESP_WIFI.elf  > "ESP_WIFI.list"
   text	   data	    bss	    dec	    hex	filename
  19476	     92	   6612	  26180	   6644	ESP_WIFI.elf
Finished building: default.size.stdout
 
Finished building: ESP_WIFI.list
 
17:19:55 **** Incremental Build of configuration Debug for project ESP_WIFI ****
make -j16 all 
arm-none-eabi-gcc "../Core/Src/WIFI.c" -mcpu=cortex-m7 -std=gnu11 -g3 -DDEBUG -DUSE_HAL_DRIVER -DSTM32F767xx -c -I../Core/Inc -I../Drivers/STM32F7xx_HAL_Driver/Inc -I../Drivers/STM32F7xx_HAL_Driver/Inc/Legacy -I../Drivers/CMSIS/Device/ST/STM32F7xx/Include -I../Drivers/CMSIS/Include -O0 -ffunction-sections -fdata-sections -Wall -fstack-usage -fcyclomatic-complexity -MMD -MP -MF"Core/Src/WIFI.d" -MT"Core/Src/WIFI.o" --specs=nano.specs -mfpu=fpv5-d16 -mfloat-abi=hard -mthumb -o "Core/Src/WIFI.o"
arm-none-eabi-gcc -o "ESP_WIFI.elf" @"objects.list"   -mcpu=cortex-m7 -T"C:\Users\harun\Documents\GitHub\Personal-Projects\microFlipper\WifiModule\ESP_WIFI\STM32F767ZITX_FLASH.ld" --specs=nosys.specs -Wl,-Map="ESP_WIFI.map" -Wl,--gc-sections -static --specs=nano.specs -mfpu=fpv5-d16 -mfloat-abi=hard -mthumb -Wl,--start-group -lc -lm -Wl,--end-group
Finished building target: ESP_WIFI.elf
 
arm-none-eabi-size  ESP_WIFI.elf 
arm-none-eabi-objdump -h -S ESP_WIFI.elf  > "ESP_WIFI.list"
   text	   data	    bss	    dec	    hex	filename
  19476	     92	   6612	  26180	   6644	ESP_WIFI.elf
Finished building: default.size.stdout
 
Finished building: ESP_WIFI.list
 
17:30:13 **** Incremental Build of configuration Debug for project ESP_WIFI ****
make -j16 all 
arm-none-eabi-gcc "../Core/Src/WIFI.c" -mcpu=cortex-m7 -std=gnu11 -g3 -DDEBUG -DUSE_HAL_DRIVER -DSTM32F767xx -c -I../Core/Inc -I../Drivers/STM32F7xx_HAL_Driver/Inc -I../Drivers/STM32F7xx_HAL_Driver/Inc/Legacy -I../Drivers/CMSIS/Device/ST/STM32F7xx/Include -I../Drivers/CMSIS/Include -O0 -ffunction-sections -fdata-sections -Wall -fstack-usage -fcyclomatic-complexity -MMD -MP -MF"Core/Src/WIFI.d" -MT"Core/Src/WIFI.o" --specs=nano.specs -mfpu=fpv5-d16 -mfloat-abi=hard -mthumb -o "Core/Src/WIFI.o"
../Core/Src/WIFI.c: In function 'AT_setServer':
../Core/Src/WIFI.c:458:32: warning: passing argument 2 of 'snprintf' makes integer from pointer without a cast [-Wint-conversion]
  458 |                 snprintf(sport,"%d", port, 5);
      |                                ^~~~
      |                                |
      |                                char *
In file included from ../Core/Inc/WIFI.h:13,
                 from ../Core/Src/WIFI.c:8:
C:\ST\STM32CubeIDE_1.15.0\STM32CubeIDE\plugins\com.st.stm32cube.ide.mcu.externaltools.gnu-tools-for-stm32.12.3.rel1.win32_1.0.100.202403111256\tools\bin/../lib/gcc/arm-none-eabi/12.3.1/../../../../arm-none-eabi/include/stdio.h:272:37: note: expected 'size_t' {aka 'unsigned int'} but argument is of type 'char *'
  272 | int     snprintf (char *__restrict, size_t, const char *__restrict, ...)
      |                                     ^~~~~~
../Core/Src/WIFI.c:458:38: warning: passing argument 3 of 'snprintf' makes pointer from integer without a cast [-Wint-conversion]
  458 |                 snprintf(sport,"%d", port, 5);
      |                                      ^~~~
      |                                      |
      |                                      uint16_t {aka short unsigned int}
C:\ST\STM32CubeIDE_1.15.0\STM32CubeIDE\plugins\com.st.stm32cube.ide.mcu.externaltools.gnu-tools-for-stm32.12.3.rel1.win32_1.0.100.202403111256\tools\bin/../lib/gcc/arm-none-eabi/12.3.1/../../../../arm-none-eabi/include/stdio.h:272:45: note: expected 'const char * restrict' but argument is of type 'uint16_t' {aka 'short unsigned int'}
  272 | int     snprintf (char *__restrict, size_t, const char *__restrict, ...)
      |                                             ^
../Core/Src/WIFI.c:459:36: warning: passing argument 2 of 'snprintf' makes integer from pointer without a cast [-Wint-conversion]
  459 |                 snprintf(argument, "AT+CIPSERVER=0,%s\r\n", sport, 17+strlen(sport));
      |                                    ^~~~~~~~~~~~~~~~~~~~~~~
      |                                    |
      |                                    char *
C:\ST\STM32CubeIDE_1.15.0\STM32CubeIDE\plugins\com.st.stm32cube.ide.mcu.externaltools.gnu-tools-for-stm32.12.3.rel1.win32_1.0.100.202403111256\tools\bin/../lib/gcc/arm-none-eabi/12.3.1/../../../../arm-none-eabi/include/stdio.h:272:37: note: expected 'size_t' {aka 'unsigned int'} but argument is of type 'char *'
  272 | int     snprintf (char *__restrict, size_t, const char *__restrict, ...)
      |                                     ^~~~~~
arm-none-eabi-gcc -o "ESP_WIFI.elf" @"objects.list"   -mcpu=cortex-m7 -T"C:\Users\harun\Documents\GitHub\Personal-Projects\microFlipper\WifiModule\ESP_WIFI\STM32F767ZITX_FLASH.ld" --specs=nosys.specs -Wl,-Map="ESP_WIFI.map" -Wl,--gc-sections -static --specs=nano.specs -mfpu=fpv5-d16 -mfloat-abi=hard -mthumb -Wl,--start-group -lc -lm -Wl,--end-group
Finished building target: ESP_WIFI.elf
 
arm-none-eabi-size  ESP_WIFI.elf 
arm-none-eabi-objdump -h -S ESP_WIFI.elf  > "ESP_WIFI.list"
   text	   data	    bss	    dec	    hex	filename
  19500	     92	   6612	  26204	   665c	ESP_WIFI.elf
Finished building: default.size.stdout
 
Finished building: ESP_WIFI.list
 
17:34:26 **** Incremental Build of configuration Debug for project ESP_WIFI ****
make -j16 all 
arm-none-eabi-gcc "../Core/Src/WIFI.c" -mcpu=cortex-m7 -std=gnu11 -g3 -DDEBUG -DUSE_HAL_DRIVER -DSTM32F767xx -c -I../Core/Inc -I../Drivers/STM32F7xx_HAL_Driver/Inc -I../Drivers/STM32F7xx_HAL_Driver/Inc/Legacy -I../Drivers/CMSIS/Device/ST/STM32F7xx/Include -I../Drivers/CMSIS/Include -O0 -ffunction-sections -fdata-sections -Wall -fstack-usage -fcyclomatic-complexity -MMD -MP -MF"Core/Src/WIFI.d" -MT"Core/Src/WIFI.o" --specs=nano.specs -mfpu=fpv5-d16 -mfloat-abi=hard -mthumb -o "Core/Src/WIFI.o"
../Core/Src/WIFI.c: In function 'AT_setServer':
../Core/Src/WIFI.c:458:38: warning: 'snprintf' output may be truncated before the last format character [-Wformat-truncation=]
  458 |                 snprintf(sport,5, "%d", port);
      |                                      ^
../Core/Src/WIFI.c:458:17: note: 'snprintf' output between 2 and 6 bytes into a destination of size 5
  458 |                 snprintf(sport,5, "%d", port);
      |                 ^~~~~~~~~~~~~~~~~~~~~~~~~~~~~
arm-none-eabi-gcc -o "ESP_WIFI.elf" @"objects.list"   -mcpu=cortex-m7 -T"C:\Users\harun\Documents\GitHub\Personal-Projects\microFlipper\WifiModule\ESP_WIFI\STM32F767ZITX_FLASH.ld" --specs=nosys.specs -Wl,-Map="ESP_WIFI.map" -Wl,--gc-sections -static --specs=nano.specs -mfpu=fpv5-d16 -mfloat-abi=hard -mthumb -Wl,--start-group -lc -lm -Wl,--end-group
Finished building target: ESP_WIFI.elf
 
arm-none-eabi-size  ESP_WIFI.elf 
arm-none-eabi-objdump -h -S ESP_WIFI.elf  > "ESP_WIFI.list"
   text	   data	    bss	    dec	    hex	filename
  19500	     92	   6612	  26204	   665c	ESP_WIFI.elf
Finished building: default.size.stdout
 
Finished building: ESP_WIFI.list
 
17:34:45 **** Incremental Build of configuration Debug for project ESP_WIFI ****
make -j16 all 
arm-none-eabi-gcc "../Core/Src/WIFI.c" -mcpu=cortex-m7 -std=gnu11 -g3 -DDEBUG -DUSE_HAL_DRIVER -DSTM32F767xx -c -I../Core/Inc -I../Drivers/STM32F7xx_HAL_Driver/Inc -I../Drivers/STM32F7xx_HAL_Driver/Inc/Legacy -I../Drivers/CMSIS/Device/ST/STM32F7xx/Include -I../Drivers/CMSIS/Include -O0 -ffunction-sections -fdata-sections -Wall -fstack-usage -fcyclomatic-complexity -MMD -MP -MF"Core/Src/WIFI.d" -MT"Core/Src/WIFI.o" --specs=nano.specs -mfpu=fpv5-d16 -mfloat-abi=hard -mthumb -o "Core/Src/WIFI.o"
arm-none-eabi-gcc -o "ESP_WIFI.elf" @"objects.list"   -mcpu=cortex-m7 -T"C:\Users\harun\Documents\GitHub\Personal-Projects\microFlipper\WifiModule\ESP_WIFI\STM32F767ZITX_FLASH.ld" --specs=nosys.specs -Wl,-Map="ESP_WIFI.map" -Wl,--gc-sections -static --specs=nano.specs -mfpu=fpv5-d16 -mfloat-abi=hard -mthumb -Wl,--start-group -lc -lm -Wl,--end-group
Finished building target: ESP_WIFI.elf
 
arm-none-eabi-size  ESP_WIFI.elf 
arm-none-eabi-objdump -h -S ESP_WIFI.elf  > "ESP_WIFI.list"
   text	   data	    bss	    dec	    hex	filename
  19500	     92	   6612	  26204	   665c	ESP_WIFI.elf
Finished building: default.size.stdout
 
Finished building: ESP_WIFI.list
 
