Archive member included to satisfy reference by file (symbol)

C:/ST/STM32CubeIDE_1.15.0/STM32CubeIDE/plugins/com.st.stm32cube.ide.mcu.externaltools.gnu-tools-for-stm32.12.3.rel1.win32_1.0.100.202403111256/tools/bin/../lib/gcc/arm-none-eabi/12.3.1/../../../../arm-none-eabi/lib/thumb/v7e-m+dp/hard\libc_nano.a(libc_a-exit.o)
                              C:/ST/STM32CubeIDE_1.15.0/STM32CubeIDE/plugins/com.st.stm32cube.ide.mcu.externaltools.gnu-tools-for-stm32.12.3.rel1.win32_1.0.100.202403111256/tools/bin/../lib/gcc/arm-none-eabi/12.3.1/../../../../arm-none-eabi/lib/thumb/v7e-m+dp/hard/crt0.o (exit)
C:/ST/STM32CubeIDE_1.15.0/STM32CubeIDE/plugins/com.st.stm32cube.ide.mcu.externaltools.gnu-tools-for-stm32.12.3.rel1.win32_1.0.100.202403111256/tools/bin/../lib/gcc/arm-none-eabi/12.3.1/../../../../arm-none-eabi/lib/thumb/v7e-m+dp/hard\libc_nano.a(libc_a-findfp.o)
                              C:/ST/STM32CubeIDE_1.15.0/STM32CubeIDE/plugins/com.st.stm32cube.ide.mcu.externaltools.gnu-tools-for-stm32.12.3.rel1.win32_1.0.100.202403111256/tools/bin/../lib/gcc/arm-none-eabi/12.3.1/../../../../arm-none-eabi/lib/thumb/v7e-m+dp/hard\libc_nano.a(libc_a-exit.o) (__stdio_exit_handler)
C:/ST/STM32CubeIDE_1.15.0/STM32CubeIDE/plugins/com.st.stm32cube.ide.mcu.externaltools.gnu-tools-for-stm32.12.3.rel1.win32_1.0.100.202403111256/tools/bin/../lib/gcc/arm-none-eabi/12.3.1/../../../../arm-none-eabi/lib/thumb/v7e-m+dp/hard\libc_nano.a(libc_a-fwalk.o)
                              C:/ST/STM32CubeIDE_1.15.0/STM32CubeIDE/plugins/com.st.stm32cube.ide.mcu.externaltools.gnu-tools-for-stm32.12.3.rel1.win32_1.0.100.202403111256/tools/bin/../lib/gcc/arm-none-eabi/12.3.1/../../../../arm-none-eabi/lib/thumb/v7e-m+dp/hard\libc_nano.a(libc_a-findfp.o) (_fwalk_sglue)
C:/ST/STM32CubeIDE_1.15.0/STM32CubeIDE/plugins/com.st.stm32cube.ide.mcu.externaltools.gnu-tools-for-stm32.12.3.rel1.win32_1.0.100.202403111256/tools/bin/../lib/gcc/arm-none-eabi/12.3.1/../../../../arm-none-eabi/lib/thumb/v7e-m+dp/hard\libc_nano.a(libc_a-stdio.o)
                              C:/ST/STM32CubeIDE_1.15.0/STM32CubeIDE/plugins/com.st.stm32cube.ide.mcu.externaltools.gnu-tools-for-stm32.12.3.rel1.win32_1.0.100.202403111256/tools/bin/../lib/gcc/arm-none-eabi/12.3.1/../../../../arm-none-eabi/lib/thumb/v7e-m+dp/hard\libc_nano.a(libc_a-findfp.o) (__sread)
C:/ST/STM32CubeIDE_1.15.0/STM32CubeIDE/plugins/com.st.stm32cube.ide.mcu.externaltools.gnu-tools-for-stm32.12.3.rel1.win32_1.0.100.202403111256/tools/bin/../lib/gcc/arm-none-eabi/12.3.1/../../../../arm-none-eabi/lib/thumb/v7e-m+dp/hard\libc_nano.a(libc_a-memset.o)
                              C:/ST/STM32CubeIDE_1.15.0/STM32CubeIDE/plugins/com.st.stm32cube.ide.mcu.externaltools.gnu-tools-for-stm32.12.3.rel1.win32_1.0.100.202403111256/tools/bin/../lib/gcc/arm-none-eabi/12.3.1/../../../../arm-none-eabi/lib/thumb/v7e-m+dp/hard/crt0.o (memset)
C:/ST/STM32CubeIDE_1.15.0/STM32CubeIDE/plugins/com.st.stm32cube.ide.mcu.externaltools.gnu-tools-for-stm32.12.3.rel1.win32_1.0.100.202403111256/tools/bin/../lib/gcc/arm-none-eabi/12.3.1/../../../../arm-none-eabi/lib/thumb/v7e-m+dp/hard\libc_nano.a(libc_a-strncmp.o)
                              ./Core/Src/WIFI.o (strncmp)
C:/ST/STM32CubeIDE_1.15.0/STM32CubeIDE/plugins/com.st.stm32cube.ide.mcu.externaltools.gnu-tools-for-stm32.12.3.rel1.win32_1.0.100.202403111256/tools/bin/../lib/gcc/arm-none-eabi/12.3.1/../../../../arm-none-eabi/lib/thumb/v7e-m+dp/hard\libc_nano.a(libc_a-strncpy.o)
                              ./Core/Src/WIFI.o (strncpy)
C:/ST/STM32CubeIDE_1.15.0/STM32CubeIDE/plugins/com.st.stm32cube.ide.mcu.externaltools.gnu-tools-for-stm32.12.3.rel1.win32_1.0.100.202403111256/tools/bin/../lib/gcc/arm-none-eabi/12.3.1/../../../../arm-none-eabi/lib/thumb/v7e-m+dp/hard\libc_nano.a(libc_a-closer.o)
                              C:/ST/STM32CubeIDE_1.15.0/STM32CubeIDE/plugins/com.st.stm32cube.ide.mcu.externaltools.gnu-tools-for-stm32.12.3.rel1.win32_1.0.100.202403111256/tools/bin/../lib/gcc/arm-none-eabi/12.3.1/../../../../arm-none-eabi/lib/thumb/v7e-m+dp/hard\libc_nano.a(libc_a-stdio.o) (_close_r)
C:/ST/STM32CubeIDE_1.15.0/STM32CubeIDE/plugins/com.st.stm32cube.ide.mcu.externaltools.gnu-tools-for-stm32.12.3.rel1.win32_1.0.100.202403111256/tools/bin/../lib/gcc/arm-none-eabi/12.3.1/../../../../arm-none-eabi/lib/thumb/v7e-m+dp/hard\libc_nano.a(libc_a-reent.o)
                              C:/ST/STM32CubeIDE_1.15.0/STM32CubeIDE/plugins/com.st.stm32cube.ide.mcu.externaltools.gnu-tools-for-stm32.12.3.rel1.win32_1.0.100.202403111256/tools/bin/../lib/gcc/arm-none-eabi/12.3.1/../../../../arm-none-eabi/lib/thumb/v7e-m+dp/hard\libc_nano.a(libc_a-closer.o) (errno)
C:/ST/STM32CubeIDE_1.15.0/STM32CubeIDE/plugins/com.st.stm32cube.ide.mcu.externaltools.gnu-tools-for-stm32.12.3.rel1.win32_1.0.100.202403111256/tools/bin/../lib/gcc/arm-none-eabi/12.3.1/../../../../arm-none-eabi/lib/thumb/v7e-m+dp/hard\libc_nano.a(libc_a-impure.o)
[...]
Memory Configuration

Name             Origin             Length             Attributes
RAM              0x20000000         0x00080000         xrw
FLASH            0x08000000         0x00200000         xr
*default*        0x00000000         0xffffffff

Linker script and memory map

LOAD C:/ST/STM32CubeIDE_1.15.0/STM32CubeIDE/plugins/com.st.stm32cube.ide.mcu.externaltools.gnu-tools-for-stm32.12.3.rel1.win32_1.0.100.202403111256/tools/bin/../lib/gcc/arm-none-eabi/12.3.1/thumb/v7e-m+dp/hard/crti.o
LOAD C:/ST/STM32CubeIDE_1.15.0/STM32CubeIDE/plugins/com.st.stm32cube.ide.mcu.externaltools.gnu-tools-for-stm32.12.3.rel1.win32_1.0.100.202403111256/tools/bin/../lib/gcc/arm-none-eabi/12.3.1/thumb/v7e-m+dp/hard/crtbegin.o
LOAD C:/ST/STM32CubeIDE_1.15.0/STM32CubeIDE/plugins/com.st.stm32cube.ide.mcu.externaltools.gnu-tools-for-stm32.12.3.rel1.win32_1.0.100.202403111256/tools/bin/../lib/gcc/arm-none-eabi/12.3.1/../../../../arm-none-eabi/lib/thumb/v7e-m+dp/hard/crt0.o
LOAD ./Core/Src/WIFI.o
LOAD ./Core/Src/main.o
LOAD ./Core/Src/stm32f7xx_hal_msp.o
LOAD ./Core/Src/stm32f7xx_it.o
LOAD ./Core/Src/syscalls.o
LOAD ./Core/Src/sysmem.o
LOAD ./Core/Src/system_stm32f7xx.o
LOAD ./Core/Startup/startup_stm32f767zitx.o
LOAD ./Drivers/STM32F7xx_HAL_Driver/Src/stm32f7xx_hal.o
LOAD ./Drivers/STM32F7xx_HAL_Driver/Src/stm32f7xx_hal_cortex.o
LOAD ./Drivers/STM32F7xx_HAL_Driver/Src/stm32f7xx_hal_dma.o
LOAD ./Drivers/STM32F7xx_HAL_Driver/Src/stm32f7xx_hal_dma_ex.o
LOAD ./Drivers/STM32F7xx_HAL_Driver/Src/stm32f7xx_hal_exti.o
LOAD ./Drivers/STM32F7xx_HAL_Driver/Src/stm32f7xx_hal_flash.o
LOAD ./Drivers/STM32F7xx_HAL_Driver/Src/stm32f7xx_hal_flash_ex.o
LOAD ./Drivers/STM32F7xx_HAL_Driver/Src/stm32f7xx_hal_gpio.o
LOAD ./Drivers/STM32F7xx_HAL_Driver/Src/stm32f7xx_hal_i2c.o
LOAD ./Drivers/STM32F7xx_HAL_Driver/Src/stm32f7xx_hal_i2c_ex.o
LOAD ./Drivers/STM32F7xx_HAL_Driver/Src/stm32f7xx_hal_pwr.o
LOAD ./Drivers/STM32F7xx_HAL_Driver/Src/stm32f7xx_hal_pwr_ex.o
LOAD ./Drivers/STM32F7xx_HAL_Driver/Src/stm32f7xx_hal_rcc.o
LOAD ./Drivers/STM32F7xx_HAL_Driver/Src/stm32f7xx_hal_rcc_ex.o
LOAD ./Drivers/STM32F7xx_HAL_Driver/Src/stm32f7xx_hal_tim.o
LOAD ./Drivers/STM32F7xx_HAL_Driver/Src/stm32f7xx_hal_tim_ex.o
LOAD ./Drivers/STM32F7xx_HAL_Driver/Src/stm32f7xx_hal_uart.o
LOAD ./Drivers/STM32F7xx_HAL_Driver/Src/stm32f7xx_hal_uart_ex.o
START GROUP
LOAD C:/ST/STM32CubeIDE_1.15.0/STM32CubeIDE/plugins/com.st.stm32cube.ide.mcu.externaltools.gnu-tools-for-stm32.12.3.rel1.win32_1.0.100.202403111256/tools/bin/../lib/gcc/arm-none-eabi/12.3.1/../../../../arm-none-eabi/lib/thumb/v7e-m+dp/hard\libc_nano.a
LOAD C:/ST/STM32CubeIDE_1.15.0/STM32CubeIDE/plugins/com.st.stm32cube.ide.mcu.externaltools.gnu-tools-for-stm32.12.3.rel1.win32_1.0.100.202403111256/tools/bin/../lib/gcc/arm-none-eabi/12.3.1/../../../../arm-none-eabi/lib/thumb/v7e-m+dp/hard\libm.a
END GROUP
START GROUP
LOAD C:/ST/STM32CubeIDE_1.15.0/STM32CubeIDE/plugins/com.st.stm32cube.ide.mcu.externaltools.gnu-tools-for-stm32.12.3.rel1.win32_1.0.100.202403111256/tools/bin/../lib/gcc/arm-none-eabi/12.3.1/thumb/v7e-m+dp/hard\libgcc.a
LOAD C:/ST/STM32CubeIDE_1.15.0/STM32CubeIDE/plugins/com.st.stm32cube.ide.mcu.externaltools.gnu-tools-for-stm32.12.3.rel1.win32_1.0.100.202403111256/tools/bin/../lib/gcc/arm-none-eabi/12.3.1/../../../../arm-none-eabi/lib/thumb/v7e-m+dp/hard\libc_nano.a
END GROUP
START GROUP
LOAD C:/ST/STM32CubeIDE_1.15.0/STM32CubeIDE/plugins/com.st.stm32cube.ide.mcu.externaltools.gnu-tools-for-stm32.12.3.rel1.win32_1.0.100.202403111256/tools/bin/../lib/gcc/arm-none-eabi/12.3.1/thumb/v7e-m+dp/hard\libgcc.a
LOAD C:/ST/STM32CubeIDE_1.15.0/STM32CubeIDE/plugins/com.st.stm32cube.ide.mcu.externaltools.gnu-tools-for-stm32.12.3.rel1.win32_1.0.100.202403111256/tools/bin/../lib/gcc/arm-none-eabi/12.3.1/../../../../arm-none-eabi/lib/thumb/v7e-m+dp/hard\libc_nano.a
LOAD C:/ST/STM32CubeIDE_1.15.0/STM32CubeIDE/plugins/com.st.stm32cube.ide.mcu.externaltools.gnu-tools-for-stm32.12.3.rel1.win32_1.0.100.202403111256/tools/bin/../lib/gcc/arm-none-eabi/12.3.1/../../../../arm-none-eabi/lib/thumb/v7e-m+dp/hard\libnosys.a
END GROUP
START GROUP
LOAD C:/ST/STM32CubeIDE_1.15.0/STM32CubeIDE/plugins/com.st.stm32cube.ide.mcu.externaltools.gnu-tools-for-stm32.12.3.rel1.win32_1.0.100.202403111256/tools/bin/../lib/gcc/arm-none-eabi/12.3.1/thumb/v7e-m+dp/hard\libgcc.a
LOAD C:/ST/STM32CubeIDE_1.15.0/STM32CubeIDE/plugins/com.st.stm32cube.ide.mcu.externaltools.gnu-tools-for-stm32.12.3.rel1.win32_1.0.100.202403111256/tools/bin/../lib/gcc/arm-none-eabi/12.3.1/../../../../arm-none-eabi/lib/thumb/v7e-m+dp/hard\libc_nano.a
LOAD C:/ST/STM32CubeIDE_1.15.0/STM32CubeIDE/plugins/com.st.stm32cube.ide.mcu.externaltools.gnu-tools-for-stm32.12.3.rel1.win32_1.0.100.202403111256/tools/bin/../lib/gcc/arm-none-eabi/12.3.1/../../../../arm-none-eabi/lib/thumb/v7e-m+dp/hard\libnosys.a
END GROUP
LOAD C:/ST/STM32CubeIDE_1.15.0/STM32CubeIDE/plugins/com.st.stm32cube.ide.mcu.externaltools.gnu-tools-for-stm32.12.3.rel1.win32_1.0.100.202403111256/tools/bin/../lib/gcc/arm-none-eabi/12.3.1/thumb/v7e-m+dp/hard/crtend.o
LOAD C:/ST/STM32CubeIDE_1.15.0/STM32CubeIDE/plugins/com.st.stm32cube.ide.mcu.externaltools.gnu-tools-for-stm32.12.3.rel1.win32_1.0.100.202403111256/tools/bin/../lib/gcc/arm-none-eabi/12.3.1/thumb/v7e-m+dp/hard/crtn.o
                0x20080000                        _estack = (ORIGIN (RAM) + LENGTH (RAM))
                0x00000200                        _Min_Heap_Size = 0x200
                0x00000400                        _Min_Stack_Size = 0x400

.isr_vector     0x08000000      0x1f8
                0x08000000                        . = ALIGN (0x4)
 *(.isr_vector)
 .isr_vector    0x08000000      0x1f8 ./Core/Startup/startup_stm32f767zitx.o
                0x08000000                g_pfnVectors
                0x080001f8                        . = ALIGN (0x4)

.text           0x080001f8     0x3c40
                0x080001f8                        . = ALIGN (0x4)
 *(.text)
 .text          0x080001f8       0x40 C:/ST/STM32CubeIDE_1.15.0/STM32CubeIDE/plugins/com.st.stm32cube.ide.mcu.externaltools.gnu-tools-for-stm32.12.3.rel1.win32_1.0.100.202403111256/tools/bin/../lib/gcc/arm-none-eabi/12.3.1/thumb/v7e-m+dp/hard/crtbegin.o
 .text          0x08000238       0x10 C:/ST/STM32CubeIDE_1.15.0/STM32CubeIDE/plugins/com.st.stm32cube.ide.mcu.externaltools.gnu-tools-for-stm32.12.3.rel1.win32_1.0.100.202403111256/tools/bin/../lib/gcc/arm-none-eabi/12.3.1/../../../../arm-none-eabi/lib/thumb/v7e-m+dp/hard\libc_nano.a(libc_a-strlen.o)
                0x08000238                strlen
 .text          0x08000248       0x30 C:/ST/STM32CubeIDE_1.15.0/STM32CubeIDE/plugins/com.st.stm32cube.ide.mcu.externaltools.gnu-tools-for-stm32.12.3.rel1.win32_1.0.100.202403111256/tools/bin/../lib/gcc/arm-none-eabi/12.3.1/thumb/v7e-m+dp/hard\libgcc.a(_aeabi_uldivmod.o)
                0x08000248                __aeabi_uldivmod
 .text          0x08000278      0x2bc C:/ST/STM32CubeIDE_1.15.0/STM32CubeIDE/plugins/com.st.stm32cube.ide.mcu.externaltools.gnu-tools-for-stm32.12.3.rel1.win32_1.0.100.202403111256/tools/bin/../lib/gcc/arm-none-eabi/12.3.1/thumb/v7e-m+dp/hard\libgcc.a(_udivmoddi4.o)
                0x08000278                __udivmoddi4
 .text          0x08000534        0x4 C:/ST/STM32CubeIDE_1.15.0/STM32CubeIDE/plugins/com.st.stm32cube.ide.mcu.externaltools.gnu-tools-for-stm32.12.3.rel1.win32_1.0.100.202403111256/tools/bin/../lib/gcc/arm-none-eabi/12.3.1/thumb/v7e-m+dp/hard\libgcc.a(_dvmd_tls.o)
                0x08000534                __aeabi_idiv0
                0x08000534                __aeabi_ldiv0
 *(.text*)
 .text.AT_restart
                0x08000538       0xdc ./Core/Src/WIFI.o
                0x08000538                AT_restart
 .text.main     0x08000614       0x50 ./Core/Src/main.o
                0x08000614                main
 .text.SystemClock_Config
                0x08000664       0xb8 ./Core/Src/main.o
                0x08000664                SystemClock_Config
 .text.MX_UART4_Init
                0x0800071c       0x60 ./Core/Src/main.o
 .text.MX_USART3_UART_Init
                0x0800077c       0x60 ./Core/Src/main.o
 .text.MX_GPIO_Init
                0x080007dc       0x48 ./Core/Src/main.o
 .text.MPU_Config
                0x08000824       0x58 ./Core/Src/main.o
 .text.Error_Handler
                0x0800087c        0xc ./Core/Src/main.o
                0x0800087c                Error_Handler
 .text.HAL_MspInit
                0x08000888       0x48 ./Core/Src/stm32f7xx_hal_msp.o
                0x08000888                HAL_MspInit
 .text.HAL_UART_MspInit
                0x080008d0      0x15c ./Core/Src/stm32f7xx_hal_msp.o
                0x080008d0                HAL_UART_MspInit
 .text.NMI_Handler
                0x08000a2c        0x8 ./Core/Src/stm32f7xx_it.o
                0x08000a2c                NMI_Handler
 .text.HardFault_Handler
                0x08000a34        0x8 ./Core/Src/stm32f7xx_it.o
                0x08000a34                HardFault_Handler
 .text.MemManage_Handler
                0x08000a3c        0x8 ./Core/Src/stm32f7xx_it.o
                0x08000a3c                MemManage_Handler
 .text.BusFault_Handler
                0x08000a44        0x8 ./Core/Src/stm32f7xx_it.o
                0x08000a44                BusFault_Handler
 .text.UsageFault_Handler
                0x08000a4c        0x8 ./Core/Src/stm32f7xx_it.o
                0x08000a4c                UsageFault_Handler
 .text.SVC_Handler
                0x08000a54        0xe ./Core/Src/stm32f7xx_it.o
                0x08000a54                SVC_Handler
 .text.DebugMon_Handler
                0x08000a62        0xe ./Core/Src/stm32f7xx_it.o
                0x08000a62                DebugMon_Handler
 .text.PendSV_Handler
                0x08000a70        0xe ./Core/Src/stm32f7xx_it.o
                0x08000a70                PendSV_Handler
 .text.SysTick_Handler
                0x08000a7e        0xc ./Core/Src/stm32f7xx_it.o
                0x08000a7e                SysTick_Handler
 *fill*         0x08000a8a        0x2 
 .text.UART4_IRQHandler
                0x08000a8c       0x14 ./Core/Src/stm32f7xx_it.o
                0x08000a8c                UART4_IRQHandler
 .text.HAL_UART_RxCpltCallback
                0x08000aa0       0x28 ./Core/Src/stm32f7xx_it.o
                0x08000aa0                HAL_UART_RxCpltCallback
 .text.HAL_UARTEx_RxEventCallback
                0x08000ac8       0x2c ./Core/Src/stm32f7xx_it.o
                0x08000ac8                HAL_UARTEx_RxEventCallback
 .text.HAL_UART_TxCpltCallback
                0x08000af4       0x38 ./Core/Src/stm32f7xx_it.o
                0x08000af4                HAL_UART_TxCpltCallback
 .text.SystemInit
                0x08000b2c       0x24 ./Core/Src/system_stm32f7xx.o
                0x08000b2c                SystemInit
 .text.Reset_Handler
                0x08000b50       0x50 ./Core/Startup/startup_stm32f767zitx.o
                0x08000b50                Reset_Handler
 .text.Default_Handler
                0x08000ba0        0x2 ./Core/Startup/startup_stm32f767zitx.o
                0x08000ba0                RTC_Alarm_IRQHandler
                0x08000ba0                EXTI2_IRQHandler
                0x08000ba0                TIM8_CC_IRQHandler
                0x08000ba0                UART8_IRQHandler
                0x08000ba0                SPI4_IRQHandler
                0x08000ba0                TIM1_CC_IRQHandler
                0x08000ba0                DMA2_Stream5_IRQHandler
                0x08000ba0                JPEG_IRQHandler
                0x08000ba0                DMA1_Stream5_IRQHandler
                0x08000ba0                CAN3_RX1_IRQHandler
                0x08000ba0                PVD_IRQHandler
                0x08000ba0                TAMP_STAMP_IRQHandler
                0x08000ba0                CAN2_RX1_IRQHandler
                0x08000ba0                EXTI3_IRQHandler
                0x08000ba0                TIM8_TRG_COM_TIM14_IRQHandler
                0x08000ba0                DFSDM1_FLT1_IRQHandler
                0x08000ba0                TIM1_UP_TIM10_IRQHandler
                0x08000ba0                TIM8_UP_TIM13_IRQHandler
                0x08000ba0                I2C3_ER_IRQHandler
                0x08000ba0                DFSDM1_FLT2_IRQHandler
                0x08000ba0                EXTI0_IRQHandler
                0x08000ba0                I2C2_EV_IRQHandler
                0x08000ba0                DMA1_Stream2_IRQHandler
                0x08000ba0                CAN1_RX0_IRQHandler
                0x08000ba0                FPU_IRQHandler
                0x08000ba0                OTG_HS_WKUP_IRQHandler
                0x08000ba0                CAN3_SCE_IRQHandler
                0x08000ba0                LTDC_ER_IRQHandler
                0x08000ba0                CAN2_SCE_IRQHandler
                0x08000ba0                DMA2_Stream2_IRQHandler
                0x08000ba0                SPI1_IRQHandler
                0x08000ba0                TIM6_DAC_IRQHandler
                0x08000ba0                TIM1_BRK_TIM9_IRQHandler
                0x08000ba0                DCMI_IRQHandler
                0x08000ba0                CAN2_RX0_IRQHandler
                0x08000ba0                DMA2_Stream3_IRQHandler
                0x08000ba0                SAI2_IRQHandler
                0x08000ba0                DFSDM1_FLT3_IRQHandler
                0x08000ba0                USART6_IRQHandler
                0x08000ba0                CAN3_RX0_IRQHandler
                0x08000ba0                USART3_IRQHandler
                0x08000ba0                CAN1_RX1_IRQHandler
                0x08000ba0                UART5_IRQHandler
                0x08000ba0                DMA2_Stream0_IRQHandler
                0x08000ba0                TIM4_IRQHandler
                0x08000ba0                QUADSPI_IRQHandler
                0x08000ba0                I2C1_EV_IRQHandler
                0x08000ba0                DMA1_Stream6_IRQHandler
                0x08000ba0                DMA1_Stream1_IRQHandler
                0x08000ba0                TIM3_IRQHandler
                0x08000ba0                RCC_IRQHandler
                0x08000ba0                TIM8_BRK_TIM12_IRQHandler
                0x08000ba0                Default_Handler
                0x08000ba0                CEC_IRQHandler
                0x08000ba0                EXTI15_10_IRQHandler
                0x08000ba0                ADC_IRQHandler
                0x08000ba0                DMA1_Stream7_IRQHandler
                0x08000ba0                SPI5_IRQHandler
                0x08000ba0                TIM7_IRQHandler
                0x08000ba0                SDMMC1_IRQHandler
                0x08000ba0                CAN2_TX_IRQHandler
                0x08000ba0                TIM5_IRQHandler
                0x08000ba0                DMA2_Stream7_IRQHandler
                0x08000ba0                I2C3_EV_IRQHandler
                0x08000ba0                EXTI9_5_IRQHandler
                0x08000ba0                RTC_WKUP_IRQHandler
                0x08000ba0                LTDC_IRQHandler
                0x08000ba0                ETH_WKUP_IRQHandler
                0x08000ba0                SPDIF_RX_IRQHandler
                0x08000ba0                SPI2_IRQHandler
                0x08000ba0                OTG_HS_EP1_IN_IRQHandler
                0x08000ba0                DMA1_Stream0_IRQHandler
                0x08000ba0                CAN1_TX_IRQHandler
                0x08000ba0                EXTI4_IRQHandler
                0x08000ba0                RNG_IRQHandler
                0x08000ba0                ETH_IRQHandler
                0x08000ba0                OTG_HS_EP1_OUT_IRQHandler
                0x08000ba0                WWDG_IRQHandler
                0x08000ba0                SPI6_IRQHandler
                0x08000ba0                MDIOS_IRQHandler
                0x08000ba0                I2C4_EV_IRQHandler
                0x08000ba0                CAN3_TX_IRQHandler
                0x08000ba0                TIM2_IRQHandler
                0x08000ba0                OTG_FS_WKUP_IRQHandler
                0x08000ba0                TIM1_TRG_COM_TIM11_IRQHandler
                0x08000ba0                OTG_HS_IRQHandler
                0x08000ba0                DMA2D_IRQHandler
                0x08000ba0                EXTI1_IRQHandler
                0x08000ba0                SDMMC2_IRQHandler
                0x08000ba0                UART7_IRQHandler
                0x08000ba0                USART2_IRQHandler
                0x08000ba0                DFSDM1_FLT0_IRQHandler
                0x08000ba0                I2C2_ER_IRQHandler
                0x08000ba0                DMA2_Stream1_IRQHandler
                0x08000ba0                CAN1_SCE_IRQHandler
                0x08000ba0                FLASH_IRQHandler
                0x08000ba0                DMA2_Stream4_IRQHandler
                0x08000ba0                USART1_IRQHandler
                0x08000ba0                OTG_FS_IRQHandler
                0x08000ba0                SPI3_IRQHandler
                0x08000ba0                DMA1_Stream4_IRQHandler
                0x08000ba0                I2C1_ER_IRQHandler
                0x08000ba0                FMC_IRQHandler
                0x08000ba0                LPTIM1_IRQHandler
                0x08000ba0                I2C4_ER_IRQHandler
                0x08000ba0                DMA2_Stream6_IRQHandler
                0x08000ba0                SAI1_IRQHandler
                0x08000ba0                DMA1_Stream3_IRQHandler
 .text.HAL_Init
                0x08000ba2       0x1a ./Drivers/STM32F7xx_HAL_Driver/Src/stm32f7xx_hal.o
                0x08000ba2                HAL_Init
 .text.HAL_InitTick
                0x08000bbc       0x60 ./Drivers/STM32F7xx_HAL_Driver/Src/stm32f7xx_hal.o
                0x08000bbc                HAL_InitTick
 .text.HAL_IncTick
                0x08000c1c       0x28 ./Drivers/STM32F7xx_HAL_Driver/Src/stm32f7xx_hal.o
                0x08000c1c                HAL_IncTick
 .text.HAL_GetTick
                0x08000c44       0x18 ./Drivers/STM32F7xx_HAL_Driver/Src/stm32f7xx_hal.o
                0x08000c44                HAL_GetTick
 .text.HAL_Delay
                0x08000c5c       0x48 ./Drivers/STM32F7xx_HAL_Driver/Src/stm32f7xx_hal.o
                0x08000c5c                HAL_Delay
 .text.__NVIC_SetPriorityGrouping
                0x08000ca4       0x48 ./Drivers/STM32F7xx_HAL_Driver/Src/stm32f7xx_hal_cortex.o
 .text.__NVIC_GetPriorityGrouping
                0x08000cec       0x1c ./Drivers/STM32F7xx_HAL_Driver/Src/stm32f7xx_hal_cortex.o
 .text.__NVIC_EnableIRQ
                0x08000d08       0x3c ./Drivers/STM32F7xx_HAL_Driver/Src/stm32f7xx_hal_cortex.o
 .text.__NVIC_SetPriority
                0x08000d44       0x54 ./Drivers/STM32F7xx_HAL_Driver/Src/stm32f7xx_hal_cortex.o
 .text.NVIC_EncodePriority
                0x08000d98       0x66 ./Drivers/STM32F7xx_HAL_Driver/Src/stm32f7xx_hal_cortex.o
 *fill*         0x08000dfe        0x2 
 .text.SysTick_Config
                0x08000e00       0x44 ./Drivers/STM32F7xx_HAL_Driver/Src/stm32f7xx_hal_cortex.o
 .text.HAL_NVIC_SetPriorityGrouping
                0x08000e44       0x16 ./Drivers/STM32F7xx_HAL_Driver/Src/stm32f7xx_hal_cortex.o
                0x08000e44                HAL_NVIC_SetPriorityGrouping
 .text.HAL_NVIC_SetPriority
                0x08000e5a       0x38 ./Drivers/STM32F7xx_HAL_Driver/Src/stm32f7xx_hal_cortex.o
                0x08000e5a                HAL_NVIC_SetPriority
 .text.HAL_NVIC_EnableIRQ
                0x08000e92       0x1c ./Drivers/STM32F7xx_HAL_Driver/Src/stm32f7xx_hal_cortex.o
                0x08000e92                HAL_NVIC_EnableIRQ
 .text.HAL_SYSTICK_Config
                0x08000eae       0x18 ./Drivers/STM32F7xx_HAL_Driver/Src/stm32f7xx_hal_cortex.o
                0x08000eae                HAL_SYSTICK_Config
 *fill*         0x08000ec6        0x2 
 .text.HAL_MPU_Disable
                0x08000ec8       0x30 ./Drivers/STM32F7xx_HAL_Driver/Src/stm32f7xx_hal_cortex.o
                0x08000ec8                HAL_MPU_Disable
 .text.HAL_MPU_Enable
                0x08000ef8       0x40 ./Drivers/STM32F7xx_HAL_Driver/Src/stm32f7xx_hal_cortex.o
                0x08000ef8                HAL_MPU_Enable
 .text.HAL_MPU_ConfigRegion
                0x08000f38       0x88 ./Drivers/STM32F7xx_HAL_Driver/Src/stm32f7xx_hal_cortex.o
                0x08000f38                HAL_MPU_ConfigRegion
 .text.HAL_DMA_Abort
                0x08000fc0       0xe0 ./Drivers/STM32F7xx_HAL_Driver/Src/stm32f7xx_hal_dma.o
                0x08000fc0                HAL_DMA_Abort
 .text.HAL_DMA_Abort_IT
                0x080010a0       0x44 ./Drivers/STM32F7xx_HAL_Driver/Src/stm32f7xx_hal_dma.o
                0x080010a0                HAL_DMA_Abort_IT
 .text.HAL_GPIO_Init
                0x080010e4      0x358 ./Drivers/STM32F7xx_HAL_Driver/Src/stm32f7xx_hal_gpio.o
                0x080010e4                HAL_GPIO_Init
 .text.HAL_RCC_OscConfig
                0x0800143c      0x55c ./Drivers/STM32F7xx_HAL_Driver/Src/stm32f7xx_hal_rcc.o
                0x0800143c                HAL_RCC_OscConfig
 .text.HAL_RCC_ClockConfig
                0x08001998      0x1d8 ./Drivers/STM32F7xx_HAL_Driver/Src/stm32f7xx_hal_rcc.o
                0x08001998                HAL_RCC_ClockConfig
 .text.HAL_RCC_GetSysClockFreq
                0x08001b70      0x18c ./Drivers/STM32F7xx_HAL_Driver/Src/stm32f7xx_hal_rcc.o
                0x08001b70                HAL_RCC_GetSysClockFreq
 .text.HAL_RCC_GetHCLKFreq
                0x08001cfc       0x18 ./Drivers/STM32F7xx_HAL_Driver/Src/stm32f7xx_hal_rcc.o
                0x08001cfc                HAL_RCC_GetHCLKFreq
 .text.HAL_RCC_GetPCLK1Freq
                0x08001d14       0x28 ./Drivers/STM32F7xx_HAL_Driver/Src/stm32f7xx_hal_rcc.o
                0x08001d14                HAL_RCC_GetPCLK1Freq
 .text.HAL_RCC_GetPCLK2Freq
                0x08001d3c       0x28 ./Drivers/STM32F7xx_HAL_Driver/Src/stm32f7xx_hal_rcc.o
                0x08001d3c                HAL_RCC_GetPCLK2Freq
 .text.HAL_RCCEx_PeriphCLKConfig
                0x08001d64      0x850 ./Drivers/STM32F7xx_HAL_Driver/Src/stm32f7xx_hal_rcc_ex.o
                0x08001d64                HAL_RCCEx_PeriphCLKConfig
 .text.HAL_UART_Init
                0x080025b4       0x9c ./Drivers/STM32F7xx_HAL_Driver/Src/stm32f7xx_hal_uart.o
                0x080025b4                HAL_UART_Init
 .text.HAL_UART_Transmit_IT
                0x08002650       0xbc ./Drivers/STM32F7xx_HAL_Driver/Src/stm32f7xx_hal_uart.o
                0x08002650                HAL_UART_Transmit_IT
 .text.HAL_UART_Receive_IT
                0x0800270c       0x88 ./Drivers/STM32F7xx_HAL_Driver/Src/stm32f7xx_hal_uart.o
                0x0800270c                HAL_UART_Receive_IT
 .text.HAL_UART_IRQHandler
                0x08002794      0x5d0 ./Drivers/STM32F7xx_HAL_Driver/Src/stm32f7xx_hal_uart.o
                0x08002794                HAL_UART_IRQHandler
 .text.HAL_UART_ErrorCallback
                0x08002d64       0x14 ./Drivers/STM32F7xx_HAL_Driver/Src/stm32f7xx_hal_uart.o
                0x08002d64                HAL_UART_ErrorCallback
 .text.HAL_UARTEx_WakeupCallback
                0x08002d78       0x14 ./Drivers/STM32F7xx_HAL_Driver/Src/stm32f7xx_hal_uart.o
                0x08002d78                HAL_UARTEx_WakeupCallback
 .text.UART_SetConfig
                0x08002d8c      0x4c8 ./Drivers/STM32F7xx_HAL_Driver/Src/stm32f7xx_hal_uart.o
                0x08002d8c                UART_SetConfig
 .text.UART_AdvFeatureConfig
                0x08003254      0x144 ./Drivers/STM32F7xx_HAL_Driver/Src/stm32f7xx_hal_uart.o
                0x08003254                UART_AdvFeatureConfig
 .text.UART_CheckIdleState
                0x08003398       0x9a ./Drivers/STM32F7xx_HAL_Driver/Src/stm32f7xx_hal_uart.o
                0x08003398                UART_CheckIdleState
 .text.UART_WaitOnFlagUntilTimeout
                0x08003432      0x18c ./Drivers/STM32F7xx_HAL_Driver/Src/stm32f7xx_hal_uart.o
                0x08003432                UART_WaitOnFlagUntilTimeout
 *fill*         0x080035be        0x2 
 .text.UART_Start_Receive_IT
                0x080035c0      0x18c ./Drivers/STM32F7xx_HAL_Driver/Src/stm32f7xx_hal_uart.o
                0x080035c0                UART_Start_Receive_IT
 .text.UART_EndRxTransfer
                0x0800374c       0xc8 ./Drivers/STM32F7xx_HAL_Driver/Src/stm32f7xx_hal_uart.o
 .text.UART_DMAAbortOnError
                0x08003814       0x2c ./Drivers/STM32F7xx_HAL_Driver/Src/stm32f7xx_hal_uart.o
 .text.UART_TxISR_8BIT
                0x08003840       0xb6 ./Drivers/STM32F7xx_HAL_Driver/Src/stm32f7xx_hal_uart.o
 .text.UART_TxISR_16BIT
                0x080038f6       0xc0 ./Drivers/STM32F7xx_HAL_Driver/Src/stm32f7xx_hal_uart.o
 .text.UART_EndTransmit_IT
                0x080039b6       0x54 ./Drivers/STM32F7xx_HAL_Driver/Src/stm32f7xx_hal_uart.o
 .text.UART_RxISR_8BIT
                0x08003a0a      0x166 ./Drivers/STM32F7xx_HAL_Driver/Src/stm32f7xx_hal_uart.o
 .text.UART_RxISR_16BIT
                0x08003b70      0x166 ./Drivers/STM32F7xx_HAL_Driver/Src/stm32f7xx_hal_uart.o
 .text.HAL_UARTEx_ReceiveToIdle_IT
                0x08003cd6       0xa8 ./Drivers/STM32F7xx_HAL_Driver/Src/stm32f7xx_hal_uart_ex.o
                0x08003cd6                HAL_UARTEx_ReceiveToIdle_IT
 .text.memset   0x08003d7e       0x10 C:/ST/STM32CubeIDE_1.15.0/STM32CubeIDE/plugins/com.st.stm32cube.ide.mcu.externaltools.gnu-tools-for-stm32.12.3.rel1.win32_1.0.100.202403111256/tools/bin/../lib/gcc/arm-none-eabi/12.3.1/../../../../arm-none-eabi/lib/thumb/v7e-m+dp/hard\libc_nano.a(libc_a-memset.o)
                0x08003d7e                memset
 .text.strncmp  0x08003d8e       0x24 C:/ST/STM32CubeIDE_1.15.0/STM32CubeIDE/plugins/com.st.stm32cube.ide.mcu.externaltools.gnu-tools-for-stm32.12.3.rel1.win32_1.0.100.202403111256/tools/bin/../lib/gcc/arm-none-eabi/12.3.1/../../../../arm-none-eabi/lib/thumb/v7e-m+dp/hard\libc_nano.a(libc_a-strncmp.o)
                0x08003d8e                strncmp
 .text.strncpy  0x08003db2       0x26 C:/ST/STM32CubeIDE_1.15.0/STM32CubeIDE/plugins/com.st.stm32cube.ide.mcu.externaltools.gnu-tools-for-stm32.12.3.rel1.win32_1.0.100.202403111256/tools/bin/../lib/gcc/arm-none-eabi/12.3.1/../../../../arm-none-eabi/lib/thumb/v7e-m+dp/hard\libc_nano.a(libc_a-strncpy.o)
                0x08003db2                strncpy
 .text.__libc_init_array
                0x08003dd8       0x48 C:/ST/STM32CubeIDE_1.15.0/STM32CubeIDE/plugins/com.st.stm32cube.ide.mcu.externaltools.gnu-tools-for-stm32.12.3.rel1.win32_1.0.100.202403111256/tools/bin/../lib/gcc/arm-none-eabi/12.3.1/../../../../arm-none-eabi/lib/thumb/v7e-m+dp/hard\libc_nano.a(libc_a-init.o)
                0x08003dd8                __libc_init_array
 *(.glue_7)
 .glue_7        0x08003e20        0x0 linker stubs
 *(.glue_7t)
 .glue_7t       0x08003e20        0x0 linker stubs
 *(.eh_frame)
 .eh_frame      0x08003e20        0x0 C:/ST/STM32CubeIDE_1.15.0/STM32CubeIDE/plugins/com.st.stm32cube.ide.mcu.externaltools.gnu-tools-for-stm32.12.3.rel1.win32_1.0.100.202403111256/tools/bin/../lib/gcc/arm-none-eabi/12.3.1/thumb/v7e-m+dp/hard/crtbegin.o
 *(.init)
 .init          0x08003e20        0x4 C:/ST/STM32CubeIDE_1.15.0/STM32CubeIDE/plugins/com.st.stm32cube.ide.mcu.externaltools.gnu-tools-for-stm32.12.3.rel1.win32_1.0.100.202403111256/tools/bin/../lib/gcc/arm-none-eabi/12.3.1/thumb/v7e-m+dp/hard/crti.o
                0x08003e20                _init
 .init          0x08003e24        0x8 C:/ST/STM32CubeIDE_1.15.0/STM32CubeIDE/plugins/com.st.stm32cube.ide.mcu.externaltools.gnu-tools-for-stm32.12.3.rel1.win32_1.0.100.202403111256/tools/bin/../lib/gcc/arm-none-eabi/12.3.1/thumb/v7e-m+dp/hard/crtn.o
 *(.fini)
 .fini          0x08003e2c        0x4 C:/ST/STM32CubeIDE_1.15.0/STM32CubeIDE/plugins/com.st.stm32cube.ide.mcu.externaltools.gnu-tools-for-stm32.12.3.rel1.win32_1.0.100.202403111256/tools/bin/../lib/gcc/arm-none-eabi/12.3.1/thumb/v7e-m+dp/hard/crti.o
                0x08003e2c                _fini
 .fini          0x08003e30        0x8 C:/ST/STM32CubeIDE_1.15.0/STM32CubeIDE/plugins/com.st.stm32cube.ide.mcu.externaltools.gnu-tools-for-stm32.12.3.rel1.win32_1.0.100.202403111256/tools/bin/../lib/gcc/arm-none-eabi/12.3.1/thumb/v7e-m+dp/hard/crtn.o
                0x08003e38                        . = ALIGN (0x4)
                0x08003e38                        _etext = .

.vfp11_veneer   0x08003e38        0x0
 .vfp11_veneer  0x08003e38        0x0 linker stubs

.v4_bx          0x08003e38        0x0
 .v4_bx         0x08003e38        0x0 linker stubs

.iplt           0x08003e38        0x0
 .iplt          0x08003e38        0x0 C:/ST/STM32CubeIDE_1.15.0/STM32CubeIDE/plugins/com.st.stm32cube.ide.mcu.externaltools.gnu-tools-for-stm32.12.3.rel1.win32_1.0.100.202403111256/tools/bin/../lib/gcc/arm-none-eabi/12.3.1/thumb/v7e-m+dp/hard/crtbegin.o

.rodata         0x08003e38       0x48
                0x08003e38                        . = ALIGN (0x4)
 *(.rodata)
 .rodata        0x08003e38       0x2f ./Core/Src/WIFI.o
 *(.rodata*)
 *fill*         0x08003e67        0x1 
 .rodata.AHBPrescTable
                0x08003e68       0x10 ./Core/Src/system_stm32f7xx.o
                0x08003e68                AHBPrescTable
 .rodata.APBPrescTable
                0x08003e78        0x8 ./Core/Src/system_stm32f7xx.o
                0x08003e78                APBPrescTable
                0x08003e80                        . = ALIGN (0x4)

.ARM.extab      0x08003e80        0x0
                0x08003e80                        . = ALIGN (0x4)
 *(.ARM.extab* .gnu.linkonce.armextab.*)
                0x08003e80                        . = ALIGN (0x4)

.ARM            0x08003e80        0x8
                0x08003e80                        . = ALIGN (0x4)
                0x08003e80                        __exidx_start = .
 *(.ARM.exidx*)
 .ARM.exidx     0x08003e80        0x8 C:/ST/STM32CubeIDE_1.15.0/STM32CubeIDE/plugins/com.st.stm32cube.ide.mcu.externaltools.gnu-tools-for-stm32.12.3.rel1.win32_1.0.100.202403111256/tools/bin/../lib/gcc/arm-none-eabi/12.3.1/../../../../arm-none-eabi/lib/thumb/v7e-m+dp/hard\libc_nano.a(libc_a-strlen.o)
 .ARM.exidx     0x08003e88        0x0 C:/ST/STM32CubeIDE_1.15.0/STM32CubeIDE/plugins/com.st.stm32cube.ide.mcu.externaltools.gnu-tools-for-stm32.12.3.rel1.win32_1.0.100.202403111256/tools/bin/../lib/gcc/arm-none-eabi/12.3.1/thumb/v7e-m+dp/hard\libgcc.a(_udivmoddi4.o)
                                  0x8 (size before relaxing)
                0x08003e88                        __exidx_end = .
                0x08003e88                        . = ALIGN (0x4)

.preinit_array  0x08003e88        0x0
                0x08003e88                        . = ALIGN (0x4)
                0x08003e88                        PROVIDE (__preinit_array_start = .)
 *(.preinit_array*)
                0x08003e88                        PROVIDE (__preinit_array_end = .)
                0x08003e88                        . = ALIGN (0x4)

.init_array     0x08003e88        0x4
                0x08003e88                        . = ALIGN (0x4)
                0x08003e88                        PROVIDE (__init_array_start = .)
 *(SORT_BY_NAME(.init_array.*))
 *(.init_array*)
 .init_array    0x08003e88        0x4 C:/ST/STM32CubeIDE_1.15.0/STM32CubeIDE/plugins/com.st.stm32cube.ide.mcu.externaltools.gnu-tools-for-stm32.12.3.rel1.win32_1.0.100.202403111256/tools/bin/../lib/gcc/arm-none-eabi/12.3.1/thumb/v7e-m+dp/hard/crtbegin.o
                0x08003e8c                        PROVIDE (__init_array_end = .)
                0x08003e8c                        . = ALIGN (0x4)

.fini_array     0x08003e8c        0x4
                0x08003e8c                        . = ALIGN (0x4)
                [!provide]                        PROVIDE (__fini_array_start = .)
 *(SORT_BY_NAME(.fini_array.*))
 *(.fini_array*)
 .fini_array    0x08003e8c        0x4 C:/ST/STM32CubeIDE_1.15.0/STM32CubeIDE/plugins/com.st.stm32cube.ide.mcu.externaltools.gnu-tools-for-stm32.12.3.rel1.win32_1.0.100.202403111256/tools/bin/../lib/gcc/arm-none-eabi/12.3.1/thumb/v7e-m+dp/hard/crtbegin.o
                [!provide]                        PROVIDE (__fini_array_end = .)
                0x08003e90                        . = ALIGN (0x4)
                0x08003e90                        _sidata = LOADADDR (.data)

.rel.dyn        0x08003e90        0x0
 .rel.iplt      0x08003e90        0x0 C:/ST/STM32CubeIDE_1.15.0/STM32CubeIDE/plugins/com.st.stm32cube.ide.mcu.externaltools.gnu-tools-for-stm32.12.3.rel1.win32_1.0.100.202403111256/tools/bin/../lib/gcc/arm-none-eabi/12.3.1/thumb/v7e-m+dp/hard/crtbegin.o

.data           0x20000000       0x10 load address 0x08003e90
                0x20000000                        . = ALIGN (0x4)
                0x20000000                        _sdata = .
 *(.data)
 *(.data*)
 .data.txCplt   0x20000000        0x1 ./Core/Src/WIFI.o
                0x20000000                txCplt
 *fill*         0x20000001        0x3 
 .data.SystemCoreClock
                0x20000004        0x4 ./Core/Src/system_stm32f7xx.o
                0x20000004                SystemCoreClock
 .data.uwTickPrio
                0x20000008        0x4 ./Drivers/STM32F7xx_HAL_Driver/Src/stm32f7xx_hal.o
                0x20000008                uwTickPrio
 .data.uwTickFreq
                0x2000000c        0x1 ./Drivers/STM32F7xx_HAL_Driver/Src/stm32f7xx_hal.o
                0x2000000c                uwTickFreq
 *(.RamFunc)
 *(.RamFunc*)
                0x20000010                        . = ALIGN (0x4)
 *fill*         0x2000000d        0x3 
                0x20000010                        _edata = .

.igot.plt       0x20000010        0x0 load address 0x08003ea0
 .igot.plt      0x20000010        0x0 C:/ST/STM32CubeIDE_1.15.0/STM32CubeIDE/plugins/com.st.stm32cube.ide.mcu.externaltools.gnu-tools-for-stm32.12.3.rel1.win32_1.0.100.202403111256/tools/bin/../lib/gcc/arm-none-eabi/12.3.1/thumb/v7e-m+dp/hard/crtbegin.o
                0x20000010                        . = ALIGN (0x4)

.bss            0x20000010      0x538 load address 0x08003ea0
                0x20000010                        _sbss = .
                0x20000010                        __bss_start__ = _sbss
 *(.bss)
 .bss           0x20000010       0x1c C:/ST/STM32CubeIDE_1.15.0/STM32CubeIDE/plugins/com.st.stm32cube.ide.mcu.externaltools.gnu-tools-for-stm32.12.3.rel1.win32_1.0.100.202403111256/tools/bin/../lib/gcc/arm-none-eabi/12.3.1/thumb/v7e-m+dp/hard/crtbegin.o
 *(.bss*)
 .bss.UART4_RX  0x2000002c      0x400 ./Core/Src/WIFI.o
                0x2000002c                UART4_RX
 .bss.rxCplt    0x2000042c        0x1 ./Core/Src/WIFI.o
                0x2000042c                rxCplt
 .bss.rxErr     0x2000042d        0x1 ./Core/Src/WIFI.o
                0x2000042d                rxErr
 *fill*         0x2000042e        0x2 
 .bss.recv      0x20000430        0x4 ./Core/Src/WIFI.o
                0x20000430                recv
 .bss.huart4    0x20000434       0x88 ./Core/Src/main.o
                0x20000434                huart4
 .bss.huart3    0x200004bc       0x88 ./Core/Src/main.o
                0x200004bc                huart3
 .bss.uwTick    0x20000544        0x4 ./Drivers/STM32F7xx_HAL_Driver/Src/stm32f7xx_hal.o
                0x20000544                uwTick
 *(COMMON)
                0x20000548                        . = ALIGN (0x4)
                0x20000548                        _ebss = .
                0x20000548                        __bss_end__ = _ebss

._user_heap_stack
                0x20000548      0x600 load address 0x08003ea0
                0x20000548                        . = ALIGN (0x8)
                [!provide]                        PROVIDE (end = .)
                0x20000548                        PROVIDE (_end = .)
                0x20000748                        . = (. + _Min_Heap_Size)
 *fill*         0x20000548      0x200 
                0x20000b48                        . = (. + _Min_Stack_Size)
 *fill*         0x20000748      0x400 
                0x20000b48                        . = ALIGN (0x8)

/DISCARD/
 libc.a(*)
 libm.a(*)
 libgcc.a(*)

.ARM.attributes
                0x00000000       0x2e
 *(.ARM.attributes)
 .ARM.attributes
                0x00000000       0x20 C:/ST/STM32CubeIDE_1.15.0/STM32CubeIDE/plugins/com.st.stm32cube.ide.mcu.externaltools.gnu-tools-for-stm32.12.3.rel1.win32_1.0.100.202403111256/tools/bin/../lib/gcc/arm-none-eabi/12.3.1/thumb/v7e-m+dp/hard/crti.o
 .ARM.attributes
                0x00000020       0x32 C:/ST/STM32CubeIDE_1.15.0/STM32CubeIDE/plugins/com.st.stm32cube.ide.mcu.externaltools.gnu-tools-for-stm32.12.3.rel1.win32_1.0.100.202403111256/tools/bin/../lib/gcc/arm-none-eabi/12.3.1/thumb/v7e-m+dp/hard/crtbegin.o
 .ARM.attributes
                0x00000052       0x32 ./Core/Src/WIFI.o
 .ARM.attributes
                0x00000084       0x32 ./Core/Src/main.o
 .ARM.attributes
                0x000000b6       0x32 ./Core/Src/stm32f7xx_hal_msp.o
 .ARM.attributes
                0x000000e8       0x32 ./Core/Src/stm32f7xx_it.o
 .ARM.attributes
                0x0000011a       0x32 ./Core/Src/system_stm32f7xx.o
 .ARM.attributes
                0x0000014c       0x21 ./Core/Startup/startup_stm32f767zitx.o
 .ARM.attributes
                0x0000016d       0x32 ./Drivers/STM32F7xx_HAL_Driver/Src/stm32f7xx_hal.o
 .ARM.attributes
                0x0000019f       0x32 ./Drivers/STM32F7xx_HAL_Driver/Src/stm32f7xx_hal_cortex.o
 .ARM.attributes
                0x000001d1       0x32 ./Drivers/STM32F7xx_HAL_Driver/Src/stm32f7xx_hal_dma.o
 .ARM.attributes
                0x00000203       0x32 ./Drivers/STM32F7xx_HAL_Driver/Src/stm32f7xx_hal_gpio.o
 .ARM.attributes
                0x00000235       0x32 ./Drivers/STM32F7xx_HAL_Driver/Src/stm32f7xx_hal_rcc.o
 .ARM.attributes
                0x00000267       0x32 ./Drivers/STM32F7xx_HAL_Driver/Src/stm32f7xx_hal_rcc_ex.o
 .ARM.attributes
                0x00000299       0x32 ./Drivers/STM32F7xx_HAL_Driver/Src/stm32f7xx_hal_uart.o
 .ARM.attributes
                0x000002cb       0x32 ./Drivers/STM32F7xx_HAL_Driver/Src/stm32f7xx_hal_uart_ex.o
 .ARM.attributes
                0x000002fd       0x32 C:/ST/STM32CubeIDE_1.15.0/STM32CubeIDE/plugins/com.st.stm32cube.ide.mcu.externaltools.gnu-tools-for-stm32.12.3.rel1.win32_1.0.100.202403111256/tools/bin/../lib/gcc/arm-none-eabi/12.3.1/../../../../arm-none-eabi/lib/thumb/v7e-m+dp/hard\libc_nano.a(libc_a-memset.o)
 .ARM.attributes
                0x0000032f       0x32 C:/ST/STM32CubeIDE_1.15.0/STM32CubeIDE/plugins/com.st.stm32cube.ide.mcu.externaltools.gnu-tools-for-stm32.12.3.rel1.win32_1.0.100.202403111256/tools/bin/../lib/gcc/arm-none-eabi/12.3.1/../../../../arm-none-eabi/lib/thumb/v7e-m+dp/hard\libc_nano.a(libc_a-strncmp.o)
 .ARM.attributes
                0x00000361       0x32 C:/ST/STM32CubeIDE_1.15.0/STM32CubeIDE/plugins/com.st.stm32cube.ide.mcu.externaltools.gnu-tools-for-stm32.12.3.rel1.win32_1.0.100.202403111256/tools/bin/../lib/gcc/arm-none-eabi/12.3.1/../../../../arm-none-eabi/lib/thumb/v7e-m+dp/hard\libc_nano.a(libc_a-strncpy.o)
 .ARM.attributes
                0x00000393       0x32 C:/ST/STM32CubeIDE_1.15.0/STM32CubeIDE/plugins/com.st.stm32cube.ide.mcu.externaltools.gnu-tools-for-stm32.12.3.rel1.win32_1.0.100.202403111256/tools/bin/../lib/gcc/arm-none-eabi/12.3.1/../../../../arm-none-eabi/lib/thumb/v7e-m+dp/hard\libc_nano.a(libc_a-init.o)
 .ARM.attributes
                0x000003c5       0x17 C:/ST/STM32CubeIDE_1.15.0/STM32CubeIDE/plugins/com.st.stm32cube.ide.mcu.externaltools.gnu-tools-for-stm32.12.3.rel1.win32_1.0.100.202403111256/tools/bin/../lib/gcc/arm-none-eabi/12.3.1/../../../../arm-none-eabi/lib/thumb/v7e-m+dp/hard\libc_nano.a(libc_a-strlen.o)
 .ARM.attributes
                0x000003dc       0x20 C:/ST/STM32CubeIDE_1.15.0/STM32CubeIDE/plugins/com.st.stm32cube.ide.mcu.externaltools.gnu-tools-for-stm32.12.3.rel1.win32_1.0.100.202403111256/tools/bin/../lib/gcc/arm-none-eabi/12.3.1/thumb/v7e-m+dp/hard\libgcc.a(_aeabi_uldivmod.o)
 .ARM.attributes
                0x000003fc       0x32 C:/ST/STM32CubeIDE_1.15.0/STM32CubeIDE/plugins/com.st.stm32cube.ide.mcu.externaltools.gnu-tools-for-stm32.12.3.rel1.win32_1.0.100.202403111256/tools/bin/../lib/gcc/arm-none-eabi/12.3.1/thumb/v7e-m+dp/hard\libgcc.a(_udivmoddi4.o)
 .ARM.attributes
                0x0000042e       0x20 C:/ST/STM32CubeIDE_1.15.0/STM32CubeIDE/plugins/com.st.stm32cube.ide.mcu.externaltools.gnu-tools-for-stm32.12.3.rel1.win32_1.0.100.202403111256/tools/bin/../lib/gcc/arm-none-eabi/12.3.1/thumb/v7e-m+dp/hard\libgcc.a(_dvmd_tls.o)
 .ARM.attributes
                0x0000044e       0x20 C:/ST/STM32CubeIDE_1.15.0/STM32CubeIDE/plugins/com.st.stm32cube.ide.mcu.externaltools.gnu-tools-for-stm32.12.3.rel1.win32_1.0.100.202403111256/tools/bin/../lib/gcc/arm-none-eabi/12.3.1/thumb/v7e-m+dp/hard/crtn.o
OUTPUT(ESP_WIFI.elf elf32-littlearm)
LOAD linker stubs
LOAD C:/ST/STM32CubeIDE_1.15.0/STM32CubeIDE/plugins/com.st.stm32cube.ide.mcu.externaltools.gnu-tools-for-stm32.12.3.rel1.win32_1.0.100.202403111256/tools/bin/../lib/gcc/arm-none-eabi/12.3.1/../../../../arm-none-eabi/lib/thumb/v7e-m+dp/hard\libc.a
LOAD C:/ST/STM32CubeIDE_1.15.0/STM32CubeIDE/plugins/com.st.stm32cube.ide.mcu.externaltools.gnu-tools-for-stm32.12.3.rel1.win32_1.0.100.202403111256/tools/bin/../lib/gcc/arm-none-eabi/12.3.1/../../../../arm-none-eabi/lib/thumb/v7e-m+dp/hard\libm.a
LOAD C:/ST/STM32CubeIDE_1.15.0/STM32CubeIDE/plugins/com.st.stm32cube.ide.mcu.externaltools.gnu-tools-for-stm32.12.3.rel1.win32_1.0.100.202403111256/tools/bin/../lib/gcc/arm-none-eabi/12.3.1/thumb/v7e-m+dp/hard\libgcc.a

.debug_info     0x00000000     0xb77a
 .debug_info    0x00000000      0x8b1 ./Core/Src/WIFI.o
 .debug_info    0x000008b1      0xd8c ./Core/Src/main.o
 .debug_info    0x0000163d      0xfd2 ./Core/Src/stm32f7xx_hal_msp.o
 .debug_info    0x0000260f      0x859 ./Core/Src/stm32f7xx_it.o
 .debug_info    0x00002e68      0x6ed ./Core/Src/system_stm32f7xx.o
 .debug_info    0x00003555       0x30 ./Core/Startup/startup_stm32f767zitx.o
 .debug_info    0x00003585      0xa4c ./Drivers/STM32F7xx_HAL_Driver/Src/stm32f7xx_hal.o
 .debug_info    0x00003fd1      0xf8b ./Drivers/STM32F7xx_HAL_Driver/Src/stm32f7xx_hal_cortex.o
 .debug_info    0x00004f5c      0x8e7 ./Drivers/STM32F7xx_HAL_Driver/Src/stm32f7xx_hal_dma.o
 .debug_info    0x00005843      0x6f3 ./Drivers/STM32F7xx_HAL_Driver/Src/stm32f7xx_hal_gpio.o
 .debug_info    0x00005f36      0x937 ./Drivers/STM32F7xx_HAL_Driver/Src/stm32f7xx_hal_rcc.o
 .debug_info    0x0000686d      0x6e1 ./Drivers/STM32F7xx_HAL_Driver/Src/stm32f7xx_hal_rcc_ex.o
 .debug_info    0x00006f4e     0x3a6d ./Drivers/STM32F7xx_HAL_Driver/Src/stm32f7xx_hal_uart.o
 .debug_info    0x0000a9bb      0xdbf ./Drivers/STM32F7xx_HAL_Driver/Src/stm32f7xx_hal_uart_ex.o

.debug_abbrev   0x00000000     0x1dd2
 .debug_abbrev  0x00000000      0x1e4 ./Core/Src/WIFI.o
 .debug_abbrev  0x000001e4      0x30d ./Core/Src/main.o
 .debug_abbrev  0x000004f1      0x1f5 ./Core/Src/stm32f7xx_hal_msp.o
 .debug_abbrev  0x000006e6      0x1e7 ./Core/Src/stm32f7xx_it.o
 .debug_abbrev  0x000008cd      0x13b ./Core/Src/system_stm32f7xx.o
 .debug_abbrev  0x00000a08       0x24 ./Core/Startup/startup_stm32f767zitx.o
 .debug_abbrev  0x00000a2c      0x213 ./Drivers/STM32F7xx_HAL_Driver/Src/stm32f7xx_hal.o
 .debug_abbrev  0x00000c3f      0x329 ./Drivers/STM32F7xx_HAL_Driver/Src/stm32f7xx_hal_cortex.o
 .debug_abbrev  0x00000f68      0x264 ./Drivers/STM32F7xx_HAL_Driver/Src/stm32f7xx_hal_dma.o
 .debug_abbrev  0x000011cc      0x1d4 ./Drivers/STM32F7xx_HAL_Driver/Src/stm32f7xx_hal_gpio.o
 .debug_abbrev  0x000013a0      0x2de ./Drivers/STM32F7xx_HAL_Driver/Src/stm32f7xx_hal_rcc.o
 .debug_abbrev  0x0000167e      0x1c9 ./Drivers/STM32F7xx_HAL_Driver/Src/stm32f7xx_hal_rcc_ex.o
 .debug_abbrev  0x00001847      0x2e6 ./Drivers/STM32F7xx_HAL_Driver/Src/stm32f7xx_hal_uart.o
 .debug_abbrev  0x00001b2d      0x2a5 ./Drivers/STM32F7xx_HAL_Driver/Src/stm32f7xx_hal_uart_ex.o

.debug_aranges  0x00000000      0x828
 .debug_aranges
                0x00000000       0x38 ./Core/Src/WIFI.o
 .debug_aranges
                0x00000038       0x58 ./Core/Src/main.o
 .debug_aranges
                0x00000090       0x30 ./Core/Src/stm32f7xx_hal_msp.o
 .debug_aranges
                0x000000c0       0x88 ./Core/Src/stm32f7xx_it.o
 .debug_aranges
                0x00000148       0x28 ./Core/Src/system_stm32f7xx.o
 .debug_aranges
                0x00000170       0x28 ./Core/Startup/startup_stm32f767zitx.o
 .debug_aranges
                0x00000198      0x110 ./Drivers/STM32F7xx_HAL_Driver/Src/stm32f7xx_hal.o
 .debug_aranges
                0x000002a8      0x118 ./Drivers/STM32F7xx_HAL_Driver/Src/stm32f7xx_hal_cortex.o
 .debug_aranges
                0x000003c0       0x90 ./Drivers/STM32F7xx_HAL_Driver/Src/stm32f7xx_hal_dma.o
 .debug_aranges
                0x00000450       0x58 ./Drivers/STM32F7xx_HAL_Driver/Src/stm32f7xx_hal_gpio.o
 .debug_aranges
                0x000004a8       0x88 ./Drivers/STM32F7xx_HAL_Driver/Src/stm32f7xx_hal_rcc.o
 .debug_aranges
                0x00000530       0x50 ./Drivers/STM32F7xx_HAL_Driver/Src/stm32f7xx_hal_rcc_ex.o
 .debug_aranges
                0x00000580      0x230 ./Drivers/STM32F7xx_HAL_Driver/Src/stm32f7xx_hal_uart.o
 .debug_aranges
                0x000007b0       0x78 ./Drivers/STM32F7xx_HAL_Driver/Src/stm32f7xx_hal_uart_ex.o

.debug_rnglists
                0x00000000      0x63a
 .debug_rnglists
                0x00000000       0x27 ./Core/Src/WIFI.o
 .debug_rnglists
                0x00000027       0x3e ./Core/Src/main.o
 .debug_rnglists
                0x00000065       0x20 ./Core/Src/stm32f7xx_hal_msp.o
 .debug_rnglists
                0x00000085       0x61 ./Core/Src/stm32f7xx_it.o
 .debug_rnglists
                0x000000e6       0x1a ./Core/Src/system_stm32f7xx.o
 .debug_rnglists
                0x00000100       0x19 ./Core/Startup/startup_stm32f767zitx.o
 .debug_rnglists
                0x00000119       0xc7 ./Drivers/STM32F7xx_HAL_Driver/Src/stm32f7xx_hal.o
 .debug_rnglists
                0x000001e0       0xce ./Drivers/STM32F7xx_HAL_Driver/Src/stm32f7xx_hal_cortex.o
 .debug_rnglists
                0x000002ae       0x70 ./Drivers/STM32F7xx_HAL_Driver/Src/stm32f7xx_hal_dma.o
 .debug_rnglists
                0x0000031e       0x3f ./Drivers/STM32F7xx_HAL_Driver/Src/stm32f7xx_hal_gpio.o
 .debug_rnglists
                0x0000035d       0x67 ./Drivers/STM32F7xx_HAL_Driver/Src/stm32f7xx_hal_rcc.o
 .debug_rnglists
                0x000003c4       0x3c ./Drivers/STM32F7xx_HAL_Driver/Src/stm32f7xx_hal_rcc_ex.o
 .debug_rnglists
                0x00000400      0x1e0 ./Drivers/STM32F7xx_HAL_Driver/Src/stm32f7xx_hal_uart.o
 .debug_rnglists
                0x000005e0       0x5a ./Drivers/STM32F7xx_HAL_Driver/Src/stm32f7xx_hal_uart_ex.o

.debug_macro    0x00000000    0x26ebf
 .debug_macro   0x00000000      0x2ea ./Core/Src/WIFI.o
 .debug_macro   0x000002ea      0xacc ./Core/Src/WIFI.o
 .debug_macro   0x00000db6      0x28d ./Core/Src/WIFI.o
 .debug_macro   0x00001043       0x2e ./Core/Src/WIFI.o
 .debug_macro   0x00001071       0x3b ./Core/Src/WIFI.o
 .debug_macro   0x000010ac       0x22 ./Core/Src/WIFI.o
 .debug_macro   0x000010ce       0x8e ./Core/Src/WIFI.o
 .debug_macro   0x0000115c       0x51 ./Core/Src/WIFI.o
 .debug_macro   0x000011ad      0x103 ./Core/Src/WIFI.o
 .debug_macro   0x000012b0       0x6a ./Core/Src/WIFI.o
 .debug_macro   0x0000131a      0x1df ./Core/Src/WIFI.o
 .debug_macro   0x000014f9       0x1c ./Core/Src/WIFI.o
 .debug_macro   0x00001515       0x22 ./Core/Src/WIFI.o
 .debug_macro   0x00001537       0xd9 ./Core/Src/WIFI.o
 .debug_macro   0x00001610     0x12cd ./Core/Src/WIFI.o
 .debug_macro   0x000028dd      0x11f ./Core/Src/WIFI.o
 .debug_macro   0x000029fc       0x19 ./Core/Src/WIFI.o
 .debug_macro   0x00002a15    0x1aa0d ./Core/Src/WIFI.o
 .debug_macro   0x0001d422       0x6d ./Core/Src/WIFI.o
 .debug_macro   0x0001d48f     0x3749 ./Core/Src/WIFI.o
 .debug_macro   0x00020bd8      0x189 ./Core/Src/WIFI.o
 .debug_macro   0x00020d61       0x63 ./Core/Src/WIFI.o
 .debug_macro   0x00020dc4     0x1add ./Core/Src/WIFI.o
 .debug_macro   0x000228a1      0x6c4 ./Core/Src/WIFI.o
 .debug_macro   0x00022f65      0x18b ./Core/Src/WIFI.o
 .debug_macro   0x000230f0      0x115 ./Core/Src/WIFI.o
 .debug_macro   0x00023205      0x26e ./Core/Src/WIFI.o
 .debug_macro   0x00023473       0xa5 ./Core/Src/WIFI.o
 .debug_macro   0x00023518      0x24f ./Core/Src/WIFI.o
 .debug_macro   0x00023767       0x71 ./Core/Src/WIFI.o
 .debug_macro   0x000237d8       0x58 ./Core/Src/WIFI.o
 .debug_macro   0x00023830      0x236 ./Core/Src/WIFI.o
 .debug_macro   0x00023a66      0x14e ./Core/Src/WIFI.o
 .debug_macro   0x00023bb4      0x3db ./Core/Src/WIFI.o
 .debug_macro   0x00023f8f       0x12 ./Core/Src/WIFI.o
 .debug_macro   0x00023fa1      0x22c ./Core/Src/WIFI.o
 .debug_macro   0x000241cd       0x61 ./Core/Src/WIFI.o
 .debug_macro   0x0002422e       0xa5 ./Core/Src/WIFI.o
 .debug_macro   0x000242d3      0x12e ./Core/Src/WIFI.o
 .debug_macro   0x00024401      0x108 ./Core/Src/WIFI.o
 .debug_macro   0x00024509       0x35 ./Core/Src/WIFI.o
 .debug_macro   0x0002453e      0x5ba ./Core/Src/WIFI.o
 .debug_macro   0x00024af8       0x44 ./Core/Src/WIFI.o
 .debug_macro   0x00024b3c      0x15b ./Core/Src/WIFI.o
 .debug_macro   0x00024c97       0x61 ./Core/Src/WIFI.o
 .debug_macro   0x00024cf8       0x29 ./Core/Src/WIFI.o
 .debug_macro   0x00024d21       0x43 ./Core/Src/WIFI.o
 .debug_macro   0x00024d64       0x34 ./Core/Src/WIFI.o
 .debug_macro   0x00024d98       0x16 ./Core/Src/WIFI.o
 .debug_macro   0x00024dae       0x35 ./Core/Src/WIFI.o
 .debug_macro   0x00024de3      0x369 ./Core/Src/WIFI.o
 .debug_macro   0x0002514c       0x10 ./Core/Src/WIFI.o
 .debug_macro   0x0002515c       0x16 ./Core/Src/WIFI.o
 .debug_macro   0x00025172       0x43 ./Core/Src/WIFI.o
 .debug_macro   0x000251b5       0x34 ./Core/Src/WIFI.o
 .debug_macro   0x000251e9       0x10 ./Core/Src/WIFI.o
 .debug_macro   0x000251f9       0x58 ./Core/Src/WIFI.o
 .debug_macro   0x00025251       0x8e ./Core/Src/WIFI.o
 .debug_macro   0x000252df       0x1c ./Core/Src/WIFI.o
 .debug_macro   0x000252fb      0x177 ./Core/Src/WIFI.o
 .debug_macro   0x00025472       0x16 ./Core/Src/WIFI.o
 .debug_macro   0x00025488       0x16 ./Core/Src/WIFI.o
 .debug_macro   0x0002549e      0x146 ./Core/Src/WIFI.o
 .debug_macro   0x000255e4       0x22 ./Core/Src/WIFI.o
 .debug_macro   0x00025606       0x16 ./Core/Src/WIFI.o
 .debug_macro   0x0002561c       0x20 ./Core/Src/WIFI.o
 .debug_macro   0x0002563c      0x2f4 ./Core/Src/main.o
 .debug_macro   0x00025930      0x1d9 ./Core/Src/stm32f7xx_hal_msp.o
 .debug_macro   0x00025b09      0x2fe ./Core/Src/stm32f7xx_it.o
 .debug_macro   0x00025e07      0x1cf ./Core/Src/system_stm32f7xx.o
 .debug_macro   0x00025fd6      0x1f3 ./Drivers/STM32F7xx_HAL_Driver/Src/stm32f7xx_hal.o
 .debug_macro   0x000261c9      0x1cf ./Drivers/STM32F7xx_HAL_Driver/Src/stm32f7xx_hal_cortex.o
 .debug_macro   0x00026398      0x1d5 ./Drivers/STM32F7xx_HAL_Driver/Src/stm32f7xx_hal_dma.o
 .debug_macro   0x0002656d      0x1d5 ./Drivers/STM32F7xx_HAL_Driver/Src/stm32f7xx_hal_gpio.o
 .debug_macro   0x00026742      0x1f3 ./Drivers/STM32F7xx_HAL_Driver/Src/stm32f7xx_hal_rcc.o
 .debug_macro   0x00026935      0x1cf ./Drivers/STM32F7xx_HAL_Driver/Src/stm32f7xx_hal_rcc_ex.o
 .debug_macro   0x00026b04      0x1ec ./Drivers/STM32F7xx_HAL_Driver/Src/stm32f7xx_hal_uart.o
 .debug_macro   0x00026cf0      0x1cf ./Drivers/STM32F7xx_HAL_Driver/Src/stm32f7xx_hal_uart_ex.o

.debug_line     0x00000000     0xbc44
 .debug_line    0x00000000      0x97f ./Core/Src/WIFI.o
 .debug_line    0x0000097f      0xa4c ./Core/Src/main.o
 .debug_line    0x000013cb      0x7eb ./Core/Src/stm32f7xx_hal_msp.o
 .debug_line    0x00001bb6      0xa2b ./Core/Src/stm32f7xx_it.o
 .debug_line    0x000025e1      0x7cb ./Core/Src/system_stm32f7xx.o
 .debug_line    0x00002dac       0x7a ./Core/Startup/startup_stm32f767zitx.o
 .debug_line    0x00002e26      0xa9b ./Drivers/STM32F7xx_HAL_Driver/Src/stm32f7xx_hal.o
 .debug_line    0x000038c1      0xce3 ./Drivers/STM32F7xx_HAL_Driver/Src/stm32f7xx_hal_cortex.o
 .debug_line    0x000045a4      0xfba ./Drivers/STM32F7xx_HAL_Driver/Src/stm32f7xx_hal_dma.o
 .debug_line    0x0000555e      0xbeb ./Drivers/STM32F7xx_HAL_Driver/Src/stm32f7xx_hal_gpio.o
 .debug_line    0x00006149      0xec9 ./Drivers/STM32F7xx_HAL_Driver/Src/stm32f7xx_hal_rcc.o
 .debug_line    0x00007012      0xea2 ./Drivers/STM32F7xx_HAL_Driver/Src/stm32f7xx_hal_rcc_ex.o
 .debug_line    0x00007eb4     0x315f ./Drivers/STM32F7xx_HAL_Driver/Src/stm32f7xx_hal_uart.o
 .debug_line    0x0000b013      0xc31 ./Drivers/STM32F7xx_HAL_Driver/Src/stm32f7xx_hal_uart_ex.o

.debug_str      0x00000000    0xf0de4
 .debug_str     0x00000000    0xee42e ./Core/Src/WIFI.o
                              0xeeb6b (size before relaxing)
 .debug_str     0x000ee42e      0x40b ./Core/Src/main.o
                              0xeef11 (size before relaxing)
 .debug_str     0x000ee839      0x9da ./Core/Src/stm32f7xx_hal_msp.o
                              0xebe36 (size before relaxing)
 .debug_str     0x000ef213      0x155 ./Core/Src/stm32f7xx_it.o
                              0xeec31 (size before relaxing)
 .debug_str     0x000ef368      0x1a4 ./Core/Src/system_stm32f7xx.o
                              0xeb0c3 (size before relaxing)
 .debug_str     0x000ef50c       0x44 ./Core/Startup/startup_stm32f767zitx.o
                                 0x9d (size before relaxing)
 .debug_str     0x000ef550      0x447 ./Drivers/STM32F7xx_HAL_Driver/Src/stm32f7xx_hal.o
                              0xebb03 (size before relaxing)
 .debug_str     0x000ef997      0x271 ./Drivers/STM32F7xx_HAL_Driver/Src/stm32f7xx_hal_cortex.o
                              0xebab3 (size before relaxing)
 .debug_str     0x000efc08      0x333 ./Drivers/STM32F7xx_HAL_Driver/Src/stm32f7xx_hal_dma.o
                              0xeb402 (size before relaxing)
 .debug_str     0x000eff3b      0x141 ./Drivers/STM32F7xx_HAL_Driver/Src/stm32f7xx_hal_gpio.o
                              0xeb181 (size before relaxing)
 .debug_str     0x000f007c      0x260 ./Drivers/STM32F7xx_HAL_Driver/Src/stm32f7xx_hal_rcc.o
                              0xeb43e (size before relaxing)
 .debug_str     0x000f02dc      0x14f ./Drivers/STM32F7xx_HAL_Driver/Src/stm32f7xx_hal_rcc_ex.o
                              0xeb3a1 (size before relaxing)
 .debug_str     0x000f042b      0x7d5 ./Drivers/STM32F7xx_HAL_Driver/Src/stm32f7xx_hal_uart.o
                              0xebd8c (size before relaxing)
 .debug_str     0x000f0c00      0x1e4 ./Drivers/STM32F7xx_HAL_Driver/Src/stm32f7xx_hal_uart_ex.o
                              0xeb5f0 (size before relaxing)

.comment        0x00000000       0x43
 .comment       0x00000000       0x43 ./Core/Src/WIFI.o
                                 0x44 (size before relaxing)
 .comment       0x00000043       0x44 ./Core/Src/main.o
 .comment       0x00000043       0x44 ./Core/Src/stm32f7xx_hal_msp.o
 .comment       0x00000043       0x44 ./Core/Src/stm32f7xx_it.o
 .comment       0x00000043       0x44 ./Core/Src/system_stm32f7xx.o
 .comment       0x00000043       0x44 ./Drivers/STM32F7xx_HAL_Driver/Src/stm32f7xx_hal.o
 .comment       0x00000043       0x44 ./Drivers/STM32F7xx_HAL_Driver/Src/stm32f7xx_hal_cortex.o
 .comment       0x00000043       0x44 ./Drivers/STM32F7xx_HAL_Driver/Src/stm32f7xx_hal_dma.o
 .comment       0x00000043       0x44 ./Drivers/STM32F7xx_HAL_Driver/Src/stm32f7xx_hal_gpio.o
 .comment       0x00000043       0x44 ./Drivers/STM32F7xx_HAL_Driver/Src/stm32f7xx_hal_rcc.o
 .comment       0x00000043       0x44 ./Drivers/STM32F7xx_HAL_Driver/Src/stm32f7xx_hal_rcc_ex.o
 .comment       0x00000043       0x44 ./Drivers/STM32F7xx_HAL_Driver/Src/stm32f7xx_hal_uart.o
 .comment       0x00000043       0x44 ./Drivers/STM32F7xx_HAL_Driver/Src/stm32f7xx_hal_uart_ex.o

.debug_frame    0x00000000     0x207c
 .debug_frame   0x00000000       0xb0 ./Core/Src/WIFI.o
 .debug_frame   0x000000b0      0x114 ./Core/Src/main.o
 .debug_frame   0x000001c4       0x84 ./Core/Src/stm32f7xx_hal_msp.o
 .debug_frame   0x00000248      0x1bc ./Core/Src/stm32f7xx_it.o
 .debug_frame   0x00000404       0x58 ./Core/Src/system_stm32f7xx.o
 .debug_frame   0x0000045c      0x3f4 ./Drivers/STM32F7xx_HAL_Driver/Src/stm32f7xx_hal.o
 .debug_frame   0x00000850      0x498 ./Drivers/STM32F7xx_HAL_Driver/Src/stm32f7xx_hal_cortex.o
 .debug_frame   0x00000ce8      0x250 ./Drivers/STM32F7xx_HAL_Driver/Src/stm32f7xx_hal_dma.o
 .debug_frame   0x00000f38      0x14c ./Drivers/STM32F7xx_HAL_Driver/Src/stm32f7xx_hal_gpio.o
 .debug_frame   0x00001084      0x1f8 ./Drivers/STM32F7xx_HAL_Driver/Src/stm32f7xx_hal_rcc.o
 .debug_frame   0x0000127c      0x118 ./Drivers/STM32F7xx_HAL_Driver/Src/stm32f7xx_hal_rcc_ex.o
 .debug_frame   0x00001394      0xa10 ./Drivers/STM32F7xx_HAL_Driver/Src/stm32f7xx_hal_uart.o
 .debug_frame   0x00001da4      0x1dc ./Drivers/STM32F7xx_HAL_Driver/Src/stm32f7xx_hal_uart_ex.o
 .debug_frame   0x00001f80       0x20 C:/ST/STM32CubeIDE_1.15.0/STM32CubeIDE/plugins/com.st.stm32cube.ide.mcu.externaltools.gnu-tools-for-stm32.12.3.rel1.win32_1.0.100.202403111256/tools/bin/../lib/gcc/arm-none-eabi/12.3.1/../../../../arm-none-eabi/lib/thumb/v7e-m+dp/hard\libc_nano.a(libc_a-memset.o)
 .debug_frame   0x00001fa0       0x28 C:/ST/STM32CubeIDE_1.15.0/STM32CubeIDE/plugins/com.st.stm32cube.ide.mcu.externaltools.gnu-tools-for-stm32.12.3.rel1.win32_1.0.100.202403111256/tools/bin/../lib/gcc/arm-none-eabi/12.3.1/../../../../arm-none-eabi/lib/thumb/v7e-m+dp/hard\libc_nano.a(libc_a-strncmp.o)
 .debug_frame   0x00001fc8       0x28 C:/ST/STM32CubeIDE_1.15.0/STM32CubeIDE/plugins/com.st.stm32cube.ide.mcu.externaltools.gnu-tools-for-stm32.12.3.rel1.win32_1.0.100.202403111256/tools/bin/../lib/gcc/arm-none-eabi/12.3.1/../../../../arm-none-eabi/lib/thumb/v7e-m+dp/hard\libc_nano.a(libc_a-strncpy.o)
 .debug_frame   0x00001ff0       0x2c C:/ST/STM32CubeIDE_1.15.0/STM32CubeIDE/plugins/com.st.stm32cube.ide.mcu.externaltools.gnu-tools-for-stm32.12.3.rel1.win32_1.0.100.202403111256/tools/bin/../lib/gcc/arm-none-eabi/12.3.1/../../../../arm-none-eabi/lib/thumb/v7e-m+dp/hard\libc_nano.a(libc_a-init.o)
 .debug_frame   0x0000201c       0x2c C:/ST/STM32CubeIDE_1.15.0/STM32CubeIDE/plugins/com.st.stm32cube.ide.mcu.externaltools.gnu-tools-for-stm32.12.3.rel1.win32_1.0.100.202403111256/tools/bin/../lib/gcc/arm-none-eabi/12.3.1/thumb/v7e-m+dp/hard\libgcc.a(_aeabi_uldivmod.o)
 .debug_frame   0x00002048       0x34 C:/ST/STM32CubeIDE_1.15.0/STM32CubeIDE/plugins/com.st.stm32cube.ide.mcu.externaltools.gnu-tools-for-stm32.12.3.rel1.win32_1.0.100.202403111256/tools/bin/../lib/gcc/arm-none-eabi/12.3.1/thumb/v7e-m+dp/hard\libgcc.a(_udivmoddi4.o)

.debug_line_str
                0x00000000       0x81
 .debug_line_str
                0x00000000       0x81 ./Core/Startup/startup_stm32f767zitx.o
