17:07:11 **** Incremental Build of configuration Debug for project SimpleGUI ****
make -j16 all 
arm-none-eabi-gcc "../Core/Src/GUI.c" -mcpu=cortex-m7 -std=gnu11 -g3 -DDEBUG -DUSE_HAL_DRIVER -DSTM32F767xx -c -I../Core/Inc -I../Drivers/STM32F7xx_HAL_Driver/Inc -I../Drivers/STM32F7xx_HAL_Driver/Inc/Legacy -I../Drivers/CMSIS/Device/ST/STM32F7xx/Include -I../Drivers/CMSIS/Include -O0 -ffunction-sections -fdata-sections -Wall -fstack-usage -fcyclomatic-complexity -MMD -MP -MF"Core/Src/GUI.d" -MT"Core/Src/GUI.o" --specs=nano.specs -mfpu=fpv5-d16 -mfloat-abi=hard -mthumb -o "Core/Src/GUI.o"
arm-none-eabi-gcc "../Core/Src/main.c" -mcpu=cortex-m7 -std=gnu11 -g3 -DDEBUG -DUSE_HAL_DRIVER -DSTM32F767xx -c -I../Core/Inc -I../Drivers/STM32F7xx_HAL_Driver/Inc -I../Drivers/STM32F7xx_HAL_Driver/Inc/Legacy -I../Drivers/CMSIS/Device/ST/STM32F7xx/Include -I../Drivers/CMSIS/Include -O0 -ffunction-sections -fdata-sections -Wall -fstack-usage -fcyclomatic-complexity -MMD -MP -MF"Core/Src/main.d" -MT"Core/Src/main.o" --specs=nano.specs -mfpu=fpv5-d16 -mfloat-abi=hard -mthumb -o "Core/Src/main.o"
arm-none-eabi-gcc -o "SimpleGUI.elf" @"objects.list"   -mcpu=cortex-m7 -T"C:\Users\harun\Documents\GitHub\Personal-Projects\microFlipper\SimpleGUI\SimpleGUI\STM32F767ZITX_FLASH.ld" --specs=nosys.specs -Wl,-Map="SimpleGUI.map" -Wl,--gc-sections -static --specs=nano.specs -mfpu=fpv5-d16 -mfloat-abi=hard -mthumb -Wl,--start-group -lc -lm -Wl,--end-group
Finished building target: SimpleGUI.elf
 
arm-none-eabi-size  SimpleGUI.elf 
arm-none-eabi-objdump -h -S SimpleGUI.elf  > "SimpleGUI.list"
   text	   data	    bss	    dec	    hex	filename
  24412	    456	   4512	  29380	   72c4	SimpleGUI.elf
Finished building: default.size.stdout
 
Finished building: SimpleGUI.list
 
17:07:19 **** Incremental Build of configuration Debug for project SimpleGUI ****
make -j16 all 
arm-none-eabi-size  SimpleGUI.elf 
   text	   data	    bss	    dec	    hex	filename
  24412	    456	   4512	  29380	   72c4	SimpleGUI.elf
Finished building: default.size.stdout
 
17:10:10 **** Incremental Build of configuration Debug for project SimpleGUI ****
make -j16 all 
arm-none-eabi-size  SimpleGUI.elf 
   text	   data	    bss	    dec	    hex	filename
  24412	    456	   4512	  29380	   72c4	SimpleGUI.elf
Finished building: default.size.stdout
 
17:39:37 **** Incremental Build of configuration Debug for project SimpleGUI ****
make -j16 all 
arm-none-eabi-size  SimpleGUI.elf 
   text	   data	    bss	    dec	    hex	filename
  24412	    456	   4512	  29380	   72c4	SimpleGUI.elf
Finished building: default.size.stdout
 
17:45:21 **** Incremental Build of configuration Debug for project SimpleGUI ****
make -j16 all 
arm-none-eabi-gcc "../Core/Src/GUI.c" -mcpu=cortex-m7 -std=gnu11 -g3 -DDEBUG -DUSE_HAL_DRIVER -DSTM32F767xx -c -I../Core/Inc -I../Drivers/STM32F7xx_HAL_Driver/Inc -I../Drivers/STM32F7xx_HAL_Driver/Inc/Legacy -I../Drivers/CMSIS/Device/ST/STM32F7xx/Include -I../Drivers/CMSIS/Include -O0 -ffunction-sections -fdata-sections -Wall -fstack-usage -fcyclomatic-complexity -MMD -MP -MF"Core/Src/GUI.d" -MT"Core/Src/GUI.o" --specs=nano.specs -mfpu=fpv5-d16 -mfloat-abi=hard -mthumb -o "Core/Src/GUI.o"
arm-none-eabi-gcc -o "SimpleGUI.elf" @"objects.list"   -mcpu=cortex-m7 -T"C:\Users\harun\Documents\GitHub\Personal-Projects\microFlipper\SimpleGUI\SimpleGUI\STM32F767ZITX_FLASH.ld" --specs=nosys.specs -Wl,-Map="SimpleGUI.map" -Wl,--gc-sections -static --specs=nano.specs -mfpu=fpv5-d16 -mfloat-abi=hard -mthumb -Wl,--start-group -lc -lm -Wl,--end-group
Finished building target: SimpleGUI.elf
 
arm-none-eabi-size  SimpleGUI.elf 
arm-none-eabi-objdump -h -S SimpleGUI.elf  > "SimpleGUI.list"
   text	   data	    bss	    dec	    hex	filename
  24416	    456	   4512	  29384	   72c8	SimpleGUI.elf
Finished building: default.size.stdout
 
Finished building: SimpleGUI.list
 
17:46:24 **** Incremental Build of configuration Debug for project SimpleGUI ****
make -j16 all 
arm-none-eabi-gcc "../Core/Src/GUI.c" -mcpu=cortex-m7 -std=gnu11 -g3 -DDEBUG -DUSE_HAL_DRIVER -DSTM32F767xx -c -I../Core/Inc -I../Drivers/STM32F7xx_HAL_Driver/Inc -I../Drivers/STM32F7xx_HAL_Driver/Inc/Legacy -I../Drivers/CMSIS/Device/ST/STM32F7xx/Include -I../Drivers/CMSIS/Include -O0 -ffunction-sections -fdata-sections -Wall -fstack-usage -fcyclomatic-complexity -MMD -MP -MF"Core/Src/GUI.d" -MT"Core/Src/GUI.o" --specs=nano.specs -mfpu=fpv5-d16 -mfloat-abi=hard -mthumb -o "Core/Src/GUI.o"
arm-none-eabi-gcc -o "SimpleGUI.elf" @"objects.list"   -mcpu=cortex-m7 -T"C:\Users\harun\Documents\GitHub\Personal-Projects\microFlipper\SimpleGUI\SimpleGUI\STM32F767ZITX_FLASH.ld" --specs=nosys.specs -Wl,-Map="SimpleGUI.map" -Wl,--gc-sections -static --specs=nano.specs -mfpu=fpv5-d16 -mfloat-abi=hard -mthumb -Wl,--start-group -lc -lm -Wl,--end-group
Finished building target: SimpleGUI.elf
 
arm-none-eabi-size  SimpleGUI.elf 
arm-none-eabi-objdump -h -S SimpleGUI.elf  > "SimpleGUI.list"
   text	   data	    bss	    dec	    hex	filename
  24416	    456	   4512	  29384	   72c8	SimpleGUI.elf
Finished building: default.size.stdout
 
Finished building: SimpleGUI.list
 
17:51:35 **** Incremental Build of configuration Debug for project SimpleGUI ****
make -j16 all 
arm-none-eabi-gcc "../Core/Src/GUI.c" -mcpu=cortex-m7 -std=gnu11 -g3 -DDEBUG -DUSE_HAL_DRIVER -DSTM32F767xx -c -I../Core/Inc -I../Drivers/STM32F7xx_HAL_Driver/Inc -I../Drivers/STM32F7xx_HAL_Driver/Inc/Legacy -I../Drivers/CMSIS/Device/ST/STM32F7xx/Include -I../Drivers/CMSIS/Include -O0 -ffunction-sections -fdata-sections -Wall -fstack-usage -fcyclomatic-complexity -MMD -MP -MF"Core/Src/GUI.d" -MT"Core/Src/GUI.o" --specs=nano.specs -mfpu=fpv5-d16 -mfloat-abi=hard -mthumb -o "Core/Src/GUI.o"
arm-none-eabi-gcc -o "SimpleGUI.elf" @"objects.list"   -mcpu=cortex-m7 -T"C:\Users\harun\Documents\GitHub\Personal-Projects\microFlipper\SimpleGUI\SimpleGUI\STM32F767ZITX_FLASH.ld" --specs=nosys.specs -Wl,-Map="SimpleGUI.map" -Wl,--gc-sections -static --specs=nano.specs -mfpu=fpv5-d16 -mfloat-abi=hard -mthumb -Wl,--start-group -lc -lm -Wl,--end-group
Finished building target: SimpleGUI.elf
 
arm-none-eabi-size  SimpleGUI.elf 
arm-none-eabi-objdump -h -S SimpleGUI.elf  > "SimpleGUI.list"
   text	   data	    bss	    dec	    hex	filename
  24416	    456	   4512	  29384	   72c8	SimpleGUI.elf
Finished building: default.size.stdout
 
Finished building: SimpleGUI.list
 
17:52:00 **** Incremental Build of configuration Debug for project SimpleGUI ****
make -j16 all 
arm-none-eabi-gcc "../Core/Src/GUI.c" -mcpu=cortex-m7 -std=gnu11 -g3 -DDEBUG -DUSE_HAL_DRIVER -DSTM32F767xx -c -I../Core/Inc -I../Drivers/STM32F7xx_HAL_Driver/Inc -I../Drivers/STM32F7xx_HAL_Driver/Inc/Legacy -I../Drivers/CMSIS/Device/ST/STM32F7xx/Include -I../Drivers/CMSIS/Include -O0 -ffunction-sections -fdata-sections -Wall -fstack-usage -fcyclomatic-complexity -MMD -MP -MF"Core/Src/GUI.d" -MT"Core/Src/GUI.o" --specs=nano.specs -mfpu=fpv5-d16 -mfloat-abi=hard -mthumb -o "Core/Src/GUI.o"
arm-none-eabi-gcc -o "SimpleGUI.elf" @"objects.list"   -mcpu=cortex-m7 -T"C:\Users\harun\Documents\GitHub\Personal-Projects\microFlipper\SimpleGUI\SimpleGUI\STM32F767ZITX_FLASH.ld" --specs=nosys.specs -Wl,-Map="SimpleGUI.map" -Wl,--gc-sections -static --specs=nano.specs -mfpu=fpv5-d16 -mfloat-abi=hard -mthumb -Wl,--start-group -lc -lm -Wl,--end-group
Finished building target: SimpleGUI.elf
 
arm-none-eabi-size  SimpleGUI.elf 
arm-none-eabi-objdump -h -S SimpleGUI.elf  > "SimpleGUI.list"
   text	   data	    bss	    dec	    hex	filename
  24416	    456	   4512	  29384	   72c8	SimpleGUI.elf
Finished building: default.size.stdout
 
Finished building: SimpleGUI.list
 
17:53:00 **** Incremental Build of configuration Debug for project SimpleGUI ****
make -j16 all 
arm-none-eabi-gcc "../Core/Src/Bitmaps.c" -mcpu=cortex-m7 -std=gnu11 -g3 -DDEBUG -DUSE_HAL_DRIVER -DSTM32F767xx -c -I../Core/Inc -I../Drivers/STM32F7xx_HAL_Driver/Inc -I../Drivers/STM32F7xx_HAL_Driver/Inc/Legacy -I../Drivers/CMSIS/Device/ST/STM32F7xx/Include -I../Drivers/CMSIS/Include -O0 -ffunction-sections -fdata-sections -Wall -fstack-usage -fcyclomatic-complexity -MMD -MP -MF"Core/Src/Bitmaps.d" -MT"Core/Src/Bitmaps.o" --specs=nano.specs -mfpu=fpv5-d16 -mfloat-abi=hard -mthumb -o "Core/Src/Bitmaps.o"
arm-none-eabi-gcc "../Core/Src/GUI.c" -mcpu=cortex-m7 -std=gnu11 -g3 -DDEBUG -DUSE_HAL_DRIVER -DSTM32F767xx -c -I../Core/Inc -I../Drivers/STM32F7xx_HAL_Driver/Inc -I../Drivers/STM32F7xx_HAL_Driver/Inc/Legacy -I../Drivers/CMSIS/Device/ST/STM32F7xx/Include -I../Drivers/CMSIS/Include -O0 -ffunction-sections -fdata-sections -Wall -fstack-usage -fcyclomatic-complexity -MMD -MP -MF"Core/Src/GUI.d" -MT"Core/Src/GUI.o" --specs=nano.specs -mfpu=fpv5-d16 -mfloat-abi=hard -mthumb -o "Core/Src/GUI.o"
arm-none-eabi-gcc "../Core/Src/main.c" -mcpu=cortex-m7 -std=gnu11 -g3 -DDEBUG -DUSE_HAL_DRIVER -DSTM32F767xx -c -I../Core/Inc -I../Drivers/STM32F7xx_HAL_Driver/Inc -I../Drivers/STM32F7xx_HAL_Driver/Inc/Legacy -I../Drivers/CMSIS/Device/ST/STM32F7xx/Include -I../Drivers/CMSIS/Include -O0 -ffunction-sections -fdata-sections -Wall -fstack-usage -fcyclomatic-complexity -MMD -MP -MF"Core/Src/main.d" -MT"Core/Src/main.o" --specs=nano.specs -mfpu=fpv5-d16 -mfloat-abi=hard -mthumb -o "Core/Src/main.o"
arm-none-eabi-gcc -o "SimpleGUI.elf" @"objects.list"   -mcpu=cortex-m7 -T"C:\Users\harun\Documents\GitHub\Personal-Projects\microFlipper\SimpleGUI\SimpleGUI\STM32F767ZITX_FLASH.ld" --specs=nosys.specs -Wl,-Map="SimpleGUI.map" -Wl,--gc-sections -static --specs=nano.specs -mfpu=fpv5-d16 -mfloat-abi=hard -mthumb -Wl,--start-group -lc -lm -Wl,--end-group
Finished building target: SimpleGUI.elf
 
arm-none-eabi-size  SimpleGUI.elf 
arm-none-eabi-objdump -h -S SimpleGUI.elf  > "SimpleGUI.list"
   text	   data	    bss	    dec	    hex	filename
  24416	    456	   4512	  29384	   72c8	SimpleGUI.elf
Finished building: default.size.stdout
 
Finished building: SimpleGUI.list
 
18:04:57 **** Incremental Build of configuration Debug for project SimpleGUI ****
make -j16 all 
arm-none-eabi-gcc "../Core/Src/GUI.c" -mcpu=cortex-m7 -std=gnu11 -g3 -DDEBUG -DUSE_HAL_DRIVER -DSTM32F767xx -c -I../Core/Inc -I../Drivers/STM32F7xx_HAL_Driver/Inc -I../Drivers/STM32F7xx_HAL_Driver/Inc/Legacy -I../Drivers/CMSIS/Device/ST/STM32F7xx/Include -I../Drivers/CMSIS/Include -O0 -ffunction-sections -fdata-sections -Wall -fstack-usage -fcyclomatic-complexity -MMD -MP -MF"Core/Src/GUI.d" -MT"Core/Src/GUI.o" --specs=nano.specs -mfpu=fpv5-d16 -mfloat-abi=hard -mthumb -o "Core/Src/GUI.o"
arm-none-eabi-gcc "../Core/Src/main.c" -mcpu=cortex-m7 -std=gnu11 -g3 -DDEBUG -DUSE_HAL_DRIVER -DSTM32F767xx -c -I../Core/Inc -I../Drivers/STM32F7xx_HAL_Driver/Inc -I../Drivers/STM32F7xx_HAL_Driver/Inc/Legacy -I../Drivers/CMSIS/Device/ST/STM32F7xx/Include -I../Drivers/CMSIS/Include -O0 -ffunction-sections -fdata-sections -Wall -fstack-usage -fcyclomatic-complexity -MMD -MP -MF"Core/Src/main.d" -MT"Core/Src/main.o" --specs=nano.specs -mfpu=fpv5-d16 -mfloat-abi=hard -mthumb -o "Core/Src/main.o"
In file included from ../Core/Src/GUI.c:7:
../Core/Inc/GUI.h:18:25: warning: useless storage class specifier in empty declaration
   18 | typedef enum bool{false,true};
      |                         ^~~~
../Core/Inc/GUI.h:27:9: error: unknown type name 'bool'
   27 |         bool isTapped;
      |         ^~~~
../Core/Inc/GUI.h:28:9: error: unknown type name 'bool'
   28 |         bool isPressed;
      |         ^~~~
make: *** [Core/Src/subdir.mk:40: Core/Src/GUI.o] Error 1
make: *** Waiting for unfinished jobs....
In file included from ../Core/Src/main.c:27:
../Core/Inc/GUI.h:18:25: warning: useless storage class specifier in empty declaration
   18 | typedef enum bool{false,true};
      |                         ^~~~
../Core/Inc/GUI.h:27:9: error: unknown type name 'bool'
   27 |         bool isTapped;
      |         ^~~~
../Core/Inc/GUI.h:28:9: error: unknown type name 'bool'
   28 |         bool isPressed;
      |         ^~~~
make: *** [Core/Src/subdir.mk:40: Core/Src/main.o] Error 1
"make -j16 all" terminated with exit code 2. Build might be incomplete.
18:06:13 **** Incremental Build of configuration Debug for project SimpleGUI ****
make -j16 all 
arm-none-eabi-gcc "../Core/Src/GUI.c" -mcpu=cortex-m7 -std=gnu11 -g3 -DDEBUG -DUSE_HAL_DRIVER -DSTM32F767xx -c -I../Core/Inc -I../Drivers/STM32F7xx_HAL_Driver/Inc -I../Drivers/STM32F7xx_HAL_Driver/Inc/Legacy -I../Drivers/CMSIS/Device/ST/STM32F7xx/Include -I../Drivers/CMSIS/Include -O0 -ffunction-sections -fdata-sections -Wall -fstack-usage -fcyclomatic-complexity -MMD -MP -MF"Core/Src/GUI.d" -MT"Core/Src/GUI.o" --specs=nano.specs -mfpu=fpv5-d16 -mfloat-abi=hard -mthumb -o "Core/Src/GUI.o"
arm-none-eabi-gcc "../Core/Src/main.c" -mcpu=cortex-m7 -std=gnu11 -g3 -DDEBUG -DUSE_HAL_DRIVER -DSTM32F767xx -c -I../Core/Inc -I../Drivers/STM32F7xx_HAL_Driver/Inc -I../Drivers/STM32F7xx_HAL_Driver/Inc/Legacy -I../Drivers/CMSIS/Device/ST/STM32F7xx/Include -I../Drivers/CMSIS/Include -O0 -ffunction-sections -fdata-sections -Wall -fstack-usage -fcyclomatic-complexity -MMD -MP -MF"Core/Src/main.d" -MT"Core/Src/main.o" --specs=nano.specs -mfpu=fpv5-d16 -mfloat-abi=hard -mthumb -o "Core/Src/main.o"
arm-none-eabi-gcc -o "SimpleGUI.elf" @"objects.list"   -mcpu=cortex-m7 -T"C:\Users\harun\Documents\GitHub\Personal-Projects\microFlipper\SimpleGUI\SimpleGUI\STM32F767ZITX_FLASH.ld" --specs=nosys.specs -Wl,-Map="SimpleGUI.map" -Wl,--gc-sections -static --specs=nano.specs -mfpu=fpv5-d16 -mfloat-abi=hard -mthumb -Wl,--start-group -lc -lm -Wl,--end-group
Finished building target: SimpleGUI.elf
 
arm-none-eabi-size  SimpleGUI.elf 
arm-none-eabi-objdump -h -S SimpleGUI.elf  > "SimpleGUI.list"
   text	   data	    bss	    dec	    hex	filename
  24412	    456	   4512	  29380	   72c4	SimpleGUI.elf
Finished building: default.size.stdout
 
Finished building: SimpleGUI.list
 
18:06:20 **** Incremental Build of configuration Debug for project SimpleGUI ****
make -j16 all 
arm-none-eabi-size  SimpleGUI.elf 
   text	   data	    bss	    dec	    hex	filename
  24412	    456	   4512	  29380	   72c4	SimpleGUI.elf
Finished building: default.size.stdout
 
18:14:27 **** Incremental Build of configuration Debug for project SimpleGUI ****
make -j16 all 
arm-none-eabi-gcc "../Core/Src/GUI.c" -mcpu=cortex-m7 -std=gnu11 -g3 -DDEBUG -DUSE_HAL_DRIVER -DSTM32F767xx -c -I../Core/Inc -I../Drivers/STM32F7xx_HAL_Driver/Inc -I../Drivers/STM32F7xx_HAL_Driver/Inc/Legacy -I../Drivers/CMSIS/Device/ST/STM32F7xx/Include -I../Drivers/CMSIS/Include -O0 -ffunction-sections -fdata-sections -Wall -fstack-usage -fcyclomatic-complexity -MMD -MP -MF"Core/Src/GUI.d" -MT"Core/Src/GUI.o" --specs=nano.specs -mfpu=fpv5-d16 -mfloat-abi=hard -mthumb -o "Core/Src/GUI.o"
arm-none-eabi-gcc "../Core/Src/main.c" -mcpu=cortex-m7 -std=gnu11 -g3 -DDEBUG -DUSE_HAL_DRIVER -DSTM32F767xx -c -I../Core/Inc -I../Drivers/STM32F7xx_HAL_Driver/Inc -I../Drivers/STM32F7xx_HAL_Driver/Inc/Legacy -I../Drivers/CMSIS/Device/ST/STM32F7xx/Include -I../Drivers/CMSIS/Include -O0 -ffunction-sections -fdata-sections -Wall -fstack-usage -fcyclomatic-complexity -MMD -MP -MF"Core/Src/main.d" -MT"Core/Src/main.o" --specs=nano.specs -mfpu=fpv5-d16 -mfloat-abi=hard -mthumb -o "Core/Src/main.o"
In file included from ../Core/Src/GUI.c:7:
../Core/Inc/GUI.h:24:23: error: expected ':', ',', ';', '}' or '__attribute__' before '=' token
   24 |         bool isTapped = current&!last;
      |                       ^
make: *** [Core/Src/subdir.mk:40: Core/Src/GUI.o] Error 1
make: *** Waiting for unfinished jobs....
In file included from ../Core/Src/main.c:27:
../Core/Inc/GUI.h:24:23: error: expected ':', ',', ';', '}' or '__attribute__' before '=' token
   24 |         bool isTapped = current&!last;
      |                       ^
make: *** [Core/Src/subdir.mk:40: Core/Src/main.o] Error 1
"make -j16 all" terminated with exit code 2. Build might be incomplete.
18:14:31 **** Incremental Build of configuration Debug for project SimpleGUI ****
make -j16 all 
arm-none-eabi-gcc "../Core/Src/GUI.c" -mcpu=cortex-m7 -std=gnu11 -g3 -DDEBUG -DUSE_HAL_DRIVER -DSTM32F767xx -c -I../Core/Inc -I../Drivers/STM32F7xx_HAL_Driver/Inc -I../Drivers/STM32F7xx_HAL_Driver/Inc/Legacy -I../Drivers/CMSIS/Device/ST/STM32F7xx/Include -I../Drivers/CMSIS/Include -O0 -ffunction-sections -fdata-sections -Wall -fstack-usage -fcyclomatic-complexity -MMD -MP -MF"Core/Src/GUI.d" -MT"Core/Src/GUI.o" --specs=nano.specs -mfpu=fpv5-d16 -mfloat-abi=hard -mthumb -o "Core/Src/GUI.o"
arm-none-eabi-gcc "../Core/Src/main.c" -mcpu=cortex-m7 -std=gnu11 -g3 -DDEBUG -DUSE_HAL_DRIVER -DSTM32F767xx -c -I../Core/Inc -I../Drivers/STM32F7xx_HAL_Driver/Inc -I../Drivers/STM32F7xx_HAL_Driver/Inc/Legacy -I../Drivers/CMSIS/Device/ST/STM32F7xx/Include -I../Drivers/CMSIS/Include -O0 -ffunction-sections -fdata-sections -Wall -fstack-usage -fcyclomatic-complexity -MMD -MP -MF"Core/Src/main.d" -MT"Core/Src/main.o" --specs=nano.specs -mfpu=fpv5-d16 -mfloat-abi=hard -mthumb -o "Core/Src/main.o"
arm-none-eabi-gcc -o "SimpleGUI.elf" @"objects.list"   -mcpu=cortex-m7 -T"C:\Users\harun\Documents\GitHub\Personal-Projects\microFlipper\SimpleGUI\SimpleGUI\STM32F767ZITX_FLASH.ld" --specs=nosys.specs -Wl,-Map="SimpleGUI.map" -Wl,--gc-sections -static --specs=nano.specs -mfpu=fpv5-d16 -mfloat-abi=hard -mthumb -Wl,--start-group -lc -lm -Wl,--end-group
Finished building target: SimpleGUI.elf
 
arm-none-eabi-size  SimpleGUI.elf 
arm-none-eabi-objdump -h -S SimpleGUI.elf  > "SimpleGUI.list"
   text	   data	    bss	    dec	    hex	filename
  24412	    456	   4512	  29380	   72c4	SimpleGUI.elf
Finished building: default.size.stdout
 
Finished building: SimpleGUI.list
 
18:30:32 **** Incremental Build of configuration Debug for project SimpleGUI ****
make -j16 all 
arm-none-eabi-gcc "../Core/Src/GUI.c" -mcpu=cortex-m7 -std=gnu11 -g3 -DDEBUG -DUSE_HAL_DRIVER -DSTM32F767xx -c -I../Core/Inc -I../Drivers/STM32F7xx_HAL_Driver/Inc -I../Drivers/STM32F7xx_HAL_Driver/Inc/Legacy -I../Drivers/CMSIS/Device/ST/STM32F7xx/Include -I../Drivers/CMSIS/Include -O0 -ffunction-sections -fdata-sections -Wall -fstack-usage -fcyclomatic-complexity -MMD -MP -MF"Core/Src/GUI.d" -MT"Core/Src/GUI.o" --specs=nano.specs -mfpu=fpv5-d16 -mfloat-abi=hard -mthumb -o "Core/Src/GUI.o"
arm-none-eabi-gcc "../Core/Src/main.c" -mcpu=cortex-m7 -std=gnu11 -g3 -DDEBUG -DUSE_HAL_DRIVER -DSTM32F767xx -c -I../Core/Inc -I../Drivers/STM32F7xx_HAL_Driver/Inc -I../Drivers/STM32F7xx_HAL_Driver/Inc/Legacy -I../Drivers/CMSIS/Device/ST/STM32F7xx/Include -I../Drivers/CMSIS/Include -O0 -ffunction-sections -fdata-sections -Wall -fstack-usage -fcyclomatic-complexity -MMD -MP -MF"Core/Src/main.d" -MT"Core/Src/main.o" --specs=nano.specs -mfpu=fpv5-d16 -mfloat-abi=hard -mthumb -o "Core/Src/main.o"
arm-none-eabi-gcc -o "SimpleGUI.elf" @"objects.list"   -mcpu=cortex-m7 -T"C:\Users\harun\Documents\GitHub\Personal-Projects\microFlipper\SimpleGUI\SimpleGUI\STM32F767ZITX_FLASH.ld" --specs=nosys.specs -Wl,-Map="SimpleGUI.map" -Wl,--gc-sections -static --specs=nano.specs -mfpu=fpv5-d16 -mfloat-abi=hard -mthumb -Wl,--start-group -lc -lm -Wl,--end-group
Finished building target: SimpleGUI.elf
 
arm-none-eabi-size  SimpleGUI.elf 
arm-none-eabi-objdump -h -S SimpleGUI.elf  > "SimpleGUI.list"
   text	   data	    bss	    dec	    hex	filename
  24412	    456	   4512	  29380	   72c4	SimpleGUI.elf
Finished building: default.size.stdout
 
Finished building: SimpleGUI.list
 
18:31:29 **** Incremental Build of configuration Debug for project SimpleGUI ****
make -j16 all 
arm-none-eabi-gcc "../Core/Src/GUI.c" -mcpu=cortex-m7 -std=gnu11 -g3 -DDEBUG -DUSE_HAL_DRIVER -DSTM32F767xx -c -I../Core/Inc -I../Drivers/STM32F7xx_HAL_Driver/Inc -I../Drivers/STM32F7xx_HAL_Driver/Inc/Legacy -I../Drivers/CMSIS/Device/ST/STM32F7xx/Include -I../Drivers/CMSIS/Include -O0 -ffunction-sections -fdata-sections -Wall -fstack-usage -fcyclomatic-complexity -MMD -MP -MF"Core/Src/GUI.d" -MT"Core/Src/GUI.o" --specs=nano.specs -mfpu=fpv5-d16 -mfloat-abi=hard -mthumb -o "Core/Src/GUI.o"
../Core/Src/GUI.c:26:10: error: conflicting types for 'handleInput'; have 'pinState()' {aka 'struct _pinState()'}
   26 | pinState handleInput(){
      |          ^~~~~~~~~~~
In file included from ../Core/Src/GUI.c:7:
../Core/Inc/GUI.h:28:9: note: previous declaration of 'handleInput' with type 'uint8_t()' {aka 'unsigned char()'}
   28 | uint8_t handleInput();
      |         ^~~~~~~~~~~
../Core/Src/GUI.c: In function 'handleInput':
../Core/Src/GUI.c:29:24: error: incompatible types when returning type 'int' but 'pinState' {aka 'struct _pinState'} was expected
   29 |                 return up;//UP
      |                        ^~
../Core/Src/GUI.c:32:24: error: incompatible types when returning type 'int' but 'pinState' {aka 'struct _pinState'} was expected
   32 |                 return down;//DOWN
      |                        ^~~~
../Core/Src/GUI.c:35:24: error: incompatible types when returning type 'int' but 'pinState' {aka 'struct _pinState'} was expected
   35 |                 return left;//LEFT
      |                        ^~~~
../Core/Src/GUI.c:38:24: error: incompatible types when returning type 'int' but 'pinState' {aka 'struct _pinState'} was expected
   38 |                 return right;//RIGHT
      |                        ^~~~~
../Core/Src/GUI.c:41:24: error: incompatible types when returning type 'int' but 'pinState' {aka 'struct _pinState'} was expected
   41 |                 return select;//SELECT
      |                        ^~~~~~
../Core/Src/GUI.c:44:24: error: incompatible types when returning type 'int' but 'pinState' {aka 'struct _pinState'} was expected
   44 |                 return back;//BACK
      |                        ^~~~
../Core/Src/GUI.c:47:24: error: incompatible types when returning type 'int' but 'pinState' {aka 'struct _pinState'} was expected
   47 |                 return null;
      |                        ^~~~
../Core/Src/GUI.c: In function 'window_Menu':
../Core/Src/GUI.c:65:24: error: incompatible types when initializing type 'button' {aka 'enum _btn'} using type 'pinState' {aka 'struct _pinState'}
   65 |         button input = handleInput();
      |                        ^~~~~~~~~~~
../Core/Src/GUI.c: In function 'handleInput':
../Core/Src/GUI.c:49:1: warning: control reaches end of non-void function [-Wreturn-type]
   49 | }
      | ^
make: *** [Core/Src/subdir.mk:40: Core/Src/GUI.o] Error 1
"make -j16 all" terminated with exit code 2. Build might be incomplete.
18:33:25 **** Incremental Build of configuration Debug for project SimpleGUI ****
make -j16 all 
arm-none-eabi-gcc "../Core/Src/GUI.c" -mcpu=cortex-m7 -std=gnu11 -g3 -DDEBUG -DUSE_HAL_DRIVER -DSTM32F767xx -c -I../Core/Inc -I../Drivers/STM32F7xx_HAL_Driver/Inc -I../Drivers/STM32F7xx_HAL_Driver/Inc/Legacy -I../Drivers/CMSIS/Device/ST/STM32F7xx/Include -I../Drivers/CMSIS/Include -O0 -ffunction-sections -fdata-sections -Wall -fstack-usage -fcyclomatic-complexity -MMD -MP -MF"Core/Src/GUI.d" -MT"Core/Src/GUI.o" --specs=nano.specs -mfpu=fpv5-d16 -mfloat-abi=hard -mthumb -o "Core/Src/GUI.o"
arm-none-eabi-gcc "../Core/Src/main.c" -mcpu=cortex-m7 -std=gnu11 -g3 -DDEBUG -DUSE_HAL_DRIVER -DSTM32F767xx -c -I../Core/Inc -I../Drivers/STM32F7xx_HAL_Driver/Inc -I../Drivers/STM32F7xx_HAL_Driver/Inc/Legacy -I../Drivers/CMSIS/Device/ST/STM32F7xx/Include -I../Drivers/CMSIS/Include -O0 -ffunction-sections -fdata-sections -Wall -fstack-usage -fcyclomatic-complexity -MMD -MP -MF"Core/Src/main.d" -MT"Core/Src/main.o" --specs=nano.specs -mfpu=fpv5-d16 -mfloat-abi=hard -mthumb -o "Core/Src/main.o"
../Core/Src/GUI.c:26:10: error: conflicting types for 'handleInput'; have 'pinState()' {aka 'struct _pinState()'}
   26 | pinState handleInput(){
      |          ^~~~~~~~~~~
In file included from ../Core/Src/GUI.c:7:
../Core/Inc/GUI.h:28:9: note: previous declaration of 'handleInput' with type 'uint8_t()' {aka 'unsigned char()'}
   28 | uint8_t handleInput();
      |         ^~~~~~~~~~~
../Core/Src/GUI.c: In function 'handleInput':
../Core/Src/GUI.c:29:24: error: incompatible types when returning type 'int' but 'pinState' {aka 'struct _pinState'} was expected
   29 |                 return up;//UP
      |                        ^~
../Core/Src/GUI.c:32:24: error: incompatible types when returning type 'int' but 'pinState' {aka 'struct _pinState'} was expected
   32 |                 return down;//DOWN
      |                        ^~~~
../Core/Src/GUI.c:35:24: error: incompatible types when returning type 'int' but 'pinState' {aka 'struct _pinState'} was expected
   35 |                 return left;//LEFT
      |                        ^~~~
../Core/Src/GUI.c:38:24: error: incompatible types when returning type 'int' but 'pinState' {aka 'struct _pinState'} was expected
   38 |                 return right;//RIGHT
      |                        ^~~~~
../Core/Src/GUI.c:41:24: error: incompatible types when returning type 'int' but 'pinState' {aka 'struct _pinState'} was expected
   41 |                 return select;//SELECT
      |                        ^~~~~~
../Core/Src/GUI.c:44:24: error: incompatible types when returning type 'int' but 'pinState' {aka 'struct _pinState'} was expected
   44 |                 return back;//BACK
      |                        ^~~~
../Core/Src/GUI.c:47:24: error: incompatible types when returning type 'int' but 'pinState' {aka 'struct _pinState'} was expected
   47 |                 return null;
      |                        ^~~~
../Core/Src/GUI.c:49:1: warning: control reaches end of non-void function [-Wreturn-type]
   49 | }
      | ^
make: *** [Core/Src/subdir.mk:40: Core/Src/GUI.o] Error 1
make: *** Waiting for unfinished jobs....
"make -j16 all" terminated with exit code 2. Build might be incomplete.
18:36:34 **** Incremental Build of configuration Debug for project SimpleGUI ****
make -j16 all 
arm-none-eabi-gcc "../Core/Src/GUI.c" -mcpu=cortex-m7 -std=gnu11 -g3 -DDEBUG -DUSE_HAL_DRIVER -DSTM32F767xx -c -I../Core/Inc -I../Drivers/STM32F7xx_HAL_Driver/Inc -I../Drivers/STM32F7xx_HAL_Driver/Inc/Legacy -I../Drivers/CMSIS/Device/ST/STM32F7xx/Include -I../Drivers/CMSIS/Include -O0 -ffunction-sections -fdata-sections -Wall -fstack-usage -fcyclomatic-complexity -MMD -MP -MF"Core/Src/GUI.d" -MT"Core/Src/GUI.o" --specs=nano.specs -mfpu=fpv5-d16 -mfloat-abi=hard -mthumb -o "Core/Src/GUI.o"
arm-none-eabi-gcc "../Core/Src/main.c" -mcpu=cortex-m7 -std=gnu11 -g3 -DDEBUG -DUSE_HAL_DRIVER -DSTM32F767xx -c -I../Core/Inc -I../Drivers/STM32F7xx_HAL_Driver/Inc -I../Drivers/STM32F7xx_HAL_Driver/Inc/Legacy -I../Drivers/CMSIS/Device/ST/STM32F7xx/Include -I../Drivers/CMSIS/Include -O0 -ffunction-sections -fdata-sections -Wall -fstack-usage -fcyclomatic-complexity -MMD -MP -MF"Core/Src/main.d" -MT"Core/Src/main.o" --specs=nano.specs -mfpu=fpv5-d16 -mfloat-abi=hard -mthumb -o "Core/Src/main.o"
arm-none-eabi-gcc -o "SimpleGUI.elf" @"objects.list"   -mcpu=cortex-m7 -T"C:\Users\harun\Documents\GitHub\Personal-Projects\microFlipper\SimpleGUI\SimpleGUI\STM32F767ZITX_FLASH.ld" --specs=nosys.specs -Wl,-Map="SimpleGUI.map" -Wl,--gc-sections -static --specs=nano.specs -mfpu=fpv5-d16 -mfloat-abi=hard -mthumb -Wl,--start-group -lc -lm -Wl,--end-group
Finished building target: SimpleGUI.elf
 
arm-none-eabi-size  SimpleGUI.elf 
arm-none-eabi-objdump -h -S SimpleGUI.elf  > "SimpleGUI.list"
   text	   data	    bss	    dec	    hex	filename
  24512	    492	   4508	  29512	   7348	SimpleGUI.elf
Finished building: default.size.stdout
 
Finished building: SimpleGUI.list
 
18:42:32 **** Incremental Build of configuration Debug for project SimpleGUI ****
make -j16 all 
arm-none-eabi-gcc "../Core/Src/GUI.c" -mcpu=cortex-m7 -std=gnu11 -g3 -DDEBUG -DUSE_HAL_DRIVER -DSTM32F767xx -c -I../Core/Inc -I../Drivers/STM32F7xx_HAL_Driver/Inc -I../Drivers/STM32F7xx_HAL_Driver/Inc/Legacy -I../Drivers/CMSIS/Device/ST/STM32F7xx/Include -I../Drivers/CMSIS/Include -O0 -ffunction-sections -fdata-sections -Wall -fstack-usage -fcyclomatic-complexity -MMD -MP -MF"Core/Src/GUI.d" -MT"Core/Src/GUI.o" --specs=nano.specs -mfpu=fpv5-d16 -mfloat-abi=hard -mthumb -o "Core/Src/GUI.o"
arm-none-eabi-gcc -o "SimpleGUI.elf" @"objects.list"   -mcpu=cortex-m7 -T"C:\Users\harun\Documents\GitHub\Personal-Projects\microFlipper\SimpleGUI\SimpleGUI\STM32F767ZITX_FLASH.ld" --specs=nosys.specs -Wl,-Map="SimpleGUI.map" -Wl,--gc-sections -static --specs=nano.specs -mfpu=fpv5-d16 -mfloat-abi=hard -mthumb -Wl,--start-group -lc -lm -Wl,--end-group
Finished building target: SimpleGUI.elf
 
arm-none-eabi-size  SimpleGUI.elf 
arm-none-eabi-objdump -h -S SimpleGUI.elf  > "SimpleGUI.list"
   text	   data	    bss	    dec	    hex	filename
  24584	    492	   4508	  29584	   7390	SimpleGUI.elf
Finished building: default.size.stdout
 
Finished building: SimpleGUI.list
 
18:42:35 **** Incremental Build of configuration Debug for project SimpleGUI ****
make -j16 all 
arm-none-eabi-size  SimpleGUI.elf 
   text	   data	    bss	    dec	    hex	filename
  24584	    492	   4508	  29584	   7390	SimpleGUI.elf
Finished building: default.size.stdout
 
18:43:30 **** Incremental Build of configuration Debug for project SimpleGUI ****
make -j16 all 
arm-none-eabi-gcc "../Core/Src/GUI.c" -mcpu=cortex-m7 -std=gnu11 -g3 -DDEBUG -DUSE_HAL_DRIVER -DSTM32F767xx -c -I../Core/Inc -I../Drivers/STM32F7xx_HAL_Driver/Inc -I../Drivers/STM32F7xx_HAL_Driver/Inc/Legacy -I../Drivers/CMSIS/Device/ST/STM32F7xx/Include -I../Drivers/CMSIS/Include -O0 -ffunction-sections -fdata-sections -Wall -fstack-usage -fcyclomatic-complexity -MMD -MP -MF"Core/Src/GUI.d" -MT"Core/Src/GUI.o" --specs=nano.specs -mfpu=fpv5-d16 -mfloat-abi=hard -mthumb -o "Core/Src/GUI.o"
arm-none-eabi-gcc -o "SimpleGUI.elf" @"objects.list"   -mcpu=cortex-m7 -T"C:\Users\harun\Documents\GitHub\Personal-Projects\microFlipper\SimpleGUI\SimpleGUI\STM32F767ZITX_FLASH.ld" --specs=nosys.specs -Wl,-Map="SimpleGUI.map" -Wl,--gc-sections -static --specs=nano.specs -mfpu=fpv5-d16 -mfloat-abi=hard -mthumb -Wl,--start-group -lc -lm -Wl,--end-group
Finished building target: SimpleGUI.elf
 
arm-none-eabi-size  SimpleGUI.elf 
arm-none-eabi-objdump -h -S SimpleGUI.elf  > "SimpleGUI.list"
   text	   data	    bss	    dec	    hex	filename
  24600	    492	   4508	  29600	   73a0	SimpleGUI.elf
Finished building: default.size.stdout
 
Finished building: SimpleGUI.list
 
18:43:32 **** Incremental Build of configuration Debug for project SimpleGUI ****
make -j16 all 
arm-none-eabi-size  SimpleGUI.elf 
   text	   data	    bss	    dec	    hex	filename
  24600	    492	   4508	  29600	   73a0	SimpleGUI.elf
Finished building: default.size.stdout
 
18:44:02 **** Incremental Build of configuration Debug for project SimpleGUI ****
make -j16 all 
arm-none-eabi-gcc "../Core/Src/GUI.c" -mcpu=cortex-m7 -std=gnu11 -g3 -DDEBUG -DUSE_HAL_DRIVER -DSTM32F767xx -c -I../Core/Inc -I../Drivers/STM32F7xx_HAL_Driver/Inc -I../Drivers/STM32F7xx_HAL_Driver/Inc/Legacy -I../Drivers/CMSIS/Device/ST/STM32F7xx/Include -I../Drivers/CMSIS/Include -O0 -ffunction-sections -fdata-sections -Wall -fstack-usage -fcyclomatic-complexity -MMD -MP -MF"Core/Src/GUI.d" -MT"Core/Src/GUI.o" --specs=nano.specs -mfpu=fpv5-d16 -mfloat-abi=hard -mthumb -o "Core/Src/GUI.o"
arm-none-eabi-gcc -o "SimpleGUI.elf" @"objects.list"   -mcpu=cortex-m7 -T"C:\Users\harun\Documents\GitHub\Personal-Projects\microFlipper\SimpleGUI\SimpleGUI\STM32F767ZITX_FLASH.ld" --specs=nosys.specs -Wl,-Map="SimpleGUI.map" -Wl,--gc-sections -static --specs=nano.specs -mfpu=fpv5-d16 -mfloat-abi=hard -mthumb -Wl,--start-group -lc -lm -Wl,--end-group
Finished building target: SimpleGUI.elf
 
arm-none-eabi-size  SimpleGUI.elf 
arm-none-eabi-objdump -h -S SimpleGUI.elf  > "SimpleGUI.list"
   text	   data	    bss	    dec	    hex	filename
  24600	    492	   4508	  29600	   73a0	SimpleGUI.elf
Finished building: default.size.stdout
 
Finished building: SimpleGUI.list
 
18:48:39 **** Incremental Build of configuration Debug for project SimpleGUI ****
make -j16 all 
arm-none-eabi-gcc "../Core/Src/GUI.c" -mcpu=cortex-m7 -std=gnu11 -g3 -DDEBUG -DUSE_HAL_DRIVER -DSTM32F767xx -c -I../Core/Inc -I../Drivers/STM32F7xx_HAL_Driver/Inc -I../Drivers/STM32F7xx_HAL_Driver/Inc/Legacy -I../Drivers/CMSIS/Device/ST/STM32F7xx/Include -I../Drivers/CMSIS/Include -O0 -ffunction-sections -fdata-sections -Wall -fstack-usage -fcyclomatic-complexity -MMD -MP -MF"Core/Src/GUI.d" -MT"Core/Src/GUI.o" --specs=nano.specs -mfpu=fpv5-d16 -mfloat-abi=hard -mthumb -o "Core/Src/GUI.o"
arm-none-eabi-gcc -o "SimpleGUI.elf" @"objects.list"   -mcpu=cortex-m7 -T"C:\Users\harun\Documents\GitHub\Personal-Projects\microFlipper\SimpleGUI\SimpleGUI\STM32F767ZITX_FLASH.ld" --specs=nosys.specs -Wl,-Map="SimpleGUI.map" -Wl,--gc-sections -static --specs=nano.specs -mfpu=fpv5-d16 -mfloat-abi=hard -mthumb -Wl,--start-group -lc -lm -Wl,--end-group
Finished building target: SimpleGUI.elf
 
arm-none-eabi-size  SimpleGUI.elf 
arm-none-eabi-objdump -h -S SimpleGUI.elf  > "SimpleGUI.list"
   text	   data	    bss	    dec	    hex	filename
  24820	    492	   4508	  29820	   747c	SimpleGUI.elf
Finished building: default.size.stdout
 
Finished building: SimpleGUI.list
 
18:57:44 **** Incremental Build of configuration Debug for project SimpleGUI ****
make -j16 all 
arm-none-eabi-gcc "../Core/Src/GUI.c" -mcpu=cortex-m7 -std=gnu11 -g3 -DDEBUG -DUSE_HAL_DRIVER -DSTM32F767xx -c -I../Core/Inc -I../Drivers/STM32F7xx_HAL_Driver/Inc -I../Drivers/STM32F7xx_HAL_Driver/Inc/Legacy -I../Drivers/CMSIS/Device/ST/STM32F7xx/Include -I../Drivers/CMSIS/Include -O0 -ffunction-sections -fdata-sections -Wall -fstack-usage -fcyclomatic-complexity -MMD -MP -MF"Core/Src/GUI.d" -MT"Core/Src/GUI.o" --specs=nano.specs -mfpu=fpv5-d16 -mfloat-abi=hard -mthumb -o "Core/Src/GUI.o"
../Core/Src/GUI.c: In function 'window_Menu':
../Core/Src/GUI.c:133:9: warning: implicit declaration of function 'u8g2_DrawString'; did you mean 'u8x8_DrawString'? [-Wimplicit-function-declaration]
  133 |         u8g2_DrawString(u8g2, icn_x+icon_wh+5, top_icn_y, menu_item[item_prev].icon_name);
      |         ^~~~~~~~~~~~~~~
      |         u8x8_DrawString
arm-none-eabi-gcc -o "SimpleGUI.elf" @"objects.list"   -mcpu=cortex-m7 -T"C:\Users\harun\Documents\GitHub\Personal-Projects\microFlipper\SimpleGUI\SimpleGUI\STM32F767ZITX_FLASH.ld" --specs=nosys.specs -Wl,-Map="SimpleGUI.map" -Wl,--gc-sections -static --specs=nano.specs -mfpu=fpv5-d16 -mfloat-abi=hard -mthumb -Wl,--start-group -lc -lm -Wl,--end-group
C:/ST/STM32CubeIDE_1.15.0/STM32CubeIDE/plugins/com.st.stm32cube.ide.mcu.externaltools.gnu-tools-for-stm32.12.3.rel1.win32_1.0.100.202403111256/tools/bin/../lib/gcc/arm-none-eabi/12.3.1/../../../../arm-none-eabi/bin/ld.exe: ./Core/Src/GUI.o: in function `window_Menu':
C:/Users/harun/Documents/GitHub/Personal-Projects/microFlipper/SimpleGUI/SimpleGUI/Debug/../Core/Src/GUI.c:133: undefined reference to `u8g2_DrawString'
C:/ST/STM32CubeIDE_1.15.0/STM32CubeIDE/plugins/com.st.stm32cube.ide.mcu.externaltools.gnu-tools-for-stm32.12.3.rel1.win32_1.0.100.202403111256/tools/bin/../lib/gcc/arm-none-eabi/12.3.1/../../../../arm-none-eabi/bin/ld.exe: C:/Users/harun/Documents/GitHub/Personal-Projects/microFlipper/SimpleGUI/SimpleGUI/Debug/../Core/Src/GUI.c:135: undefined reference to `u8g2_DrawString'
C:/ST/STM32CubeIDE_1.15.0/STM32CubeIDE/plugins/com.st.stm32cube.ide.mcu.externaltools.gnu-tools-for-stm32.12.3.rel1.win32_1.0.100.202403111256/tools/bin/../lib/gcc/arm-none-eabi/12.3.1/../../../../arm-none-eabi/bin/ld.exe: C:/Users/harun/Documents/GitHub/Personal-Projects/microFlipper/SimpleGUI/SimpleGUI/Debug/../Core/Src/GUI.c:137: undefined reference to `u8g2_DrawString'
collect2.exe: error: ld returned 1 exit status
make: *** [makefile:65: SimpleGUI.elf] Error 1
"make -j16 all" terminated with exit code 2. Build might be incomplete.
18:58:07 **** Incremental Build of configuration Debug for project SimpleGUI ****
make -j16 all 
arm-none-eabi-gcc "../Core/Src/GUI.c" -mcpu=cortex-m7 -std=gnu11 -g3 -DDEBUG -DUSE_HAL_DRIVER -DSTM32F767xx -c -I../Core/Inc -I../Drivers/STM32F7xx_HAL_Driver/Inc -I../Drivers/STM32F7xx_HAL_Driver/Inc/Legacy -I../Drivers/CMSIS/Device/ST/STM32F7xx/Include -I../Drivers/CMSIS/Include -O0 -ffunction-sections -fdata-sections -Wall -fstack-usage -fcyclomatic-complexity -MMD -MP -MF"Core/Src/GUI.d" -MT"Core/Src/GUI.o" --specs=nano.specs -mfpu=fpv5-d16 -mfloat-abi=hard -mthumb -o "Core/Src/GUI.o"
arm-none-eabi-gcc -o "SimpleGUI.elf" @"objects.list"   -mcpu=cortex-m7 -T"C:\Users\harun\Documents\GitHub\Personal-Projects\microFlipper\SimpleGUI\SimpleGUI\STM32F767ZITX_FLASH.ld" --specs=nosys.specs -Wl,-Map="SimpleGUI.map" -Wl,--gc-sections -static --specs=nano.specs -mfpu=fpv5-d16 -mfloat-abi=hard -mthumb -Wl,--start-group -lc -lm -Wl,--end-group
Finished building target: SimpleGUI.elf
 
arm-none-eabi-size  SimpleGUI.elf 
arm-none-eabi-objdump -h -S SimpleGUI.elf  > "SimpleGUI.list"
   text	   data	    bss	    dec	    hex	filename
  27176	    492	   4508	  32176	   7db0	SimpleGUI.elf
Finished building: default.size.stdout
 
Finished building: SimpleGUI.list
 
18:58:10 **** Incremental Build of configuration Debug for project SimpleGUI ****
make -j16 all 
arm-none-eabi-size  SimpleGUI.elf 
   text	   data	    bss	    dec	    hex	filename
  27176	    492	   4508	  32176	   7db0	SimpleGUI.elf
Finished building: default.size.stdout
 
18:59:44 **** Incremental Build of configuration Debug for project SimpleGUI ****
make -j16 all 
arm-none-eabi-gcc "../Core/Src/GUI.c" -mcpu=cortex-m7 -std=gnu11 -g3 -DDEBUG -DUSE_HAL_DRIVER -DSTM32F767xx -c -I../Core/Inc -I../Drivers/STM32F7xx_HAL_Driver/Inc -I../Drivers/STM32F7xx_HAL_Driver/Inc/Legacy -I../Drivers/CMSIS/Device/ST/STM32F7xx/Include -I../Drivers/CMSIS/Include -O0 -ffunction-sections -fdata-sections -Wall -fstack-usage -fcyclomatic-complexity -MMD -MP -MF"Core/Src/GUI.d" -MT"Core/Src/GUI.o" --specs=nano.specs -mfpu=fpv5-d16 -mfloat-abi=hard -mthumb -o "Core/Src/GUI.o"
arm-none-eabi-gcc -o "SimpleGUI.elf" @"objects.list"   -mcpu=cortex-m7 -T"C:\Users\harun\Documents\GitHub\Personal-Projects\microFlipper\SimpleGUI\SimpleGUI\STM32F767ZITX_FLASH.ld" --specs=nosys.specs -Wl,-Map="SimpleGUI.map" -Wl,--gc-sections -static --specs=nano.specs -mfpu=fpv5-d16 -mfloat-abi=hard -mthumb -Wl,--start-group -lc -lm -Wl,--end-group
Finished building target: SimpleGUI.elf
 
arm-none-eabi-size  SimpleGUI.elf 
arm-none-eabi-objdump -h -S SimpleGUI.elf  > "SimpleGUI.list"
   text	   data	    bss	    dec	    hex	filename
  24820	    492	   4508	  29820	   747c	SimpleGUI.elf
Finished building: default.size.stdout
 
Finished building: SimpleGUI.list
 
19:00:45 **** Incremental Build of configuration Debug for project SimpleGUI ****
make -j16 all 
arm-none-eabi-gcc "../Core/Src/Bitmaps.c" -mcpu=cortex-m7 -std=gnu11 -g3 -DDEBUG -DUSE_HAL_DRIVER -DSTM32F767xx -c -I../Core/Inc -I../Drivers/STM32F7xx_HAL_Driver/Inc -I../Drivers/STM32F7xx_HAL_Driver/Inc/Legacy -I../Drivers/CMSIS/Device/ST/STM32F7xx/Include -I../Drivers/CMSIS/Include -O0 -ffunction-sections -fdata-sections -Wall -fstack-usage -fcyclomatic-complexity -MMD -MP -MF"Core/Src/Bitmaps.d" -MT"Core/Src/Bitmaps.o" --specs=nano.specs -mfpu=fpv5-d16 -mfloat-abi=hard -mthumb -o "Core/Src/Bitmaps.o"
arm-none-eabi-gcc "../Core/Src/GUI.c" -mcpu=cortex-m7 -std=gnu11 -g3 -DDEBUG -DUSE_HAL_DRIVER -DSTM32F767xx -c -I../Core/Inc -I../Drivers/STM32F7xx_HAL_Driver/Inc -I../Drivers/STM32F7xx_HAL_Driver/Inc/Legacy -I../Drivers/CMSIS/Device/ST/STM32F7xx/Include -I../Drivers/CMSIS/Include -O0 -ffunction-sections -fdata-sections -Wall -fstack-usage -fcyclomatic-complexity -MMD -MP -MF"Core/Src/GUI.d" -MT"Core/Src/GUI.o" --specs=nano.specs -mfpu=fpv5-d16 -mfloat-abi=hard -mthumb -o "Core/Src/GUI.o"
arm-none-eabi-gcc "../Core/Src/main.c" -mcpu=cortex-m7 -std=gnu11 -g3 -DDEBUG -DUSE_HAL_DRIVER -DSTM32F767xx -c -I../Core/Inc -I../Drivers/STM32F7xx_HAL_Driver/Inc -I../Drivers/STM32F7xx_HAL_Driver/Inc/Legacy -I../Drivers/CMSIS/Device/ST/STM32F7xx/Include -I../Drivers/CMSIS/Include -O0 -ffunction-sections -fdata-sections -Wall -fstack-usage -fcyclomatic-complexity -MMD -MP -MF"Core/Src/main.d" -MT"Core/Src/main.o" --specs=nano.specs -mfpu=fpv5-d16 -mfloat-abi=hard -mthumb -o "Core/Src/main.o"
arm-none-eabi-gcc -o "SimpleGUI.elf" @"objects.list"   -mcpu=cortex-m7 -T"C:\Users\harun\Documents\GitHub\Personal-Projects\microFlipper\SimpleGUI\SimpleGUI\STM32F767ZITX_FLASH.ld" --specs=nosys.specs -Wl,-Map="SimpleGUI.map" -Wl,--gc-sections -static --specs=nano.specs -mfpu=fpv5-d16 -mfloat-abi=hard -mthumb -Wl,--start-group -lc -lm -Wl,--end-group
Finished building target: SimpleGUI.elf
 
arm-none-eabi-size  SimpleGUI.elf 
arm-none-eabi-objdump -h -S SimpleGUI.elf  > "SimpleGUI.list"
   text	   data	    bss	    dec	    hex	filename
  27080	    468	   4508	  32056	   7d38	SimpleGUI.elf
Finished building: default.size.stdout
 
Finished building: SimpleGUI.list
 
19:02:17 **** Incremental Build of configuration Debug for project SimpleGUI ****
make -j16 all 
arm-none-eabi-gcc "../Core/Src/GUI.c" -mcpu=cortex-m7 -std=gnu11 -g3 -DDEBUG -DUSE_HAL_DRIVER -DSTM32F767xx -c -I../Core/Inc -I../Drivers/STM32F7xx_HAL_Driver/Inc -I../Drivers/STM32F7xx_HAL_Driver/Inc/Legacy -I../Drivers/CMSIS/Device/ST/STM32F7xx/Include -I../Drivers/CMSIS/Include -O0 -ffunction-sections -fdata-sections -Wall -fstack-usage -fcyclomatic-complexity -MMD -MP -MF"Core/Src/GUI.d" -MT"Core/Src/GUI.o" --specs=nano.specs -mfpu=fpv5-d16 -mfloat-abi=hard -mthumb -o "Core/Src/GUI.o"
arm-none-eabi-gcc -o "SimpleGUI.elf" @"objects.list"   -mcpu=cortex-m7 -T"C:\Users\harun\Documents\GitHub\Personal-Projects\microFlipper\SimpleGUI\SimpleGUI\STM32F767ZITX_FLASH.ld" --specs=nosys.specs -Wl,-Map="SimpleGUI.map" -Wl,--gc-sections -static --specs=nano.specs -mfpu=fpv5-d16 -mfloat-abi=hard -mthumb -Wl,--start-group -lc -lm -Wl,--end-group
Finished building target: SimpleGUI.elf
 
arm-none-eabi-size  SimpleGUI.elf 
arm-none-eabi-objdump -h -S SimpleGUI.elf  > "SimpleGUI.list"
   text	   data	    bss	    dec	    hex	filename
  30160	    468	   4508	  35136	   8940	SimpleGUI.elf
Finished building: default.size.stdout
 
Finished building: SimpleGUI.list
 
19:03:24 **** Incremental Build of configuration Debug for project SimpleGUI ****
make -j16 all 
arm-none-eabi-gcc "../Core/Src/GUI.c" -mcpu=cortex-m7 -std=gnu11 -g3 -DDEBUG -DUSE_HAL_DRIVER -DSTM32F767xx -c -I../Core/Inc -I../Drivers/STM32F7xx_HAL_Driver/Inc -I../Drivers/STM32F7xx_HAL_Driver/Inc/Legacy -I../Drivers/CMSIS/Device/ST/STM32F7xx/Include -I../Drivers/CMSIS/Include -O0 -ffunction-sections -fdata-sections -Wall -fstack-usage -fcyclomatic-complexity -MMD -MP -MF"Core/Src/GUI.d" -MT"Core/Src/GUI.o" --specs=nano.specs -mfpu=fpv5-d16 -mfloat-abi=hard -mthumb -o "Core/Src/GUI.o"
arm-none-eabi-gcc -o "SimpleGUI.elf" @"objects.list"   -mcpu=cortex-m7 -T"C:\Users\harun\Documents\GitHub\Personal-Projects\microFlipper\SimpleGUI\SimpleGUI\STM32F767ZITX_FLASH.ld" --specs=nosys.specs -Wl,-Map="SimpleGUI.map" -Wl,--gc-sections -static --specs=nano.specs -mfpu=fpv5-d16 -mfloat-abi=hard -mthumb -Wl,--start-group -lc -lm -Wl,--end-group
Finished building target: SimpleGUI.elf
 
arm-none-eabi-size  SimpleGUI.elf 
arm-none-eabi-objdump -h -S SimpleGUI.elf  > "SimpleGUI.list"
   text	   data	    bss	    dec	    hex	filename
  30208	    468	   4508	  35184	   8970	SimpleGUI.elf
Finished building: default.size.stdout
 
Finished building: SimpleGUI.list
 
19:03:26 **** Incremental Build of configuration Debug for project SimpleGUI ****
make -j16 all 
arm-none-eabi-size  SimpleGUI.elf 
   text	   data	    bss	    dec	    hex	filename
  30208	    468	   4508	  35184	   8970	SimpleGUI.elf
Finished building: default.size.stdout
 
19:06:36 **** Incremental Build of configuration Debug for project SimpleGUI ****
make -j16 all 
arm-none-eabi-gcc "../Core/Src/Bitmaps.c" -mcpu=cortex-m7 -std=gnu11 -g3 -DDEBUG -DUSE_HAL_DRIVER -DSTM32F767xx -c -I../Core/Inc -I../Drivers/STM32F7xx_HAL_Driver/Inc -I../Drivers/STM32F7xx_HAL_Driver/Inc/Legacy -I../Drivers/CMSIS/Device/ST/STM32F7xx/Include -I../Drivers/CMSIS/Include -O0 -ffunction-sections -fdata-sections -Wall -fstack-usage -fcyclomatic-complexity -MMD -MP -MF"Core/Src/Bitmaps.d" -MT"Core/Src/Bitmaps.o" --specs=nano.specs -mfpu=fpv5-d16 -mfloat-abi=hard -mthumb -o "Core/Src/Bitmaps.o"
arm-none-eabi-gcc "../Core/Src/GUI.c" -mcpu=cortex-m7 -std=gnu11 -g3 -DDEBUG -DUSE_HAL_DRIVER -DSTM32F767xx -c -I../Core/Inc -I../Drivers/STM32F7xx_HAL_Driver/Inc -I../Drivers/STM32F7xx_HAL_Driver/Inc/Legacy -I../Drivers/CMSIS/Device/ST/STM32F7xx/Include -I../Drivers/CMSIS/Include -O0 -ffunction-sections -fdata-sections -Wall -fstack-usage -fcyclomatic-complexity -MMD -MP -MF"Core/Src/GUI.d" -MT"Core/Src/GUI.o" --specs=nano.specs -mfpu=fpv5-d16 -mfloat-abi=hard -mthumb -o "Core/Src/GUI.o"
arm-none-eabi-gcc "../Core/Src/main.c" -mcpu=cortex-m7 -std=gnu11 -g3 -DDEBUG -DUSE_HAL_DRIVER -DSTM32F767xx -c -I../Core/Inc -I../Drivers/STM32F7xx_HAL_Driver/Inc -I../Drivers/STM32F7xx_HAL_Driver/Inc/Legacy -I../Drivers/CMSIS/Device/ST/STM32F7xx/Include -I../Drivers/CMSIS/Include -O0 -ffunction-sections -fdata-sections -Wall -fstack-usage -fcyclomatic-complexity -MMD -MP -MF"Core/Src/main.d" -MT"Core/Src/main.o" --specs=nano.specs -mfpu=fpv5-d16 -mfloat-abi=hard -mthumb -o "Core/Src/main.o"
In file included from ../Core/Inc/GUI.h:11,
                 from ../Core/Src/GUI.c:7:
../Core/Src/GUI.c: In function 'window_Menu':
../Core/Inc/Bitmaps.h:105:17: error: expected expression before '=' token
  105 | #define title_x = icn_x+icon_wh+7
      |                 ^
../Core/Src/GUI.c:132:28: note: in expansion of macro 'title_x'
  132 |         u8g2_DrawStr(u8g2, title_x, top_title_y, menu_item[item_prev].icon_name);
      |                            ^~~~~~~
../Core/Src/GUI.c:132:9: error: too few arguments to function 'u8g2_DrawStr'
  132 |         u8g2_DrawStr(u8g2, title_x, top_title_y, menu_item[item_prev].icon_name);
      |         ^~~~~~~~~~~~
In file included from ../Core/Inc/GUI.h:10:
../Core/Inc/u8g2stm32/u8g2.h:1828:13: note: declared here
 1828 | u8g2_uint_t u8g2_DrawStr(u8g2_t *u8g2, u8g2_uint_t x, u8g2_uint_t y, const char *str);
      |             ^~~~~~~~~~~~
../Core/Inc/Bitmaps.h:105:17: error: expected expression before '=' token
  105 | #define title_x = icn_x+icon_wh+7
      |                 ^
../Core/Src/GUI.c:135:28: note: in expansion of macro 'title_x'
  135 |         u8g2_DrawStr(u8g2, title_x, mid_title_y, menu_item[item_sel].icon_name);
      |                            ^~~~~~~
../Core/Src/GUI.c:135:9: error: too few arguments to function 'u8g2_DrawStr'
  135 |         u8g2_DrawStr(u8g2, title_x, mid_title_y, menu_item[item_sel].icon_name);
      |         ^~~~~~~~~~~~
../Core/Inc/u8g2stm32/u8g2.h:1828:13: note: declared here
 1828 | u8g2_uint_t u8g2_DrawStr(u8g2_t *u8g2, u8g2_uint_t x, u8g2_uint_t y, const char *str);
      |             ^~~~~~~~~~~~
../Core/Inc/Bitmaps.h:105:17: error: expected expression before '=' token
  105 | #define title_x = icn_x+icon_wh+7
      |                 ^
../Core/Src/GUI.c:138:28: note: in expansion of macro 'title_x'
  138 |         u8g2_DrawStr(u8g2, title_x, bot_title_y, menu_item[item_next].icon_name);
      |                            ^~~~~~~
../Core/Src/GUI.c:138:9: error: too few arguments to function 'u8g2_DrawStr'
  138 |         u8g2_DrawStr(u8g2, title_x, bot_title_y, menu_item[item_next].icon_name);
      |         ^~~~~~~~~~~~
../Core/Inc/u8g2stm32/u8g2.h:1828:13: note: declared here
 1828 | u8g2_uint_t u8g2_DrawStr(u8g2_t *u8g2, u8g2_uint_t x, u8g2_uint_t y, const char *str);
      |             ^~~~~~~~~~~~
make: *** [Core/Src/subdir.mk:40: Core/Src/GUI.o] Error 1
make: *** Waiting for unfinished jobs....
"make -j16 all" terminated with exit code 2. Build might be incomplete.
19:07:07 **** Incremental Build of configuration Debug for project SimpleGUI ****
make -j16 all 
arm-none-eabi-gcc "../Core/Src/Bitmaps.c" -mcpu=cortex-m7 -std=gnu11 -g3 -DDEBUG -DUSE_HAL_DRIVER -DSTM32F767xx -c -I../Core/Inc -I../Drivers/STM32F7xx_HAL_Driver/Inc -I../Drivers/STM32F7xx_HAL_Driver/Inc/Legacy -I../Drivers/CMSIS/Device/ST/STM32F7xx/Include -I../Drivers/CMSIS/Include -O0 -ffunction-sections -fdata-sections -Wall -fstack-usage -fcyclomatic-complexity -MMD -MP -MF"Core/Src/Bitmaps.d" -MT"Core/Src/Bitmaps.o" --specs=nano.specs -mfpu=fpv5-d16 -mfloat-abi=hard -mthumb -o "Core/Src/Bitmaps.o"
arm-none-eabi-gcc "../Core/Src/GUI.c" -mcpu=cortex-m7 -std=gnu11 -g3 -DDEBUG -DUSE_HAL_DRIVER -DSTM32F767xx -c -I../Core/Inc -I../Drivers/STM32F7xx_HAL_Driver/Inc -I../Drivers/STM32F7xx_HAL_Driver/Inc/Legacy -I../Drivers/CMSIS/Device/ST/STM32F7xx/Include -I../Drivers/CMSIS/Include -O0 -ffunction-sections -fdata-sections -Wall -fstack-usage -fcyclomatic-complexity -MMD -MP -MF"Core/Src/GUI.d" -MT"Core/Src/GUI.o" --specs=nano.specs -mfpu=fpv5-d16 -mfloat-abi=hard -mthumb -o "Core/Src/GUI.o"
arm-none-eabi-gcc "../Core/Src/main.c" -mcpu=cortex-m7 -std=gnu11 -g3 -DDEBUG -DUSE_HAL_DRIVER -DSTM32F767xx -c -I../Core/Inc -I../Drivers/STM32F7xx_HAL_Driver/Inc -I../Drivers/STM32F7xx_HAL_Driver/Inc/Legacy -I../Drivers/CMSIS/Device/ST/STM32F7xx/Include -I../Drivers/CMSIS/Include -O0 -ffunction-sections -fdata-sections -Wall -fstack-usage -fcyclomatic-complexity -MMD -MP -MF"Core/Src/main.d" -MT"Core/Src/main.o" --specs=nano.specs -mfpu=fpv5-d16 -mfloat-abi=hard -mthumb -o "Core/Src/main.o"
arm-none-eabi-gcc -o "SimpleGUI.elf" @"objects.list"   -mcpu=cortex-m7 -T"C:\Users\harun\Documents\GitHub\Personal-Projects\microFlipper\SimpleGUI\SimpleGUI\STM32F767ZITX_FLASH.ld" --specs=nosys.specs -Wl,-Map="SimpleGUI.map" -Wl,--gc-sections -static --specs=nano.specs -mfpu=fpv5-d16 -mfloat-abi=hard -mthumb -Wl,--start-group -lc -lm -Wl,--end-group
Finished building target: SimpleGUI.elf
 
arm-none-eabi-size  SimpleGUI.elf 
arm-none-eabi-objdump -h -S SimpleGUI.elf  > "SimpleGUI.list"
   text	   data	    bss	    dec	    hex	filename
  30208	    468	   4508	  35184	   8970	SimpleGUI.elf
Finished building: default.size.stdout
 
Finished building: SimpleGUI.list
 
19:07:09 **** Incremental Build of configuration Debug for project SimpleGUI ****
make -j16 all 
arm-none-eabi-size  SimpleGUI.elf 
   text	   data	    bss	    dec	    hex	filename
  30208	    468	   4508	  35184	   8970	SimpleGUI.elf
Finished building: default.size.stdout
 
21:31:16 **** Incremental Build of configuration Debug for project SimpleGUI ****
make -j16 all 
arm-none-eabi-gcc "../Core/Src/GUI.c" -mcpu=cortex-m7 -std=gnu11 -g3 -DDEBUG -DUSE_HAL_DRIVER -DSTM32F767xx -c -I../Core/Inc -I../Drivers/STM32F7xx_HAL_Driver/Inc -I../Drivers/STM32F7xx_HAL_Driver/Inc/Legacy -I../Drivers/CMSIS/Device/ST/STM32F7xx/Include -I../Drivers/CMSIS/Include -O0 -ffunction-sections -fdata-sections -Wall -fstack-usage -fcyclomatic-complexity -MMD -MP -MF"Core/Src/GUI.d" -MT"Core/Src/GUI.o" --specs=nano.specs -mfpu=fpv5-d16 -mfloat-abi=hard -mthumb -o "Core/Src/GUI.o"
arm-none-eabi-gcc -o "SimpleGUI.elf" @"objects.list"   -mcpu=cortex-m7 -T"C:\Users\harun\Documents\GitHub\Personal-Projects\microFlipper\SimpleGUI\SimpleGUI\STM32F767ZITX_FLASH.ld" --specs=nosys.specs -Wl,-Map="SimpleGUI.map" -Wl,--gc-sections -static --specs=nano.specs -mfpu=fpv5-d16 -mfloat-abi=hard -mthumb -Wl,--start-group -lc -lm -Wl,--end-group
Finished building target: SimpleGUI.elf
 
arm-none-eabi-size  SimpleGUI.elf 
arm-none-eabi-objdump -h -S SimpleGUI.elf  > "SimpleGUI.list"
   text	   data	    bss	    dec	    hex	filename
  30440	    468	   4508	  35416	   8a58	SimpleGUI.elf
Finished building: default.size.stdout
 
Finished building: SimpleGUI.list
 
21:31:21 **** Incremental Build of configuration Debug for project SimpleGUI ****
make -j16 all 
arm-none-eabi-size  SimpleGUI.elf 
   text	   data	    bss	    dec	    hex	filename
  30440	    468	   4508	  35416	   8a58	SimpleGUI.elf
Finished building: default.size.stdout
 
21:31:57 **** Incremental Build of configuration Debug for project SimpleGUI ****
make -j16 all 
arm-none-eabi-gcc "../Core/Src/GUI.c" -mcpu=cortex-m7 -std=gnu11 -g3 -DDEBUG -DUSE_HAL_DRIVER -DSTM32F767xx -c -I../Core/Inc -I../Drivers/STM32F7xx_HAL_Driver/Inc -I../Drivers/STM32F7xx_HAL_Driver/Inc/Legacy -I../Drivers/CMSIS/Device/ST/STM32F7xx/Include -I../Drivers/CMSIS/Include -O0 -ffunction-sections -fdata-sections -Wall -fstack-usage -fcyclomatic-complexity -MMD -MP -MF"Core/Src/GUI.d" -MT"Core/Src/GUI.o" --specs=nano.specs -mfpu=fpv5-d16 -mfloat-abi=hard -mthumb -o "Core/Src/GUI.o"
arm-none-eabi-gcc -o "SimpleGUI.elf" @"objects.list"   -mcpu=cortex-m7 -T"C:\Users\harun\Documents\GitHub\Personal-Projects\microFlipper\SimpleGUI\SimpleGUI\STM32F767ZITX_FLASH.ld" --specs=nosys.specs -Wl,-Map="SimpleGUI.map" -Wl,--gc-sections -static --specs=nano.specs -mfpu=fpv5-d16 -mfloat-abi=hard -mthumb -Wl,--start-group -lc -lm -Wl,--end-group
Finished building target: SimpleGUI.elf
 
arm-none-eabi-size  SimpleGUI.elf 
arm-none-eabi-objdump -h -S SimpleGUI.elf  > "SimpleGUI.list"
   text	   data	    bss	    dec	    hex	filename
  30444	    468	   4508	  35420	   8a5c	SimpleGUI.elf
Finished building: default.size.stdout
 
Finished building: SimpleGUI.list
 
21:44:01 **** Incremental Build of configuration Debug for project SimpleGUI ****
make -j16 all 
arm-none-eabi-gcc "../Core/Src/GUI.c" -mcpu=cortex-m7 -std=gnu11 -g3 -DDEBUG -DUSE_HAL_DRIVER -DSTM32F767xx -c -I../Core/Inc -I../Drivers/STM32F7xx_HAL_Driver/Inc -I../Drivers/STM32F7xx_HAL_Driver/Inc/Legacy -I../Drivers/CMSIS/Device/ST/STM32F7xx/Include -I../Drivers/CMSIS/Include -O0 -ffunction-sections -fdata-sections -Wall -fstack-usage -fcyclomatic-complexity -MMD -MP -MF"Core/Src/GUI.d" -MT"Core/Src/GUI.o" --specs=nano.specs -mfpu=fpv5-d16 -mfloat-abi=hard -mthumb -o "Core/Src/GUI.o"
arm-none-eabi-gcc "../Core/Src/main.c" -mcpu=cortex-m7 -std=gnu11 -g3 -DDEBUG -DUSE_HAL_DRIVER -DSTM32F767xx -c -I../Core/Inc -I../Drivers/STM32F7xx_HAL_Driver/Inc -I../Drivers/STM32F7xx_HAL_Driver/Inc/Legacy -I../Drivers/CMSIS/Device/ST/STM32F7xx/Include -I../Drivers/CMSIS/Include -O0 -ffunction-sections -fdata-sections -Wall -fstack-usage -fcyclomatic-complexity -MMD -MP -MF"Core/Src/main.d" -MT"Core/Src/main.o" --specs=nano.specs -mfpu=fpv5-d16 -mfloat-abi=hard -mthumb -o "Core/Src/main.o"
../Core/Src/GUI.c: In function 'handle_Windows':
../Core/Src/GUI.c:184:1: error: expected declaration or statement at end of input
  184 | }
      | ^
../Core/Src/GUI.c: At top level:
../Core/Src/GUI.c:123:6: warning: 'window_Menu' defined but not used [-Wunused-function]
  123 | void window_Menu(u8g2_t* u8g2){//Remove *
      |      ^~~~~~~~~~~
make: *** [Core/Src/subdir.mk:40: Core/Src/GUI.o] Error 1
make: *** Waiting for unfinished jobs....
"make -j16 all" terminated with exit code 2. Build might be incomplete.
21:44:23 **** Incremental Build of configuration Debug for project SimpleGUI ****
make -j16 all 
arm-none-eabi-gcc "../Core/Src/GUI.c" -mcpu=cortex-m7 -std=gnu11 -g3 -DDEBUG -DUSE_HAL_DRIVER -DSTM32F767xx -c -I../Core/Inc -I../Drivers/STM32F7xx_HAL_Driver/Inc -I../Drivers/STM32F7xx_HAL_Driver/Inc/Legacy -I../Drivers/CMSIS/Device/ST/STM32F7xx/Include -I../Drivers/CMSIS/Include -O0 -ffunction-sections -fdata-sections -Wall -fstack-usage -fcyclomatic-complexity -MMD -MP -MF"Core/Src/GUI.d" -MT"Core/Src/GUI.o" --specs=nano.specs -mfpu=fpv5-d16 -mfloat-abi=hard -mthumb -o "Core/Src/GUI.o"
arm-none-eabi-gcc -o "SimpleGUI.elf" @"objects.list"   -mcpu=cortex-m7 -T"C:\Users\harun\Documents\GitHub\Personal-Projects\microFlipper\SimpleGUI\SimpleGUI\STM32F767ZITX_FLASH.ld" --specs=nosys.specs -Wl,-Map="SimpleGUI.map" -Wl,--gc-sections -static --specs=nano.specs -mfpu=fpv5-d16 -mfloat-abi=hard -mthumb -Wl,--start-group -lc -lm -Wl,--end-group
Finished building target: SimpleGUI.elf
 
arm-none-eabi-size  SimpleGUI.elf 
arm-none-eabi-objdump -h -S SimpleGUI.elf  > "SimpleGUI.list"
   text	   data	    bss	    dec	    hex	filename
  30428	    468	   4508	  35404	   8a4c	SimpleGUI.elf
Finished building: default.size.stdout
 
Finished building: SimpleGUI.list
 
21:49:28 **** Incremental Build of configuration Debug for project SimpleGUI ****
make -j16 all 
arm-none-eabi-gcc "../Core/Src/GUI.c" -mcpu=cortex-m7 -std=gnu11 -g3 -DDEBUG -DUSE_HAL_DRIVER -DSTM32F767xx -c -I../Core/Inc -I../Drivers/STM32F7xx_HAL_Driver/Inc -I../Drivers/STM32F7xx_HAL_Driver/Inc/Legacy -I../Drivers/CMSIS/Device/ST/STM32F7xx/Include -I../Drivers/CMSIS/Include -O0 -ffunction-sections -fdata-sections -Wall -fstack-usage -fcyclomatic-complexity -MMD -MP -MF"Core/Src/GUI.d" -MT"Core/Src/GUI.o" --specs=nano.specs -mfpu=fpv5-d16 -mfloat-abi=hard -mthumb -o "Core/Src/GUI.o"
arm-none-eabi-gcc "../Core/Src/main.c" -mcpu=cortex-m7 -std=gnu11 -g3 -DDEBUG -DUSE_HAL_DRIVER -DSTM32F767xx -c -I../Core/Inc -I../Drivers/STM32F7xx_HAL_Driver/Inc -I../Drivers/STM32F7xx_HAL_Driver/Inc/Legacy -I../Drivers/CMSIS/Device/ST/STM32F7xx/Include -I../Drivers/CMSIS/Include -O0 -ffunction-sections -fdata-sections -Wall -fstack-usage -fcyclomatic-complexity -MMD -MP -MF"Core/Src/main.d" -MT"Core/Src/main.o" --specs=nano.specs -mfpu=fpv5-d16 -mfloat-abi=hard -mthumb -o "Core/Src/main.o"
arm-none-eabi-gcc -o "SimpleGUI.elf" @"objects.list"   -mcpu=cortex-m7 -T"C:\Users\harun\Documents\GitHub\Personal-Projects\microFlipper\SimpleGUI\SimpleGUI\STM32F767ZITX_FLASH.ld" --specs=nosys.specs -Wl,-Map="SimpleGUI.map" -Wl,--gc-sections -static --specs=nano.specs -mfpu=fpv5-d16 -mfloat-abi=hard -mthumb -Wl,--start-group -lc -lm -Wl,--end-group
C:/ST/STM32CubeIDE_1.15.0/STM32CubeIDE/plugins/com.st.stm32cube.ide.mcu.externaltools.gnu-tools-for-stm32.12.3.rel1.win32_1.0.100.202403111256/tools/bin/../lib/gcc/arm-none-eabi/12.3.1/../../../../arm-none-eabi/bin/ld.exe: ./Core/Src/GUI.o: in function `handle_Windows':
C:/Users/harun/Documents/GitHub/Personal-Projects/microFlipper/SimpleGUI/SimpleGUI/Debug/../Core/Src/GUI.c:98: undefined reference to `window_Game'
C:/ST/STM32CubeIDE_1.15.0/STM32CubeIDE/plugins/com.st.stm32cube.ide.mcu.externaltools.gnu-tools-for-stm32.12.3.rel1.win32_1.0.100.202403111256/tools/bin/../lib/gcc/arm-none-eabi/12.3.1/../../../../arm-none-eabi/bin/ld.exe: C:/Users/harun/Documents/GitHub/Personal-Projects/microFlipper/SimpleGUI/SimpleGUI/Debug/../Core/Src/GUI.c:101: undefined reference to `window_Idle'
C:/ST/STM32CubeIDE_1.15.0/STM32CubeIDE/plugins/com.st.stm32cube.ide.mcu.externaltools.gnu-tools-for-stm32.12.3.rel1.win32_1.0.100.202403111256/tools/bin/../lib/gcc/arm-none-eabi/12.3.1/../../../../arm-none-eabi/bin/ld.exe: C:/Users/harun/Documents/GitHub/Personal-Projects/microFlipper/SimpleGUI/SimpleGUI/Debug/../Core/Src/GUI.c:104: undefined reference to `window_NFC'
C:/ST/STM32CubeIDE_1.15.0/STM32CubeIDE/plugins/com.st.stm32cube.ide.mcu.externaltools.gnu-tools-for-stm32.12.3.rel1.win32_1.0.100.202403111256/tools/bin/../lib/gcc/arm-none-eabi/12.3.1/../../../../arm-none-eabi/bin/ld.exe: C:/Users/harun/Documents/GitHub/Personal-Projects/microFlipper/SimpleGUI/SimpleGUI/Debug/../Core/Src/GUI.c:107: undefined reference to `window_RFID'
C:/ST/STM32CubeIDE_1.15.0/STM32CubeIDE/plugins/com.st.stm32cube.ide.mcu.externaltools.gnu-tools-for-stm32.12.3.rel1.win32_1.0.100.202403111256/tools/bin/../lib/gcc/arm-none-eabi/12.3.1/../../../../arm-none-eabi/bin/ld.exe: C:/Users/harun/Documents/GitHub/Personal-Projects/microFlipper/SimpleGUI/SimpleGUI/Debug/../Core/Src/GUI.c:110: undefined reference to `window_Settings'
C:/ST/STM32CubeIDE_1.15.0/STM32CubeIDE/plugins/com.st.stm32cube.ide.mcu.externaltools.gnu-tools-for-stm32.12.3.rel1.win32_1.0.100.202403111256/tools/bin/../lib/gcc/arm-none-eabi/12.3.1/../../../../arm-none-eabi/bin/ld.exe: C:/Users/harun/Documents/GitHub/Personal-Projects/microFlipper/SimpleGUI/SimpleGUI/Debug/../Core/Src/GUI.c:113: undefined reference to `window_Subghz'
collect2.exe: error: ld returned 1 exit status
make: *** [makefile:65: SimpleGUI.elf] Error 1
"make -j16 all" terminated with exit code 2. Build might be incomplete.
21:50:38 **** Incremental Build of configuration Debug for project SimpleGUI ****
make -j16 all 
arm-none-eabi-gcc "../Core/Src/GUI.c" -mcpu=cortex-m7 -std=gnu11 -g3 -DDEBUG -DUSE_HAL_DRIVER -DSTM32F767xx -c -I../Core/Inc -I../Drivers/STM32F7xx_HAL_Driver/Inc -I../Drivers/STM32F7xx_HAL_Driver/Inc/Legacy -I../Drivers/CMSIS/Device/ST/STM32F7xx/Include -I../Drivers/CMSIS/Include -O0 -ffunction-sections -fdata-sections -Wall -fstack-usage -fcyclomatic-complexity -MMD -MP -MF"Core/Src/GUI.d" -MT"Core/Src/GUI.o" --specs=nano.specs -mfpu=fpv5-d16 -mfloat-abi=hard -mthumb -o "Core/Src/GUI.o"
arm-none-eabi-gcc "../Core/Src/main.c" -mcpu=cortex-m7 -std=gnu11 -g3 -DDEBUG -DUSE_HAL_DRIVER -DSTM32F767xx -c -I../Core/Inc -I../Drivers/STM32F7xx_HAL_Driver/Inc -I../Drivers/STM32F7xx_HAL_Driver/Inc/Legacy -I../Drivers/CMSIS/Device/ST/STM32F7xx/Include -I../Drivers/CMSIS/Include -O0 -ffunction-sections -fdata-sections -Wall -fstack-usage -fcyclomatic-complexity -MMD -MP -MF"Core/Src/main.d" -MT"Core/Src/main.o" --specs=nano.specs -mfpu=fpv5-d16 -mfloat-abi=hard -mthumb -o "Core/Src/main.o"
arm-none-eabi-gcc -o "SimpleGUI.elf" @"objects.list"   -mcpu=cortex-m7 -T"C:\Users\harun\Documents\GitHub\Personal-Projects\microFlipper\SimpleGUI\SimpleGUI\STM32F767ZITX_FLASH.ld" --specs=nosys.specs -Wl,-Map="SimpleGUI.map" -Wl,--gc-sections -static --specs=nano.specs -mfpu=fpv5-d16 -mfloat-abi=hard -mthumb -Wl,--start-group -lc -lm -Wl,--end-group
C:/ST/STM32CubeIDE_1.15.0/STM32CubeIDE/plugins/com.st.stm32cube.ide.mcu.externaltools.gnu-tools-for-stm32.12.3.rel1.win32_1.0.100.202403111256/tools/bin/../lib/gcc/arm-none-eabi/12.3.1/../../../../arm-none-eabi/bin/ld.exe: ./Core/Src/GUI.o: in function `handle_Windows':
C:/Users/harun/Documents/GitHub/Personal-Projects/microFlipper/SimpleGUI/SimpleGUI/Debug/../Core/Src/GUI.c:98: undefined reference to `window_Game'
C:/ST/STM32CubeIDE_1.15.0/STM32CubeIDE/plugins/com.st.stm32cube.ide.mcu.externaltools.gnu-tools-for-stm32.12.3.rel1.win32_1.0.100.202403111256/tools/bin/../lib/gcc/arm-none-eabi/12.3.1/../../../../arm-none-eabi/bin/ld.exe: C:/Users/harun/Documents/GitHub/Personal-Projects/microFlipper/SimpleGUI/SimpleGUI/Debug/../Core/Src/GUI.c:101: undefined reference to `window_Idle'
C:/ST/STM32CubeIDE_1.15.0/STM32CubeIDE/plugins/com.st.stm32cube.ide.mcu.externaltools.gnu-tools-for-stm32.12.3.rel1.win32_1.0.100.202403111256/tools/bin/../lib/gcc/arm-none-eabi/12.3.1/../../../../arm-none-eabi/bin/ld.exe: C:/Users/harun/Documents/GitHub/Personal-Projects/microFlipper/SimpleGUI/SimpleGUI/Debug/../Core/Src/GUI.c:104: undefined reference to `window_NFC'
C:/ST/STM32CubeIDE_1.15.0/STM32CubeIDE/plugins/com.st.stm32cube.ide.mcu.externaltools.gnu-tools-for-stm32.12.3.rel1.win32_1.0.100.202403111256/tools/bin/../lib/gcc/arm-none-eabi/12.3.1/../../../../arm-none-eabi/bin/ld.exe: C:/Users/harun/Documents/GitHub/Personal-Projects/microFlipper/SimpleGUI/SimpleGUI/Debug/../Core/Src/GUI.c:107: undefined reference to `window_RFID'
C:/ST/STM32CubeIDE_1.15.0/STM32CubeIDE/plugins/com.st.stm32cube.ide.mcu.externaltools.gnu-tools-for-stm32.12.3.rel1.win32_1.0.100.202403111256/tools/bin/../lib/gcc/arm-none-eabi/12.3.1/../../../../arm-none-eabi/bin/ld.exe: C:/Users/harun/Documents/GitHub/Personal-Projects/microFlipper/SimpleGUI/SimpleGUI/Debug/../Core/Src/GUI.c:110: undefined reference to `window_Settings'
C:/ST/STM32CubeIDE_1.15.0/STM32CubeIDE/plugins/com.st.stm32cube.ide.mcu.externaltools.gnu-tools-for-stm32.12.3.rel1.win32_1.0.100.202403111256/tools/bin/../lib/gcc/arm-none-eabi/12.3.1/../../../../arm-none-eabi/bin/ld.exe: C:/Users/harun/Documents/GitHub/Personal-Projects/microFlipper/SimpleGUI/SimpleGUI/Debug/../Core/Src/GUI.c:113: undefined reference to `window_Subghz'
collect2.exe: error: ld returned 1 exit status
make: *** [makefile:65: SimpleGUI.elf] Error 1
"make -j16 all" terminated with exit code 2. Build might be incomplete.
21:51:04 **** Incremental Build of configuration Debug for project SimpleGUI ****
make -j16 all 
arm-none-eabi-gcc "../Core/Src/GUI.c" -mcpu=cortex-m7 -std=gnu11 -g3 -DDEBUG -DUSE_HAL_DRIVER -DSTM32F767xx -c -I../Core/Inc -I../Drivers/STM32F7xx_HAL_Driver/Inc -I../Drivers/STM32F7xx_HAL_Driver/Inc/Legacy -I../Drivers/CMSIS/Device/ST/STM32F7xx/Include -I../Drivers/CMSIS/Include -O0 -ffunction-sections -fdata-sections -Wall -fstack-usage -fcyclomatic-complexity -MMD -MP -MF"Core/Src/GUI.d" -MT"Core/Src/GUI.o" --specs=nano.specs -mfpu=fpv5-d16 -mfloat-abi=hard -mthumb -o "Core/Src/GUI.o"
arm-none-eabi-gcc "../Core/Src/main.c" -mcpu=cortex-m7 -std=gnu11 -g3 -DDEBUG -DUSE_HAL_DRIVER -DSTM32F767xx -c -I../Core/Inc -I../Drivers/STM32F7xx_HAL_Driver/Inc -I../Drivers/STM32F7xx_HAL_Driver/Inc/Legacy -I../Drivers/CMSIS/Device/ST/STM32F7xx/Include -I../Drivers/CMSIS/Include -O0 -ffunction-sections -fdata-sections -Wall -fstack-usage -fcyclomatic-complexity -MMD -MP -MF"Core/Src/main.d" -MT"Core/Src/main.o" --specs=nano.specs -mfpu=fpv5-d16 -mfloat-abi=hard -mthumb -o "Core/Src/main.o"
arm-none-eabi-gcc -o "SimpleGUI.elf" @"objects.list"   -mcpu=cortex-m7 -T"C:\Users\harun\Documents\GitHub\Personal-Projects\microFlipper\SimpleGUI\SimpleGUI\STM32F767ZITX_FLASH.ld" --specs=nosys.specs -Wl,-Map="SimpleGUI.map" -Wl,--gc-sections -static --specs=nano.specs -mfpu=fpv5-d16 -mfloat-abi=hard -mthumb -Wl,--start-group -lc -lm -Wl,--end-group
C:/ST/STM32CubeIDE_1.15.0/STM32CubeIDE/plugins/com.st.stm32cube.ide.mcu.externaltools.gnu-tools-for-stm32.12.3.rel1.win32_1.0.100.202403111256/tools/bin/../lib/gcc/arm-none-eabi/12.3.1/../../../../arm-none-eabi/bin/ld.exe: ./Core/Src/GUI.o: in function `handle_Windows':
C:/Users/harun/Documents/GitHub/Personal-Projects/microFlipper/SimpleGUI/SimpleGUI/Debug/../Core/Src/GUI.c:98: undefined reference to `window_Game'
C:/ST/STM32CubeIDE_1.15.0/STM32CubeIDE/plugins/com.st.stm32cube.ide.mcu.externaltools.gnu-tools-for-stm32.12.3.rel1.win32_1.0.100.202403111256/tools/bin/../lib/gcc/arm-none-eabi/12.3.1/../../../../arm-none-eabi/bin/ld.exe: C:/Users/harun/Documents/GitHub/Personal-Projects/microFlipper/SimpleGUI/SimpleGUI/Debug/../Core/Src/GUI.c:101: undefined reference to `window_Idle'
C:/ST/STM32CubeIDE_1.15.0/STM32CubeIDE/plugins/com.st.stm32cube.ide.mcu.externaltools.gnu-tools-for-stm32.12.3.rel1.win32_1.0.100.202403111256/tools/bin/../lib/gcc/arm-none-eabi/12.3.1/../../../../arm-none-eabi/bin/ld.exe: C:/Users/harun/Documents/GitHub/Personal-Projects/microFlipper/SimpleGUI/SimpleGUI/Debug/../Core/Src/GUI.c:104: undefined reference to `window_NFC'
C:/ST/STM32CubeIDE_1.15.0/STM32CubeIDE/plugins/com.st.stm32cube.ide.mcu.externaltools.gnu-tools-for-stm32.12.3.rel1.win32_1.0.100.202403111256/tools/bin/../lib/gcc/arm-none-eabi/12.3.1/../../../../arm-none-eabi/bin/ld.exe: C:/Users/harun/Documents/GitHub/Personal-Projects/microFlipper/SimpleGUI/SimpleGUI/Debug/../Core/Src/GUI.c:107: undefined reference to `window_RFID'
C:/ST/STM32CubeIDE_1.15.0/STM32CubeIDE/plugins/com.st.stm32cube.ide.mcu.externaltools.gnu-tools-for-stm32.12.3.rel1.win32_1.0.100.202403111256/tools/bin/../lib/gcc/arm-none-eabi/12.3.1/../../../../arm-none-eabi/bin/ld.exe: C:/Users/harun/Documents/GitHub/Personal-Projects/microFlipper/SimpleGUI/SimpleGUI/Debug/../Core/Src/GUI.c:110: undefined reference to `window_Settings'
C:/ST/STM32CubeIDE_1.15.0/STM32CubeIDE/plugins/com.st.stm32cube.ide.mcu.externaltools.gnu-tools-for-stm32.12.3.rel1.win32_1.0.100.202403111256/tools/bin/../lib/gcc/arm-none-eabi/12.3.1/../../../../arm-none-eabi/bin/ld.exe: C:/Users/harun/Documents/GitHub/Personal-Projects/microFlipper/SimpleGUI/SimpleGUI/Debug/../Core/Src/GUI.c:113: undefined reference to `window_Subghz'
collect2.exe: error: ld returned 1 exit status
make: *** [makefile:65: SimpleGUI.elf] Error 1
"make -j16 all" terminated with exit code 2. Build might be incomplete.
21:53:35 **** Incremental Build of configuration Debug for project SimpleGUI ****
make -j16 all 
arm-none-eabi-gcc "../Core/Src/GUI.c" -mcpu=cortex-m7 -std=gnu11 -g3 -DDEBUG -DUSE_HAL_DRIVER -DSTM32F767xx -c -I../Core/Inc -I../Drivers/STM32F7xx_HAL_Driver/Inc -I../Drivers/STM32F7xx_HAL_Driver/Inc/Legacy -I../Drivers/CMSIS/Device/ST/STM32F7xx/Include -I../Drivers/CMSIS/Include -O0 -ffunction-sections -fdata-sections -Wall -fstack-usage -fcyclomatic-complexity -MMD -MP -MF"Core/Src/GUI.d" -MT"Core/Src/GUI.o" --specs=nano.specs -mfpu=fpv5-d16 -mfloat-abi=hard -mthumb -o "Core/Src/GUI.o"
arm-none-eabi-gcc "../Core/Src/main.c" -mcpu=cortex-m7 -std=gnu11 -g3 -DDEBUG -DUSE_HAL_DRIVER -DSTM32F767xx -c -I../Core/Inc -I../Drivers/STM32F7xx_HAL_Driver/Inc -I../Drivers/STM32F7xx_HAL_Driver/Inc/Legacy -I../Drivers/CMSIS/Device/ST/STM32F7xx/Include -I../Drivers/CMSIS/Include -O0 -ffunction-sections -fdata-sections -Wall -fstack-usage -fcyclomatic-complexity -MMD -MP -MF"Core/Src/main.d" -MT"Core/Src/main.o" --specs=nano.specs -mfpu=fpv5-d16 -mfloat-abi=hard -mthumb -o "Core/Src/main.o"
arm-none-eabi-gcc -o "SimpleGUI.elf" @"objects.list"   -mcpu=cortex-m7 -T"C:\Users\harun\Documents\GitHub\Personal-Projects\microFlipper\SimpleGUI\SimpleGUI\STM32F767ZITX_FLASH.ld" --specs=nosys.specs -Wl,-Map="SimpleGUI.map" -Wl,--gc-sections -static --specs=nano.specs -mfpu=fpv5-d16 -mfloat-abi=hard -mthumb -Wl,--start-group -lc -lm -Wl,--end-group
Finished building target: SimpleGUI.elf
 
arm-none-eabi-size  SimpleGUI.elf 
arm-none-eabi-objdump -h -S SimpleGUI.elf  > "SimpleGUI.list"
   text	   data	    bss	    dec	    hex	filename
  30676	    468	   4508	  35652	   8b44	SimpleGUI.elf
Finished building: default.size.stdout
 
Finished building: SimpleGUI.list
 
21:53:39 **** Incremental Build of configuration Debug for project SimpleGUI ****
make -j16 all 
arm-none-eabi-size  SimpleGUI.elf 
   text	   data	    bss	    dec	    hex	filename
  30676	    468	   4508	  35652	   8b44	SimpleGUI.elf
Finished building: default.size.stdout
 
21:55:14 **** Incremental Build of configuration Debug for project SimpleGUI ****
make -j16 all 
arm-none-eabi-gcc "../Core/Src/GUI.c" -mcpu=cortex-m7 -std=gnu11 -g3 -DDEBUG -DUSE_HAL_DRIVER -DSTM32F767xx -c -I../Core/Inc -I../Drivers/STM32F7xx_HAL_Driver/Inc -I../Drivers/STM32F7xx_HAL_Driver/Inc/Legacy -I../Drivers/CMSIS/Device/ST/STM32F7xx/Include -I../Drivers/CMSIS/Include -O0 -ffunction-sections -fdata-sections -Wall -fstack-usage -fcyclomatic-complexity -MMD -MP -MF"Core/Src/GUI.d" -MT"Core/Src/GUI.o" --specs=nano.specs -mfpu=fpv5-d16 -mfloat-abi=hard -mthumb -o "Core/Src/GUI.o"
arm-none-eabi-gcc -o "SimpleGUI.elf" @"objects.list"   -mcpu=cortex-m7 -T"C:\Users\harun\Documents\GitHub\Personal-Projects\microFlipper\SimpleGUI\SimpleGUI\STM32F767ZITX_FLASH.ld" --specs=nosys.specs -Wl,-Map="SimpleGUI.map" -Wl,--gc-sections -static --specs=nano.specs -mfpu=fpv5-d16 -mfloat-abi=hard -mthumb -Wl,--start-group -lc -lm -Wl,--end-group
Finished building target: SimpleGUI.elf
 
arm-none-eabi-size  SimpleGUI.elf 
arm-none-eabi-objdump -h -S SimpleGUI.elf  > "SimpleGUI.list"
   text	   data	    bss	    dec	    hex	filename
  31084	    468	   4508	  36060	   8cdc	SimpleGUI.elf
Finished building: default.size.stdout
 
Finished building: SimpleGUI.list
 
22:28:49 **** Incremental Build of configuration Debug for project SimpleGUI ****
make -j16 all 
arm-none-eabi-gcc "../Core/Src/GUI.c" -mcpu=cortex-m7 -std=gnu11 -g3 -DDEBUG -DUSE_HAL_DRIVER -DSTM32F767xx -c -I../Core/Inc -I../Drivers/STM32F7xx_HAL_Driver/Inc -I../Drivers/STM32F7xx_HAL_Driver/Inc/Legacy -I../Drivers/CMSIS/Device/ST/STM32F7xx/Include -I../Drivers/CMSIS/Include -O0 -ffunction-sections -fdata-sections -Wall -fstack-usage -fcyclomatic-complexity -MMD -MP -MF"Core/Src/GUI.d" -MT"Core/Src/GUI.o" --specs=nano.specs -mfpu=fpv5-d16 -mfloat-abi=hard -mthumb -o "Core/Src/GUI.o"
arm-none-eabi-gcc -o "SimpleGUI.elf" @"objects.list"   -mcpu=cortex-m7 -T"C:\Users\harun\Documents\GitHub\Personal-Projects\microFlipper\SimpleGUI\SimpleGUI\STM32F767ZITX_FLASH.ld" --specs=nosys.specs -Wl,-Map="SimpleGUI.map" -Wl,--gc-sections -static --specs=nano.specs -mfpu=fpv5-d16 -mfloat-abi=hard -mthumb -Wl,--start-group -lc -lm -Wl,--end-group
Finished building target: SimpleGUI.elf
 
arm-none-eabi-size  SimpleGUI.elf 
arm-none-eabi-objdump -h -S SimpleGUI.elf  > "SimpleGUI.list"
   text	   data	    bss	    dec	    hex	filename
  31084	    468	   4508	  36060	   8cdc	SimpleGUI.elf
Finished building: default.size.stdout
 
Finished building: SimpleGUI.list
 
22:29:48 **** Incremental Build of configuration Debug for project SimpleGUI ****
make -j16 all 
arm-none-eabi-gcc "../Core/Src/GUI.c" -mcpu=cortex-m7 -std=gnu11 -g3 -DDEBUG -DUSE_HAL_DRIVER -DSTM32F767xx -c -I../Core/Inc -I../Drivers/STM32F7xx_HAL_Driver/Inc -I../Drivers/STM32F7xx_HAL_Driver/Inc/Legacy -I../Drivers/CMSIS/Device/ST/STM32F7xx/Include -I../Drivers/CMSIS/Include -O0 -ffunction-sections -fdata-sections -Wall -fstack-usage -fcyclomatic-complexity -MMD -MP -MF"Core/Src/GUI.d" -MT"Core/Src/GUI.o" --specs=nano.specs -mfpu=fpv5-d16 -mfloat-abi=hard -mthumb -o "Core/Src/GUI.o"
arm-none-eabi-gcc -o "SimpleGUI.elf" @"objects.list"   -mcpu=cortex-m7 -T"C:\Users\harun\Documents\GitHub\Personal-Projects\microFlipper\SimpleGUI\SimpleGUI\STM32F767ZITX_FLASH.ld" --specs=nosys.specs -Wl,-Map="SimpleGUI.map" -Wl,--gc-sections -static --specs=nano.specs -mfpu=fpv5-d16 -mfloat-abi=hard -mthumb -Wl,--start-group -lc -lm -Wl,--end-group
Finished building target: SimpleGUI.elf
 
arm-none-eabi-size  SimpleGUI.elf 
arm-none-eabi-objdump -h -S SimpleGUI.elf  > "SimpleGUI.list"
   text	   data	    bss	    dec	    hex	filename
  31084	    468	   4508	  36060	   8cdc	SimpleGUI.elf
Finished building: default.size.stdout
 
Finished building: SimpleGUI.list
 
22:30:58 **** Incremental Build of configuration Debug for project SimpleGUI ****
make -j16 all 
arm-none-eabi-gcc "../Core/Src/GUI.c" -mcpu=cortex-m7 -std=gnu11 -g3 -DDEBUG -DUSE_HAL_DRIVER -DSTM32F767xx -c -I../Core/Inc -I../Drivers/STM32F7xx_HAL_Driver/Inc -I../Drivers/STM32F7xx_HAL_Driver/Inc/Legacy -I../Drivers/CMSIS/Device/ST/STM32F7xx/Include -I../Drivers/CMSIS/Include -O0 -ffunction-sections -fdata-sections -Wall -fstack-usage -fcyclomatic-complexity -MMD -MP -MF"Core/Src/GUI.d" -MT"Core/Src/GUI.o" --specs=nano.specs -mfpu=fpv5-d16 -mfloat-abi=hard -mthumb -o "Core/Src/GUI.o"
arm-none-eabi-gcc -o "SimpleGUI.elf" @"objects.list"   -mcpu=cortex-m7 -T"C:\Users\harun\Documents\GitHub\Personal-Projects\microFlipper\SimpleGUI\SimpleGUI\STM32F767ZITX_FLASH.ld" --specs=nosys.specs -Wl,-Map="SimpleGUI.map" -Wl,--gc-sections -static --specs=nano.specs -mfpu=fpv5-d16 -mfloat-abi=hard -mthumb -Wl,--start-group -lc -lm -Wl,--end-group
Finished building target: SimpleGUI.elf
 
arm-none-eabi-size  SimpleGUI.elf 
arm-none-eabi-objdump -h -S SimpleGUI.elf  > "SimpleGUI.list"
   text	   data	    bss	    dec	    hex	filename
  31084	    468	   4508	  36060	   8cdc	SimpleGUI.elf
Finished building: default.size.stdout
 
Finished building: SimpleGUI.list
 
22:33:19 **** Incremental Build of configuration Debug for project SimpleGUI ****
make -j16 all 
arm-none-eabi-gcc "../Core/Src/GUI.c" -mcpu=cortex-m7 -std=gnu11 -g3 -DDEBUG -DUSE_HAL_DRIVER -DSTM32F767xx -c -I../Core/Inc -I../Drivers/STM32F7xx_HAL_Driver/Inc -I../Drivers/STM32F7xx_HAL_Driver/Inc/Legacy -I../Drivers/CMSIS/Device/ST/STM32F7xx/Include -I../Drivers/CMSIS/Include -O0 -ffunction-sections -fdata-sections -Wall -fstack-usage -fcyclomatic-complexity -MMD -MP -MF"Core/Src/GUI.d" -MT"Core/Src/GUI.o" --specs=nano.specs -mfpu=fpv5-d16 -mfloat-abi=hard -mthumb -o "Core/Src/GUI.o"
arm-none-eabi-gcc -o "SimpleGUI.elf" @"objects.list"   -mcpu=cortex-m7 -T"C:\Users\harun\Documents\GitHub\Personal-Projects\microFlipper\SimpleGUI\SimpleGUI\STM32F767ZITX_FLASH.ld" --specs=nosys.specs -Wl,-Map="SimpleGUI.map" -Wl,--gc-sections -static --specs=nano.specs -mfpu=fpv5-d16 -mfloat-abi=hard -mthumb -Wl,--start-group -lc -lm -Wl,--end-group
Finished building target: SimpleGUI.elf
 
arm-none-eabi-size  SimpleGUI.elf 
arm-none-eabi-objdump -h -S SimpleGUI.elf  > "SimpleGUI.list"
   text	   data	    bss	    dec	    hex	filename
  31084	    468	   4508	  36060	   8cdc	SimpleGUI.elf
Finished building: default.size.stdout
 
Finished building: SimpleGUI.list
 
22:34:39 **** Incremental Build of configuration Debug for project SimpleGUI ****
make -j16 all 
arm-none-eabi-gcc "../Core/Src/GUI.c" -mcpu=cortex-m7 -std=gnu11 -g3 -DDEBUG -DUSE_HAL_DRIVER -DSTM32F767xx -c -I../Core/Inc -I../Drivers/STM32F7xx_HAL_Driver/Inc -I../Drivers/STM32F7xx_HAL_Driver/Inc/Legacy -I../Drivers/CMSIS/Device/ST/STM32F7xx/Include -I../Drivers/CMSIS/Include -O0 -ffunction-sections -fdata-sections -Wall -fstack-usage -fcyclomatic-complexity -MMD -MP -MF"Core/Src/GUI.d" -MT"Core/Src/GUI.o" --specs=nano.specs -mfpu=fpv5-d16 -mfloat-abi=hard -mthumb -o "Core/Src/GUI.o"
arm-none-eabi-gcc -o "SimpleGUI.elf" @"objects.list"   -mcpu=cortex-m7 -T"C:\Users\harun\Documents\GitHub\Personal-Projects\microFlipper\SimpleGUI\SimpleGUI\STM32F767ZITX_FLASH.ld" --specs=nosys.specs -Wl,-Map="SimpleGUI.map" -Wl,--gc-sections -static --specs=nano.specs -mfpu=fpv5-d16 -mfloat-abi=hard -mthumb -Wl,--start-group -lc -lm -Wl,--end-group
Finished building target: SimpleGUI.elf
 
arm-none-eabi-size  SimpleGUI.elf 
arm-none-eabi-objdump -h -S SimpleGUI.elf  > "SimpleGUI.list"
   text	   data	    bss	    dec	    hex	filename
  31084	    468	   4508	  36060	   8cdc	SimpleGUI.elf
Finished building: default.size.stdout
 
Finished building: SimpleGUI.list
 
22:37:45 **** Incremental Build of configuration Debug for project SimpleGUI ****
make -j16 all 
arm-none-eabi-gcc "../Core/Src/GUI.c" -mcpu=cortex-m7 -std=gnu11 -g3 -DDEBUG -DUSE_HAL_DRIVER -DSTM32F767xx -c -I../Core/Inc -I../Drivers/STM32F7xx_HAL_Driver/Inc -I../Drivers/STM32F7xx_HAL_Driver/Inc/Legacy -I../Drivers/CMSIS/Device/ST/STM32F7xx/Include -I../Drivers/CMSIS/Include -O0 -ffunction-sections -fdata-sections -Wall -fstack-usage -fcyclomatic-complexity -MMD -MP -MF"Core/Src/GUI.d" -MT"Core/Src/GUI.o" --specs=nano.specs -mfpu=fpv5-d16 -mfloat-abi=hard -mthumb -o "Core/Src/GUI.o"
arm-none-eabi-gcc "../Core/Src/main.c" -mcpu=cortex-m7 -std=gnu11 -g3 -DDEBUG -DUSE_HAL_DRIVER -DSTM32F767xx -c -I../Core/Inc -I../Drivers/STM32F7xx_HAL_Driver/Inc -I../Drivers/STM32F7xx_HAL_Driver/Inc/Legacy -I../Drivers/CMSIS/Device/ST/STM32F7xx/Include -I../Drivers/CMSIS/Include -O0 -ffunction-sections -fdata-sections -Wall -fstack-usage -fcyclomatic-complexity -MMD -MP -MF"Core/Src/main.d" -MT"Core/Src/main.o" --specs=nano.specs -mfpu=fpv5-d16 -mfloat-abi=hard -mthumb -o "Core/Src/main.o"
arm-none-eabi-gcc "../Core/Src/stm32f7xx_hal_msp.c" -mcpu=cortex-m7 -std=gnu11 -g3 -DDEBUG -DUSE_HAL_DRIVER -DSTM32F767xx -c -I../Core/Inc -I../Drivers/STM32F7xx_HAL_Driver/Inc -I../Drivers/STM32F7xx_HAL_Driver/Inc/Legacy -I../Drivers/CMSIS/Device/ST/STM32F7xx/Include -I../Drivers/CMSIS/Include -O0 -ffunction-sections -fdata-sections -Wall -fstack-usage -fcyclomatic-complexity -MMD -MP -MF"Core/Src/stm32f7xx_hal_msp.d" -MT"Core/Src/stm32f7xx_hal_msp.o" --specs=nano.specs -mfpu=fpv5-d16 -mfloat-abi=hard -mthumb -o "Core/Src/stm32f7xx_hal_msp.o"
arm-none-eabi-gcc "../Core/Src/stm32f7xx_it.c" -mcpu=cortex-m7 -std=gnu11 -g3 -DDEBUG -DUSE_HAL_DRIVER -DSTM32F767xx -c -I../Core/Inc -I../Drivers/STM32F7xx_HAL_Driver/Inc -I../Drivers/STM32F7xx_HAL_Driver/Inc/Legacy -I../Drivers/CMSIS/Device/ST/STM32F7xx/Include -I../Drivers/CMSIS/Include -O0 -ffunction-sections -fdata-sections -Wall -fstack-usage -fcyclomatic-complexity -MMD -MP -MF"Core/Src/stm32f7xx_it.d" -MT"Core/Src/stm32f7xx_it.o" --specs=nano.specs -mfpu=fpv5-d16 -mfloat-abi=hard -mthumb -o "Core/Src/stm32f7xx_it.o"
arm-none-eabi-gcc -o "SimpleGUI.elf" @"objects.list"   -mcpu=cortex-m7 -T"C:\Users\harun\Documents\GitHub\Personal-Projects\microFlipper\SimpleGUI\SimpleGUI\STM32F767ZITX_FLASH.ld" --specs=nosys.specs -Wl,-Map="SimpleGUI.map" -Wl,--gc-sections -static --specs=nano.specs -mfpu=fpv5-d16 -mfloat-abi=hard -mthumb -Wl,--start-group -lc -lm -Wl,--end-group
Finished building target: SimpleGUI.elf
 
arm-none-eabi-size  SimpleGUI.elf 
arm-none-eabi-objdump -h -S SimpleGUI.elf  > "SimpleGUI.list"
   text	   data	    bss	    dec	    hex	filename
  31084	    468	   4508	  36060	   8cdc	SimpleGUI.elf
[...]
arm-none-eabi-gcc -o "SimpleGUI.elf" @"objects.list"   -mcpu=cortex-m7 -T"C:\Users\harun\Documents\GitHub\Personal-Projects\microFlipper\SimpleGUI\SimpleGUI\STM32F767ZITX_FLASH.ld" --specs=nosys.specs -Wl,-Map="SimpleGUI.map" -Wl,--gc-sections -static --specs=nano.specs -mfpu=fpv5-d16 -mfloat-abi=hard -mthumb -Wl,--start-group -lc -lm -Wl,--end-group
Finished building target: SimpleGUI.elf
 
arm-none-eabi-size  SimpleGUI.elf 
arm-none-eabi-objdump -h -S SimpleGUI.elf  > "SimpleGUI.list"
   text	   data	    bss	    dec	    hex	filename
  37308	    468	   4588	  42364	   a57c	SimpleGUI.elf
Finished building: default.size.stdout
 
Finished building: SimpleGUI.list
 
14:49:30 **** Incremental Build of configuration Debug for project SimpleGUI ****
make -j16 all 
arm-none-eabi-gcc "../Core/Src/main.c" -mcpu=cortex-m7 -std=gnu11 -g3 -DDEBUG -DUSE_HAL_DRIVER -DSTM32F767xx -c -I../Core/Inc -I../Drivers/STM32F7xx_HAL_Driver/Inc -I../Drivers/STM32F7xx_HAL_Driver/Inc/Legacy -I../Drivers/CMSIS/Device/ST/STM32F7xx/Include -I../Drivers/CMSIS/Include -O0 -ffunction-sections -fdata-sections -Wall -fstack-usage -fcyclomatic-complexity -MMD -MP -MF"Core/Src/main.d" -MT"Core/Src/main.o" --specs=nano.specs -mfpu=fpv5-d16 -mfloat-abi=hard -mthumb -o "Core/Src/main.o"
arm-none-eabi-gcc -o "SimpleGUI.elf" @"objects.list"   -mcpu=cortex-m7 -T"C:\Users\harun\Documents\GitHub\Personal-Projects\microFlipper\SimpleGUI\SimpleGUI\STM32F767ZITX_FLASH.ld" --specs=nosys.specs -Wl,-Map="SimpleGUI.map" -Wl,--gc-sections -static --specs=nano.specs -mfpu=fpv5-d16 -mfloat-abi=hard -mthumb -Wl,--start-group -lc -lm -Wl,--end-group
Finished building target: SimpleGUI.elf
 
arm-none-eabi-size  SimpleGUI.elf 
arm-none-eabi-objdump -h -S SimpleGUI.elf  > "SimpleGUI.list"
   text	   data	    bss	    dec	    hex	filename
  37292	    468	   4588	  42348	   a56c	SimpleGUI.elf
Finished building: default.size.stdout
 
Finished building: SimpleGUI.list
 
14:50:25 **** Incremental Build of configuration Debug for project SimpleGUI ****
make -j16 all 
arm-none-eabi-gcc "../Core/Src/main.c" -mcpu=cortex-m7 -std=gnu11 -g3 -DDEBUG -DUSE_HAL_DRIVER -DSTM32F767xx -c -I../Core/Inc -I../Drivers/STM32F7xx_HAL_Driver/Inc -I../Drivers/STM32F7xx_HAL_Driver/Inc/Legacy -I../Drivers/CMSIS/Device/ST/STM32F7xx/Include -I../Drivers/CMSIS/Include -O0 -ffunction-sections -fdata-sections -Wall -fstack-usage -fcyclomatic-complexity -MMD -MP -MF"Core/Src/main.d" -MT"Core/Src/main.o" --specs=nano.specs -mfpu=fpv5-d16 -mfloat-abi=hard -mthumb -o "Core/Src/main.o"
arm-none-eabi-gcc -o "SimpleGUI.elf" @"objects.list"   -mcpu=cortex-m7 -T"C:\Users\harun\Documents\GitHub\Personal-Projects\microFlipper\SimpleGUI\SimpleGUI\STM32F767ZITX_FLASH.ld" --specs=nosys.specs -Wl,-Map="SimpleGUI.map" -Wl,--gc-sections -static --specs=nano.specs -mfpu=fpv5-d16 -mfloat-abi=hard -mthumb -Wl,--start-group -lc -lm -Wl,--end-group
Finished building target: SimpleGUI.elf
 
arm-none-eabi-size  SimpleGUI.elf 
arm-none-eabi-objdump -h -S SimpleGUI.elf  > "SimpleGUI.list"
   text	   data	    bss	    dec	    hex	filename
  37288	    468	   4588	  42344	   a568	SimpleGUI.elf
Finished building: default.size.stdout
 
Finished building: SimpleGUI.list
 
14:51:10 **** Incremental Build of configuration Debug for project SimpleGUI ****
make -j16 all 
arm-none-eabi-gcc "../Core/Src/GUI.c" -mcpu=cortex-m7 -std=gnu11 -g3 -DDEBUG -DUSE_HAL_DRIVER -DSTM32F767xx -c -I../Core/Inc -I../Drivers/STM32F7xx_HAL_Driver/Inc -I../Drivers/STM32F7xx_HAL_Driver/Inc/Legacy -I../Drivers/CMSIS/Device/ST/STM32F7xx/Include -I../Drivers/CMSIS/Include -O0 -ffunction-sections -fdata-sections -Wall -fstack-usage -fcyclomatic-complexity -MMD -MP -MF"Core/Src/GUI.d" -MT"Core/Src/GUI.o" --specs=nano.specs -mfpu=fpv5-d16 -mfloat-abi=hard -mthumb -o "Core/Src/GUI.o"
arm-none-eabi-gcc "../Core/Src/main.c" -mcpu=cortex-m7 -std=gnu11 -g3 -DDEBUG -DUSE_HAL_DRIVER -DSTM32F767xx -c -I../Core/Inc -I../Drivers/STM32F7xx_HAL_Driver/Inc -I../Drivers/STM32F7xx_HAL_Driver/Inc/Legacy -I../Drivers/CMSIS/Device/ST/STM32F7xx/Include -I../Drivers/CMSIS/Include -O0 -ffunction-sections -fdata-sections -Wall -fstack-usage -fcyclomatic-complexity -MMD -MP -MF"Core/Src/main.d" -MT"Core/Src/main.o" --specs=nano.specs -mfpu=fpv5-d16 -mfloat-abi=hard -mthumb -o "Core/Src/main.o"
arm-none-eabi-gcc -o "SimpleGUI.elf" @"objects.list"   -mcpu=cortex-m7 -T"C:\Users\harun\Documents\GitHub\Personal-Projects\microFlipper\SimpleGUI\SimpleGUI\STM32F767ZITX_FLASH.ld" --specs=nosys.specs -Wl,-Map="SimpleGUI.map" -Wl,--gc-sections -static --specs=nano.specs -mfpu=fpv5-d16 -mfloat-abi=hard -mthumb -Wl,--start-group -lc -lm -Wl,--end-group
Finished building target: SimpleGUI.elf
 
arm-none-eabi-size  SimpleGUI.elf 
arm-none-eabi-objdump -h -S SimpleGUI.elf  > "SimpleGUI.list"
   text	   data	    bss	    dec	    hex	filename
  37292	    468	   4588	  42348	   a56c	SimpleGUI.elf
Finished building: default.size.stdout
 
Finished building: SimpleGUI.list
 
14:55:05 **** Incremental Build of configuration Debug for project SimpleGUI ****
make -j16 all 
arm-none-eabi-gcc "../Core/Src/GUI.c" -mcpu=cortex-m7 -std=gnu11 -g3 -DDEBUG -DUSE_HAL_DRIVER -DSTM32F767xx -c -I../Core/Inc -I../Drivers/STM32F7xx_HAL_Driver/Inc -I../Drivers/STM32F7xx_HAL_Driver/Inc/Legacy -I../Drivers/CMSIS/Device/ST/STM32F7xx/Include -I../Drivers/CMSIS/Include -O0 -ffunction-sections -fdata-sections -Wall -fstack-usage -fcyclomatic-complexity -MMD -MP -MF"Core/Src/GUI.d" -MT"Core/Src/GUI.o" --specs=nano.specs -mfpu=fpv5-d16 -mfloat-abi=hard -mthumb -o "Core/Src/GUI.o"
arm-none-eabi-gcc -o "SimpleGUI.elf" @"objects.list"   -mcpu=cortex-m7 -T"C:\Users\harun\Documents\GitHub\Personal-Projects\microFlipper\SimpleGUI\SimpleGUI\STM32F767ZITX_FLASH.ld" --specs=nosys.specs -Wl,-Map="SimpleGUI.map" -Wl,--gc-sections -static --specs=nano.specs -mfpu=fpv5-d16 -mfloat-abi=hard -mthumb -Wl,--start-group -lc -lm -Wl,--end-group
Finished building target: SimpleGUI.elf
 
arm-none-eabi-size  SimpleGUI.elf 
arm-none-eabi-objdump -h -S SimpleGUI.elf  > "SimpleGUI.list"
   text	   data	    bss	    dec	    hex	filename
  37304	    468	   4588	  42360	   a578	SimpleGUI.elf
Finished building: default.size.stdout
 
Finished building: SimpleGUI.list
 
14:56:28 **** Incremental Build of configuration Debug for project SimpleGUI ****
make -j16 all 
arm-none-eabi-gcc "../Core/Src/main.c" -mcpu=cortex-m7 -std=gnu11 -g3 -DDEBUG -DUSE_HAL_DRIVER -DSTM32F767xx -c -I../Core/Inc -I../Drivers/STM32F7xx_HAL_Driver/Inc -I../Drivers/STM32F7xx_HAL_Driver/Inc/Legacy -I../Drivers/CMSIS/Device/ST/STM32F7xx/Include -I../Drivers/CMSIS/Include -O0 -ffunction-sections -fdata-sections -Wall -fstack-usage -fcyclomatic-complexity -MMD -MP -MF"Core/Src/main.d" -MT"Core/Src/main.o" --specs=nano.specs -mfpu=fpv5-d16 -mfloat-abi=hard -mthumb -o "Core/Src/main.o"
arm-none-eabi-gcc -o "SimpleGUI.elf" @"objects.list"   -mcpu=cortex-m7 -T"C:\Users\harun\Documents\GitHub\Personal-Projects\microFlipper\SimpleGUI\SimpleGUI\STM32F767ZITX_FLASH.ld" --specs=nosys.specs -Wl,-Map="SimpleGUI.map" -Wl,--gc-sections -static --specs=nano.specs -mfpu=fpv5-d16 -mfloat-abi=hard -mthumb -Wl,--start-group -lc -lm -Wl,--end-group
Finished building target: SimpleGUI.elf
 
arm-none-eabi-size  SimpleGUI.elf 
arm-none-eabi-objdump -h -S SimpleGUI.elf  > "SimpleGUI.list"
   text	   data	    bss	    dec	    hex	filename
  37300	    468	   4588	  42356	   a574	SimpleGUI.elf
Finished building: default.size.stdout
 
Finished building: SimpleGUI.list
 
14:58:45 **** Incremental Build of configuration Debug for project SimpleGUI ****
make -j16 all 
arm-none-eabi-gcc "../Core/Src/main.c" -mcpu=cortex-m7 -std=gnu11 -g3 -DDEBUG -DUSE_HAL_DRIVER -DSTM32F767xx -c -I../Core/Inc -I../Drivers/STM32F7xx_HAL_Driver/Inc -I../Drivers/STM32F7xx_HAL_Driver/Inc/Legacy -I../Drivers/CMSIS/Device/ST/STM32F7xx/Include -I../Drivers/CMSIS/Include -O0 -ffunction-sections -fdata-sections -Wall -fstack-usage -fcyclomatic-complexity -MMD -MP -MF"Core/Src/main.d" -MT"Core/Src/main.o" --specs=nano.specs -mfpu=fpv5-d16 -mfloat-abi=hard -mthumb -o "Core/Src/main.o"
arm-none-eabi-gcc -o "SimpleGUI.elf" @"objects.list"   -mcpu=cortex-m7 -T"C:\Users\harun\Documents\GitHub\Personal-Projects\microFlipper\SimpleGUI\SimpleGUI\STM32F767ZITX_FLASH.ld" --specs=nosys.specs -Wl,-Map="SimpleGUI.map" -Wl,--gc-sections -static --specs=nano.specs -mfpu=fpv5-d16 -mfloat-abi=hard -mthumb -Wl,--start-group -lc -lm -Wl,--end-group
Finished building target: SimpleGUI.elf
 
arm-none-eabi-size  SimpleGUI.elf 
arm-none-eabi-objdump -h -S SimpleGUI.elf  > "SimpleGUI.list"
   text	   data	    bss	    dec	    hex	filename
  37316	    468	   4588	  42372	   a584	SimpleGUI.elf
Finished building: default.size.stdout
 
Finished building: SimpleGUI.list
 
14:59:30 **** Incremental Build of configuration Debug for project SimpleGUI ****
make -j16 all 
arm-none-eabi-gcc "../Core/Src/main.c" -mcpu=cortex-m7 -std=gnu11 -g3 -DDEBUG -DUSE_HAL_DRIVER -DSTM32F767xx -c -I../Core/Inc -I../Drivers/STM32F7xx_HAL_Driver/Inc -I../Drivers/STM32F7xx_HAL_Driver/Inc/Legacy -I../Drivers/CMSIS/Device/ST/STM32F7xx/Include -I../Drivers/CMSIS/Include -O0 -ffunction-sections -fdata-sections -Wall -fstack-usage -fcyclomatic-complexity -MMD -MP -MF"Core/Src/main.d" -MT"Core/Src/main.o" --specs=nano.specs -mfpu=fpv5-d16 -mfloat-abi=hard -mthumb -o "Core/Src/main.o"
arm-none-eabi-gcc -o "SimpleGUI.elf" @"objects.list"   -mcpu=cortex-m7 -T"C:\Users\harun\Documents\GitHub\Personal-Projects\microFlipper\SimpleGUI\SimpleGUI\STM32F767ZITX_FLASH.ld" --specs=nosys.specs -Wl,-Map="SimpleGUI.map" -Wl,--gc-sections -static --specs=nano.specs -mfpu=fpv5-d16 -mfloat-abi=hard -mthumb -Wl,--start-group -lc -lm -Wl,--end-group
Finished building target: SimpleGUI.elf
 
arm-none-eabi-size  SimpleGUI.elf 
arm-none-eabi-objdump -h -S SimpleGUI.elf  > "SimpleGUI.list"
   text	   data	    bss	    dec	    hex	filename
  37316	    468	   4588	  42372	   a584	SimpleGUI.elf
Finished building: default.size.stdout
 
Finished building: SimpleGUI.list
 
15:03:08 **** Incremental Build of configuration Debug for project SimpleGUI ****
make -j16 all 
arm-none-eabi-gcc "../Core/Src/main.c" -mcpu=cortex-m7 -std=gnu11 -g3 -DDEBUG -DUSE_HAL_DRIVER -DSTM32F767xx -c -I../Core/Inc -I../Drivers/STM32F7xx_HAL_Driver/Inc -I../Drivers/STM32F7xx_HAL_Driver/Inc/Legacy -I../Drivers/CMSIS/Device/ST/STM32F7xx/Include -I../Drivers/CMSIS/Include -O0 -ffunction-sections -fdata-sections -Wall -fstack-usage -fcyclomatic-complexity -MMD -MP -MF"Core/Src/main.d" -MT"Core/Src/main.o" --specs=nano.specs -mfpu=fpv5-d16 -mfloat-abi=hard -mthumb -o "Core/Src/main.o"
arm-none-eabi-gcc -o "SimpleGUI.elf" @"objects.list"   -mcpu=cortex-m7 -T"C:\Users\harun\Documents\GitHub\Personal-Projects\microFlipper\SimpleGUI\SimpleGUI\STM32F767ZITX_FLASH.ld" --specs=nosys.specs -Wl,-Map="SimpleGUI.map" -Wl,--gc-sections -static --specs=nano.specs -mfpu=fpv5-d16 -mfloat-abi=hard -mthumb -Wl,--start-group -lc -lm -Wl,--end-group
Finished building target: SimpleGUI.elf
 
arm-none-eabi-size  SimpleGUI.elf 
arm-none-eabi-objdump -h -S SimpleGUI.elf  > "SimpleGUI.list"
   text	   data	    bss	    dec	    hex	filename
  37316	    468	   4588	  42372	   a584	SimpleGUI.elf
Finished building: default.size.stdout
 
Finished building: SimpleGUI.list
 
15:03:43 **** Incremental Build of configuration Debug for project SimpleGUI ****
make -j16 all 
arm-none-eabi-size  SimpleGUI.elf 
   text	   data	    bss	    dec	    hex	filename
  37316	    468	   4588	  42372	   a584	SimpleGUI.elf
Finished building: default.size.stdout
 
15:06:39 **** Incremental Build of configuration Debug for project SimpleGUI ****
make -j16 all 
arm-none-eabi-gcc "../Core/Src/GUI.c" -mcpu=cortex-m7 -std=gnu11 -g3 -DDEBUG -DUSE_HAL_DRIVER -DSTM32F767xx -c -I../Core/Inc -I../Drivers/STM32F7xx_HAL_Driver/Inc -I../Drivers/STM32F7xx_HAL_Driver/Inc/Legacy -I../Drivers/CMSIS/Device/ST/STM32F7xx/Include -I../Drivers/CMSIS/Include -O0 -ffunction-sections -fdata-sections -Wall -fstack-usage -fcyclomatic-complexity -MMD -MP -MF"Core/Src/GUI.d" -MT"Core/Src/GUI.o" --specs=nano.specs -mfpu=fpv5-d16 -mfloat-abi=hard -mthumb -o "Core/Src/GUI.o"
arm-none-eabi-gcc "../Core/Src/main.c" -mcpu=cortex-m7 -std=gnu11 -g3 -DDEBUG -DUSE_HAL_DRIVER -DSTM32F767xx -c -I../Core/Inc -I../Drivers/STM32F7xx_HAL_Driver/Inc -I../Drivers/STM32F7xx_HAL_Driver/Inc/Legacy -I../Drivers/CMSIS/Device/ST/STM32F7xx/Include -I../Drivers/CMSIS/Include -O0 -ffunction-sections -fdata-sections -Wall -fstack-usage -fcyclomatic-complexity -MMD -MP -MF"Core/Src/main.d" -MT"Core/Src/main.o" --specs=nano.specs -mfpu=fpv5-d16 -mfloat-abi=hard -mthumb -o "Core/Src/main.o"
arm-none-eabi-gcc -o "SimpleGUI.elf" @"objects.list"   -mcpu=cortex-m7 -T"C:\Users\harun\Documents\GitHub\Personal-Projects\microFlipper\SimpleGUI\SimpleGUI\STM32F767ZITX_FLASH.ld" --specs=nosys.specs -Wl,-Map="SimpleGUI.map" -Wl,--gc-sections -static --specs=nano.specs -mfpu=fpv5-d16 -mfloat-abi=hard -mthumb -Wl,--start-group -lc -lm -Wl,--end-group
Finished building target: SimpleGUI.elf
 
arm-none-eabi-size  SimpleGUI.elf 
arm-none-eabi-objdump -h -S SimpleGUI.elf  > "SimpleGUI.list"
   text	   data	    bss	    dec	    hex	filename
  37304	    468	   4588	  42360	   a578	SimpleGUI.elf
Finished building: default.size.stdout
 
Finished building: SimpleGUI.list
 
16:08:04 **** Incremental Build of configuration Debug for project SimpleGUI ****
make -j16 all 
arm-none-eabi-gcc "../Core/Src/GUI.c" -mcpu=cortex-m7 -std=gnu11 -g3 -DDEBUG -DUSE_HAL_DRIVER -DSTM32F767xx -c -I../Core/Inc -I../Drivers/STM32F7xx_HAL_Driver/Inc -I../Drivers/STM32F7xx_HAL_Driver/Inc/Legacy -I../Drivers/CMSIS/Device/ST/STM32F7xx/Include -I../Drivers/CMSIS/Include -O0 -ffunction-sections -fdata-sections -Wall -fstack-usage -fcyclomatic-complexity -MMD -MP -MF"Core/Src/GUI.d" -MT"Core/Src/GUI.o" --specs=nano.specs -mfpu=fpv5-d16 -mfloat-abi=hard -mthumb -o "Core/Src/GUI.o"
arm-none-eabi-gcc "../Core/Src/main.c" -mcpu=cortex-m7 -std=gnu11 -g3 -DDEBUG -DUSE_HAL_DRIVER -DSTM32F767xx -c -I../Core/Inc -I../Drivers/STM32F7xx_HAL_Driver/Inc -I../Drivers/STM32F7xx_HAL_Driver/Inc/Legacy -I../Drivers/CMSIS/Device/ST/STM32F7xx/Include -I../Drivers/CMSIS/Include -O0 -ffunction-sections -fdata-sections -Wall -fstack-usage -fcyclomatic-complexity -MMD -MP -MF"Core/Src/main.d" -MT"Core/Src/main.o" --specs=nano.specs -mfpu=fpv5-d16 -mfloat-abi=hard -mthumb -o "Core/Src/main.o"
arm-none-eabi-gcc -o "SimpleGUI.elf" @"objects.list"   -mcpu=cortex-m7 -T"C:\Users\harun\Documents\GitHub\Personal-Projects\microFlipper\SimpleGUI\SimpleGUI\STM32F767ZITX_FLASH.ld" --specs=nosys.specs -Wl,-Map="SimpleGUI.map" -Wl,--gc-sections -static --specs=nano.specs -mfpu=fpv5-d16 -mfloat-abi=hard -mthumb -Wl,--start-group -lc -lm -Wl,--end-group
Finished building target: SimpleGUI.elf
 
arm-none-eabi-size  SimpleGUI.elf 
arm-none-eabi-objdump -h -S SimpleGUI.elf  > "SimpleGUI.list"
   text	   data	    bss	    dec	    hex	filename
  37304	    468	   4588	  42360	   a578	SimpleGUI.elf
Finished building: default.size.stdout
 
Finished building: SimpleGUI.list
 
16:13:37 **** Incremental Build of configuration Debug for project SimpleGUI ****
make -j16 all 
arm-none-eabi-gcc "../Core/Src/main.c" -mcpu=cortex-m7 -std=gnu11 -g3 -DDEBUG -DUSE_HAL_DRIVER -DSTM32F767xx -c -I../Core/Inc -I../Drivers/STM32F7xx_HAL_Driver/Inc -I../Drivers/STM32F7xx_HAL_Driver/Inc/Legacy -I../Drivers/CMSIS/Device/ST/STM32F7xx/Include -I../Drivers/CMSIS/Include -O0 -ffunction-sections -fdata-sections -Wall -fstack-usage -fcyclomatic-complexity -MMD -MP -MF"Core/Src/main.d" -MT"Core/Src/main.o" --specs=nano.specs -mfpu=fpv5-d16 -mfloat-abi=hard -mthumb -o "Core/Src/main.o"
arm-none-eabi-gcc -o "SimpleGUI.elf" @"objects.list"   -mcpu=cortex-m7 -T"C:\Users\harun\Documents\GitHub\Personal-Projects\microFlipper\SimpleGUI\SimpleGUI\STM32F767ZITX_FLASH.ld" --specs=nosys.specs -Wl,-Map="SimpleGUI.map" -Wl,--gc-sections -static --specs=nano.specs -mfpu=fpv5-d16 -mfloat-abi=hard -mthumb -Wl,--start-group -lc -lm -Wl,--end-group
Finished building target: SimpleGUI.elf
 
arm-none-eabi-size  SimpleGUI.elf 
arm-none-eabi-objdump -h -S SimpleGUI.elf  > "SimpleGUI.list"
   text	   data	    bss	    dec	    hex	filename
  37304	    468	   4588	  42360	   a578	SimpleGUI.elf
Finished building: default.size.stdout
 
Finished building: SimpleGUI.list
 
16:58:10 **** Incremental Build of configuration Debug for project SimpleGUI ****
make -j16 all 
arm-none-eabi-gcc "../Core/Src/GUI.c" -mcpu=cortex-m7 -std=gnu11 -g3 -DDEBUG -DUSE_HAL_DRIVER -DSTM32F767xx -c -I../Core/Inc -I../Drivers/STM32F7xx_HAL_Driver/Inc -I../Drivers/STM32F7xx_HAL_Driver/Inc/Legacy -I../Drivers/CMSIS/Device/ST/STM32F7xx/Include -I../Drivers/CMSIS/Include -O0 -ffunction-sections -fdata-sections -Wall -fstack-usage -fcyclomatic-complexity -MMD -MP -MF"Core/Src/GUI.d" -MT"Core/Src/GUI.o" --specs=nano.specs -mfpu=fpv5-d16 -mfloat-abi=hard -mthumb -o "Core/Src/GUI.o"
arm-none-eabi-gcc "../Core/Src/main.c" -mcpu=cortex-m7 -std=gnu11 -g3 -DDEBUG -DUSE_HAL_DRIVER -DSTM32F767xx -c -I../Core/Inc -I../Drivers/STM32F7xx_HAL_Driver/Inc -I../Drivers/STM32F7xx_HAL_Driver/Inc/Legacy -I../Drivers/CMSIS/Device/ST/STM32F7xx/Include -I../Drivers/CMSIS/Include -O0 -ffunction-sections -fdata-sections -Wall -fstack-usage -fcyclomatic-complexity -MMD -MP -MF"Core/Src/main.d" -MT"Core/Src/main.o" --specs=nano.specs -mfpu=fpv5-d16 -mfloat-abi=hard -mthumb -o "Core/Src/main.o"
../Core/Src/GUI.c: In function 'handle_Windows':
../Core/Src/GUI.c:101:35: error: 'htim3' undeclared (first use in this function)
  101 |                 window_Idle(u8g2, htim3);
      |                                   ^~~~~
../Core/Src/GUI.c:101:35: note: each undeclared identifier is reported only once for each function it appears in
../Core/Src/GUI.c:101:17: error: too many arguments to function 'window_Idle'
  101 |                 window_Idle(u8g2, htim3);
      |                 ^~~~~~~~~~~
In file included from ../Core/Src/GUI.c:7:
../Core/Inc/GUI.h:40:6: note: declared here
   40 | void window_Idle(u8g2_t* u8g2);
      |      ^~~~~~~~~~~
make: *** [Core/Src/subdir.mk:40: Core/Src/GUI.o] Error 1
make: *** Waiting for unfinished jobs....
"make -j16 all" terminated with exit code 2. Build might be incomplete.
16:58:32 **** Incremental Build of configuration Debug for project SimpleGUI ****
make -j16 all 
arm-none-eabi-gcc "../Core/Src/GUI.c" -mcpu=cortex-m7 -std=gnu11 -g3 -DDEBUG -DUSE_HAL_DRIVER -DSTM32F767xx -c -I../Core/Inc -I../Drivers/STM32F7xx_HAL_Driver/Inc -I../Drivers/STM32F7xx_HAL_Driver/Inc/Legacy -I../Drivers/CMSIS/Device/ST/STM32F7xx/Include -I../Drivers/CMSIS/Include -O0 -ffunction-sections -fdata-sections -Wall -fstack-usage -fcyclomatic-complexity -MMD -MP -MF"Core/Src/GUI.d" -MT"Core/Src/GUI.o" --specs=nano.specs -mfpu=fpv5-d16 -mfloat-abi=hard -mthumb -o "Core/Src/GUI.o"
arm-none-eabi-gcc -o "SimpleGUI.elf" @"objects.list"   -mcpu=cortex-m7 -T"C:\Users\harun\Documents\GitHub\Personal-Projects\microFlipper\SimpleGUI\SimpleGUI\STM32F767ZITX_FLASH.ld" --specs=nosys.specs -Wl,-Map="SimpleGUI.map" -Wl,--gc-sections -static --specs=nano.specs -mfpu=fpv5-d16 -mfloat-abi=hard -mthumb -Wl,--start-group -lc -lm -Wl,--end-group
Finished building target: SimpleGUI.elf
 
arm-none-eabi-size  SimpleGUI.elf 
arm-none-eabi-objdump -h -S SimpleGUI.elf  > "SimpleGUI.list"
   text	   data	    bss	    dec	    hex	filename
  37208	    468	   4588	  42264	   a518	SimpleGUI.elf
Finished building: default.size.stdout
 
Finished building: SimpleGUI.list
 
